2026-09-28 13:55:03 [background-preinit] INFO  o.h.validator.internal.util.Version - HV000001: Hibernate Validator 8.0.3.Final
2026-09-28 13:55:03 [main] INFO  org.dromara.DromaraApplication - Starting DromaraApplication using Java 21.0.10 with PID 35844 (/Users/wkui/Project/profile/project/freelance/projects/jiangxia-organoid/code/RuoYi-Vue-Plus/ruoyi-admin/target/classes started by wkui in /Users/wkui/Project/profile/project/freelance/projects/jiangxia-organoid/code/RuoYi-Vue-Plus/ruoyi-admin)
2026-09-28 13:55:03 [main] INFO  org.dromara.DromaraApplication - The following 1 profile is active: "dev"
2026-09-28 13:55:05 [main] INFO  io.undertow.servlet - Initializing Spring embedded WebApplicationContext
2026-09-28 13:55:05 [main] INFO  c.b.d.d.DynamicRoutingDataSource - dynamic-datasource detect P6SPY plugin and enabled it
2026-09-28 13:55:05 [main] INFO  com.zaxxer.hikari.HikariDataSource - master - Starting...
2026-09-28 13:55:05 [main] INFO  com.zaxxer.hikari.pool.HikariPool - master - Added connection org.postgresql.jdbc.PgConnection@6992a147
2026-09-28 13:55:05 [main] INFO  com.zaxxer.hikari.HikariDataSource - master - Start completed.
2026-09-28 13:55:05 [main] INFO  c.b.d.d.DynamicRoutingDataSource - dynamic-datasource - add a datasource named [master] success
2026-09-28 13:55:05 [main] INFO  c.b.d.d.DynamicRoutingDataSource - dynamic-datasource initial loaded [1] datasource,primary datasource named [master]
2026-09-28 13:55:05 [main] INFO  org.flywaydb.core.FlywayExecutor - Database: jdbc:postgresql://127.0.0.1:5433/lqg_dev?reWriteBatchedInserts=true&stringtype=unspecified (PostgreSQL 16.13)
2026-09-28 13:55:05 [main] INFO  o.f.core.internal.command.DbValidate - Successfully validated 28 migrations (execution time 00:00.020s)
2026-09-28 13:55:05 [main] INFO  o.f.core.internal.command.DbMigrate - Current version of schema "public": 202609284001
2026-09-28 13:55:05 [main] INFO  o.f.core.internal.command.DbMigrate - Schema "public" is up to date. No migration necessary.
2026-09-28 13:55:06 [main] INFO  o.d.common.redis.config.RedisConfig - 初始化 redis 配置
2026-09-28 13:55:06 [main] INFO  org.redisson.Version - Redisson 3.52.0
2026-09-28 13:55:06 [redisson-netty-1-6] INFO  o.r.connection.ConnectionsHolder - 1 connections initialized for 127.0.0.1/127.0.0.1:6380
2026-09-28 13:55:06 [redisson-netty-1-3] INFO  o.r.connection.ConnectionsHolder - 8 connections initialized for 127.0.0.1/127.0.0.1:6380
2026-09-28 13:55:06 [main] INFO  o.d.common.json.config.JacksonConfig - 初始化 jackson 配置
2026-09-28 13:55:06 [main] INFO  o.d.lqg.ocr.provider.StubOcrProvider - 识别测试桩已就绪：5 组用例（ocr-cases.json）
2026-09-28 13:55:06 [main] INFO  c.b.m.e.s.MybatisPlusApplicationContextAware - Register ApplicationContext instances org.springframework.boot.web.servlet.context.AnnotationConfigServletWebServerApplicationContext@515f4131
2026-09-28 13:55:10 [main] INFO  io.undertow - starting server: Undertow - 2.3.22.Final
2026-09-28 13:55:10 [main] INFO  org.xnio - XNIO version 3.8.16.Final
2026-09-28 13:55:10 [main] INFO  org.xnio.nio - XNIO NIO Implementation Version 3.8.16.Final
2026-09-28 13:55:10 [main] INFO  org.jboss.threads - JBoss Threads version 3.7.0.Final
2026-09-28 13:55:10 [main] INFO  org.dromara.DromaraApplication - Started DromaraApplication in 7.698 seconds (process running for 7.839)
2026-09-28 13:55:10 [main] INFO  o.d.c.sse.listener.SseTopicListener - 初始化SSE主题订阅监听器成功
2026-09-28 13:55:10 [main] INFO  o.d.l.o.g.OcrProviderGuardAutoConfiguration - 识别通道已就绪：provider=stub，paid-enabled=false
2026-09-28 13:55:10 [main] INFO  o.d.s.runner.SystemApplicationRunner - 初始化OSS配置成功
2026-09-28 13:55:14 [XNIO-1 task-2] INFO  io.undertow.servlet - Initializing Spring DispatcherServlet 'dispatcherServlet'
2026-09-28 13:55:14 [XNIO-1 task-2] INFO  o.d.c.w.i.PlusWebInvokeTimeInterceptor - [PLUS]开始请求 => URL[GET /resource/sse],参数类型[param],参数:[{"Authorization":["Bearer eyJhbGciOiJIUzI1NiIsInR5cCI6IkpXVCJ9.eyJsb2dpblR5cGUiOiJsb2dpbiIsImxvZ2luSWQiOiJzeXNfdXNlcjo5MDAwMDAwMTAwIiwicm5TdHIiOiIyQ1VQS3V0VTcxc00xVkFrVlVaenBGekVkWFdpM3JjbyIsImNsaWVudGlkIjoiZTVjZDdlNDg5MWJmOTVkMWQxOTIwNmNlMjRhN2IzMmUiLCJ0ZW5hbnRJZCI6IjAwMDAwMCIsInVzZXJJZCI6OTAwMDAwMDEwMCwidXNlck5hbWUiOiJscWdhZG1pbiJ9.XodzTL4jSOKc7zaBIvFj56iPybCR9tsDCjTPhy0YYcU"],"clientid":["e5cd7e4891bf95d1d19206ce24a7b32e"]}]
2026-09-28 13:55:14 [XNIO-1 task-2] INFO  o.d.c.w.i.PlusWebInvokeTimeInterceptor - [PLUS]结束请求 => URL[GET /resource/sse],耗时:[5]毫秒
2026-09-28 13:57:12 [XNIO-1 task-2] INFO  o.d.c.w.i.PlusWebInvokeTimeInterceptor - [PLUS]开始请求 => URL[POST /auth/login],参数类型[json],参数:[{"clientId":"22b2aecd0710671691ec1c07f2542b9d","grantType":"xcx","tenantId":"000000","xcxCode":"******","phoneCode":"******"}]
2026-09-28 13:57:12 [XNIO-1 task-2] INFO  o.d.l.a.service.WxIdentityResolver - mock 登录：key=staff phone=13800000001（仅 dev / test，ADR-0008）
2026-09-28 13:57:12 [async-1] INFO  o.d.s.s.i.SysLogininforServiceImpl - [127.0.0.1]内网IP[lqg_13800000001][Success][Login successful]
2026-09-28 13:57:12 [XNIO-1 task-2] INFO  o.d.web.listener.UserActionListener - user doLogin, userId:sys_user:9000000101, token:eyJhbGciOiJIUzI1NiIsInR5cCI6IkpXVCJ9.eyJsb2dpblR5cGUiOiJsb2dpbiIsImxvZ2luSWQiOiJzeXNfdXNlcjo5MDAwMDAwMTAxIiwicm5TdHIiOiJSZDJza25tRk9Rc1ZpSFpMZXpPMHRmemVBVGxna3o2bSIsImNsaWVudGlkIjoiMjJiMmFlY2QwNzEwNjcxNjkxZWMxYzA3ZjI1NDJiOWQiLCJ1c2VySWQiOjkwMDAwMDAxMDEsInVzZXJOYW1lIjoibHFnXzEzODAwMDAwMDAxIn0.C-bI4GKtoaBRcbOD9BMBuJAs_E0rtrQMOLRqekw60QI
2026-09-28 13:57:12 [XNIO-1 task-2] INFO  o.d.web.listener.UserActionListener - user doLogout, userId:sys_user:9000000101, token:eyJhbGciOiJIUzI1NiIsInR5cCI6IkpXVCJ9.eyJsb2dpblR5cGUiOiJsb2dpbiIsImxvZ2luSWQiOiJzeXNfdXNlcjo5MDAwMDAwMTAxIiwicm5TdHIiOiJVOTE0RDJDcjNXeklwYjFDbUpGb0kzbEtnN2RMM0dsVSIsImNsaWVudGlkIjoiMjJiMmFlY2QwNzEwNjcxNjkxZWMxYzA3ZjI1NDJiOWQiLCJ1c2VySWQiOjkwMDAwMDAxMDEsInVzZXJOYW1lIjoibHFnXzEzODAwMDAwMDAxIn0.YUYTMYzmE97pvJQ3dwbNOLyG_QUqzTXWd2ueqyVLbnY
2026-09-28 13:57:12 [XNIO-1 task-2] INFO  o.d.c.w.i.PlusWebInvokeTimeInterceptor - [PLUS]结束请求 => URL[POST /auth/login],耗时:[267]毫秒
2026-09-28 13:57:12 [XNIO-1 task-2] INFO  o.d.c.w.i.PlusWebInvokeTimeInterceptor - [PLUS]开始请求 => URL[GET /mp/me],参数类型[json],参数:[]
2026-09-28 13:57:12 [XNIO-1 task-2] INFO  o.d.c.w.i.PlusWebInvokeTimeInterceptor - [PLUS]结束请求 => URL[GET /mp/me],耗时:[12]毫秒
2026-09-28 13:57:12 [XNIO-1 task-2] INFO  o.d.c.w.i.PlusWebInvokeTimeInterceptor - [PLUS]开始请求 => URL[GET /lqg/home/todo],参数类型[json],参数:[]
2026-09-28 13:57:12 [XNIO-1 task-2] INFO  o.d.c.w.i.PlusWebInvokeTimeInterceptor - [PLUS]结束请求 => URL[GET /lqg/home/todo],耗时:[30]毫秒
2026-09-28 13:57:14 [XNIO-1 task-3] INFO  o.d.c.w.i.PlusWebInvokeTimeInterceptor - [PLUS]开始请求 => URL[GET /mp/ext/units],参数类型[json],参数:[]
2026-09-28 13:57:14 [XNIO-1 task-2] INFO  o.d.c.w.i.PlusWebInvokeTimeInterceptor - [PLUS]开始请求 => URL[GET /mp/dict/hints],参数类型[json],参数:[]
2026-09-28 13:57:14 [XNIO-1 task-2] INFO  o.d.c.w.i.PlusWebInvokeTimeInterceptor - [PLUS]结束请求 => URL[GET /mp/dict/hints],耗时:[9]毫秒
2026-09-28 13:57:14 [XNIO-1 task-3] INFO  o.d.c.w.i.PlusWebInvokeTimeInterceptor - [PLUS]结束请求 => URL[GET /mp/ext/units],耗时:[37]毫秒
2026-09-28 13:57:17 [schedule-pool-1] INFO  o.d.c.sse.core.SseEmitterManager - SSE发送主题订阅消息topic:global:sse session keys:[9000000101] message:下午好，欢迎登录 RuoYi-Vue-Plus 后台管理系统
2026-09-28 13:57:17 [redisson-3-2] INFO  o.d.c.sse.listener.SseTopicListener - SSE主题订阅收到消息session keys=[9000000101] message=下午好，欢迎登录 RuoYi-Vue-Plus 后台管理系统
2026-09-28 13:58:58 [XNIO-1 task-3] INFO  o.d.c.w.i.PlusWebInvokeTimeInterceptor - [PLUS]开始请求 => URL[POST /auth/login],参数类型[json],参数:[{"clientId":"22b2aecd0710671691ec1c07f2542b9d","grantType":"xcx","tenantId":"000000","xcxCode":"******","phoneCode":"******"}]
2026-09-28 13:58:58 [XNIO-1 task-3] INFO  o.d.l.a.service.WxIdentityResolver - mock 登录：key=staff phone=13800000001（仅 dev / test，ADR-0008）
2026-09-28 13:58:58 [async-2] INFO  o.d.s.s.i.SysLogininforServiceImpl - [127.0.0.1]内网IP[lqg_13800000001][Success][Login successful]
2026-09-28 13:58:58 [XNIO-1 task-3] INFO  o.d.web.listener.UserActionListener - user doLogin, userId:sys_user:9000000101, token:eyJhbGciOiJIUzI1NiIsInR5cCI6IkpXVCJ9.eyJsb2dpblR5cGUiOiJsb2dpbiIsImxvZ2luSWQiOiJzeXNfdXNlcjo5MDAwMDAwMTAxIiwicm5TdHIiOiJFbVhpcDNFOHNWNWNnbmV1Nm5uVkhpVTdURERYcmtaaiIsImNsaWVudGlkIjoiMjJiMmFlY2QwNzEwNjcxNjkxZWMxYzA3ZjI1NDJiOWQiLCJ1c2VySWQiOjkwMDAwMDAxMDEsInVzZXJOYW1lIjoibHFnXzEzODAwMDAwMDAxIn0.9Lyvjch9GvWKR1oKajc7gNb-YLVVddyDjOfcGOjug8M
2026-09-28 13:58:58 [XNIO-1 task-3] INFO  o.d.web.listener.UserActionListener - user doLogout, userId:sys_user:9000000101, token:eyJhbGciOiJIUzI1NiIsInR5cCI6IkpXVCJ9.eyJsb2dpblR5cGUiOiJsb2dpbiIsImxvZ2luSWQiOiJzeXNfdXNlcjo5MDAwMDAwMTAxIiwicm5TdHIiOiJyS05IMUN2dVB5Wms4SHVua0hMRjVWNndlWkJVTjgyciIsImNsaWVudGlkIjoiMjJiMmFlY2QwNzEwNjcxNjkxZWMxYzA3ZjI1NDJiOWQiLCJ1c2VySWQiOjkwMDAwMDAxMDEsInVzZXJOYW1lIjoibHFnXzEzODAwMDAwMDAxIn0.EvPd4kXI7T3XpJHOhHhD13qQj7ZJwIQaa5-1SgioAfA
2026-09-28 13:58:58 [XNIO-1 task-3] INFO  o.d.c.w.i.PlusWebInvokeTimeInterceptor - [PLUS]结束请求 => URL[POST /auth/login],耗时:[93]毫秒
2026-09-28 13:58:59 [XNIO-1 task-3] INFO  o.d.c.w.i.PlusWebInvokeTimeInterceptor - [PLUS]开始请求 => URL[GET /mp/me],参数类型[json],参数:[]
2026-09-28 13:58:59 [XNIO-1 task-3] INFO  o.d.c.w.i.PlusWebInvokeTimeInterceptor - [PLUS]结束请求 => URL[GET /mp/me],耗时:[7]毫秒
2026-09-28 13:58:59 [XNIO-1 task-3] INFO  o.d.c.w.i.PlusWebInvokeTimeInterceptor - [PLUS]开始请求 => URL[GET /lqg/home/todo],参数类型[json],参数:[]
2026-09-28 13:58:59 [XNIO-1 task-3] INFO  o.d.c.w.i.PlusWebInvokeTimeInterceptor - [PLUS]结束请求 => URL[GET /lqg/home/todo],耗时:[24]毫秒
2026-09-28 13:59:04 [schedule-pool-5] INFO  o.d.c.sse.core.SseEmitterManager - SSE发送主题订阅消息topic:global:sse session keys:[9000000101] message:下午好，欢迎登录 RuoYi-Vue-Plus 后台管理系统
2026-09-28 13:59:04 [redisson-3-3] INFO  o.d.c.sse.listener.SseTopicListener - SSE主题订阅收到消息session keys=[9000000101] message=下午好，欢迎登录 RuoYi-Vue-Plus 后台管理系统
2026-09-28 14:01:27 [XNIO-1 task-3] INFO  o.d.c.w.i.PlusWebInvokeTimeInterceptor - [PLUS]开始请求 => URL[GET /lqg/home/todo],参数类型[json],参数:[]
2026-09-28 14:01:27 [XNIO-1 task-3] INFO  o.d.c.w.i.PlusWebInvokeTimeInterceptor - [PLUS]结束请求 => URL[GET /lqg/home/todo],耗时:[19]毫秒
2026-09-28 14:03:18 [redisson-3-4] INFO  o.d.c.sse.listener.SseTopicListener - SSE主题订阅收到消息session keys=[9000000101] message=下午好，欢迎登录 RuoYi-Vue-Plus 后台管理系统
2026-09-28 14:03:24 [redisson-3-1] INFO  o.d.c.sse.listener.SseTopicListener - SSE主题订阅收到消息session keys=[9000000111] message=下午好，欢迎登录 RuoYi-Vue-Plus 后台管理系统
2026-09-28 14:03:29 [redisson-3-2] INFO  o.d.c.sse.listener.SseTopicListener - SSE主题订阅收到消息session keys=[9000000101] message=下午好，欢迎登录 RuoYi-Vue-Plus 后台管理系统
2026-09-28 14:03:45 [redisson-3-3] INFO  o.d.c.sse.listener.SseTopicListener - SSE主题订阅收到消息session keys=[9000000101] message=下午好，欢迎登录 RuoYi-Vue-Plus 后台管理系统
2026-09-28 14:03:50 [redisson-3-4] INFO  o.d.c.sse.listener.SseTopicListener - SSE主题订阅收到消息session keys=[9000000111] message=下午好，欢迎登录 RuoYi-Vue-Plus 后台管理系统
2026-09-28 14:03:56 [redisson-3-1] INFO  o.d.c.sse.listener.SseTopicListener - SSE主题订阅收到消息session keys=[9000000101] message=下午好，欢迎登录 RuoYi-Vue-Plus 后台管理系统
