PASS  WEB-L2-00 侧边栏点「样本总表」进入页面 — url=http://127.0.0.1:8082/sample
PASS  WEB-L2-01 待核验行置顶（前两行 = 1007 / 1002，均为 pending 行样式） — ids=["9000001007","9000001002","9000001003","9000001006","9000001005","9000001004","9000001001","9000001008","9000001009"] cls0=el-table__row lqg-sample__row-pending cls1=el-table__row lqg-sample__row-pending
PASS  WEB-L2-02 第三行起不是待核验样式（没有把整表都涂成 pending） — cls2=el-table__row
PASS  WEB-L2-03 待核验行的底色 = 浅黄 #fcf1da（计算样式） — tr=rgb(252, 241, 218) td=rgba(0, 0, 0, 0)
PASS  WEB-L2-04.1 筛选「来源单位=A 医院」→ 列表 id 集合一致 — got=["9000001001","9000001002","9000001003","9000001004","9000001005","9000001007"] expect=["9000001001","9000001002","9000001003","9000001004","9000001005","9000001007"]
PASS  WEB-L2-04.2 筛选「组别=肝胆外科组（先选来源单位）」→ 列表 id 集合一致 — got=["9000001001","9000001002","9000001003","9000001004","9000001007"] expect=["9000001001","9000001002","9000001003","9000001004","9000001007"]
PASS  WEB-L2-04.3 筛选「样本类别=类器官」→ 列表 id 集合一致 — got=["9000001009"] expect=["9000001009"]
PASS  WEB-L2-04.4 筛选「提交来源=内部」→ 列表 id 集合一致 — got=["9000001008","9000001009"] expect=["9000001008","9000001009"]
PASS  WEB-L2-04.5 筛选「核验状态=待核验」→ 列表 id 集合一致 — got=["9000001002","9000001007"] expect=["9000001002","9000001007"]
PASS  WEB-L2-04.6 筛选「收样日期区间=2026-08-26..2026-09-02」→ 列表 id 集合一致 — got=["9000001004","9000001005"] expect=["9000001004","9000001005"]
PASS  WEB-L2-04.7 筛选「组织类型=肝组织（模糊）」→ 列表 id 集合一致 — got=["9000001001","9000001003","9000001004","9000001007","9000001008"] expect=["9000001001","9000001003","9000001004","9000001007","9000001008"]
PASS  WEB-L2-04.8 筛选「内部编号=T-hli01」→ 列表 id 集合一致 — got=["9000001001"] expect=["9000001001"]
PASS  WEB-L2-04.9 筛选「操作人=李工」→ 列表 id 集合一致 — got=["9000001001","9000001004","9000001005","9000001006","9000001008","9000001009"] expect=["9000001001","9000001004","9000001005","9000001006","9000001008","9000001009"]
PASS  WEB-L2-04.10 筛选「供体姓名=测试供体甲（精确）」→ 列表 id 集合一致 — got=["9000001001"] expect=["9000001001"]
PASS  WEB-L2-04.11 筛选「住院号=ZY0000001（精确）」→ 列表 id 集合一致 — got=["9000001001"] expect=["9000001001"]
PASS  WEB-L2-05 11 种筛选 UI 驱动全部与期望集合一致 — bad=0/11
PASS  WEB-L2-06 组合筛选（A 医院 + 有效 + 外部）→ {1001,1004,1005} — got=["9000001001","9000001004","9000001005"]
PASS  WEB-L2-06a 样本类别下拉有「组织样本 / 类器官」两个选项 — opts=["组织样本","类器官"] dd="组织样本|类器官"
PASS  WEB-L2-06b 字典 key 对照：库里真名 lqg_sample_kind 有「组织样本 / 类器官」2 条（页面已改用真名；sample_kind 这个假名仍为空，只作对照） — probe={"sample_kind":{"code":200,"labels":[]},"lqg_sample_kind":{"code":200,"labels":["组织样本","类器官"]}} (api.sh 另行佐证：GET /lqg/sample/list?sampleKind=organoid → [1009]，后端正常)
PASS  WEB-L2-07 待核验行点「核验」开抽屉，「判为有效并保存」「判为无效」两个出口同时在 — ["核验样本","样本类别","组织样本","核验状态","待核验","外部送来的组织样本：收样日期与内部编号必填，内部编号全库唯一。"]
PASS  WEB-L2-08 出口 A 缺内部编号时被拦（抽屉不关，出现必填提示） — open=1
PASS  WEB-L2-09 出口 A：填内部编号后判有效成功，列表里 1002 变「有效」且不再置顶 — code=200 row="T-l2a01|\t|SJ90000002|\t|A 医院|\t|组织样本|\t|外部|\t|有效|\t|测试供体乙|\t|女|\t|48|\t|ZY0000002|\t|胆管组织|\t|2026-09-20|\t|—|\t|—|\t|—|\t|—|\t|无|\t|王医生|" first=9000001007
PASS  WEB-L2-10 出口 B：原因为空时被拦（弹窗不关） — open=1 text="判为无效的原因\n无效原因\n判无效必须填原因\n判为无效\n取 消"
PASS  WEB-L2-11 出口 B：填原因后判无效成功，列表里 1007 变「无效」 — code=200 row="—|\t|SJ90000007|\t|A 医院|\t|组织样本|\t|外部|\t|无效|\t|测试供体庚|\t|男|\t|52|\t|ZY0000007|\t|肝组织|\t|—|\t|—|\t|—|\t|—|\t|—|\t|—|\t|周医生|\t|肝胆外科组|\t|\t|2026"
PASS  WEB-L2-12 全流程无未捕获前端异常 — []

== D2-r1-L2-web 25/25 通过 ==
SHOTS=/Users/wkui/Project/profile/project/freelance/projects/jiangxia-organoid/doc/waves/regression/D2/shots/L2-web
