PASS  评分页签已接真（不再是占位）且表头/合计都在 — "类器官质量评分 页面上的分值与合计是即时反馈；保存只提交四个档位，落库分值由后端按字典回填。 项目 分档 类器官质量评分 培养前样本评分 <408 分 40~8016 分 >8020 分 8 培养天数 >14d0 分 ≤14d10 分 0 类器官数量（药敏实验实际测得） <1000 分 100~150010 分 15
PASS  四个变量各一组单选 — groups=4
PASS  四个变量的名字是模板/字典原文 — ["培养前样本评分","培养天数","类器官数量（药敏实验实际测得）","类器官直径"]
PASS  ★ 12 个档位文字逐字来自字典 label（<40 / 40~80 / >80 / >14d / ≤14d / 30~100μm …） — <408 分 | 40~8016 分 | >8020 分 | >14d0 分 | ≤14d10 分 | <1000 分 | 100~150010 分 | 1500~400025 分 | >400040 分 | <30μm10 分 | 30~100μm20 分 | >100μm30 分
PASS  ★ 每个档位旁显示该档分值（来自字典 remark，不在前端写死） — <408 分 | 40~8016 分 | >8020 分 | >14d0 分 | ≤14d10 分 | <1000 分 | 100~150010 分 | 1500~400025 分 | >400040 分 | <30μm10 分 | 30~100μm20 分 | >100μm30 分
PASS  初始选中 = seed 的 lt40 / gt14 / lt100 / lt30 — ["<40",">14d","<100","<30μm"]
PASS  ★ 0 分档照显示 0（8 / 0 / 0 / 10），不是 — — ["8","0","0","10"]
PASS  合计 = 18（0 分档照算进合计） — 18
PASS  落库值来自后端回填（18 分那组） — 已落库（后端回填）：8 + 0 + 0 + 10，合计 18
PASS  ★ 页面不出「质量偏差 / 质量中等 / 质量良好」这类结论
PASS  四项齐了之后合计有值（8→? 20? 见下） — 28
PASS  即时反馈：20 / 10 / 25 / 30 → 合计 85 — ["20","10","25","30"] total=85
PASS  保存后即时合计仍是 85 — 85
PASS  ★ 保存后落库值刷新显示（后端回填的 85） — 已落库（后端回填）：20 + 10 + 25 + 30，合计 85
PASS  ★ psql：落库档位 gt80/le14/1500to4000/gt100、分值快照 20/10/25/30、合计 85 — gt80/le14/1500to4000/gt100|20/10/25/30|85
PASS  类器官页签已接真（不再是占位） — "样本观察情况 · 图片 1 上传图片 1-3 张，可拖拽调整顺序、点图放大 形成类器官时间 选日期会填 yyyy-MM-dd；也可以直接手输文字（如「约第 5 天」） 生长状态 类器官生长情况 预计筛药 反馈时间 选日期会填 yyyy-MM-dd；也可以直接手输文字（如「约第 5 天」） 附件 添加附件 还没有附件 
PASS  样本观察情况图片位在位（1 个 ImageSlotUploader，slot=organoid_observe） — imageSlots=1
PASS  五栏文本齐 — ["形成类器官时间","生长状态","类器官生长情况","预计筛药","反馈时间"]
PASS  seed 的自由文本原样灌进表单（第 5 天 / 良好 / 类器官成球规则。/ 索拉非尼、仑伐替尼 / 2026-10-15） — ["第 5 天","良好","类器官成球规则。","索拉非尼、仑伐替尼","2026-10-15"]
PASS  ★ 日期选择器选了 → 文本栏填成 yyyy-MM-dd — 2026-09-01
PASS  ★ 时间栏允许直接手输文字（约第 7 天） — 约第 7 天
PASS  ★ 换页签再回来，未保存的改动还在（v-if→v-show） — 待确认-临时
PASS  ★ psql：五栏文本落库（形成时间 = 手输的「约第 7 天」，其余保留 seed 值） — 约第 7 天|良好|类器官成球规则。|索拉非尼、仑伐替尼|2026-10-15
PASS  ★ psql：1006 的评分行没被这次质控表保存带偏 — gt80/le14/1500to4000/gt100|20/10/25/30|85
PASS  全程无未捕获 JS 异常（seed 假图 404 已排除） — []

25/25 PASS
