===== sample_qc =====
-- 段落（原件 → 渲染）
  原件段落: ['注：合格，活率≥70%；基本合格，50%~70%；不合格，＜50%或活细胞＜1x104。']
  渲染段落: ['注：合格，活率≥70%；基本合格，50%~70%；不合格，＜50%或活细胞＜1x104。']
-- table0: 原件 11x6 → 渲染 11x6
   r1c1: "" -> "P-L2-DIFF"
   r1c3: "" -> "A医院"
   r1c4: "" -> "A医院"
   r1c5: "" -> "A医院"
   r2c1: "" -> "测试供体甲"
   r2c3: "" -> "胃窦"
   r2c5: "" -> "活检"
   r3c1: "" -> "男"
   r3c3: "" -> "L2并排比对探针"
   r3c4: "" -> "L2并排比对探针"
   r3c5: "" -> "L2并排比对探针"
   r5c1: "" -> "2026-08-23"
   r5c3: "" -> "2026-08-2314:20:00"
   r5c5: "" -> "李工"
   r6c1: "" -> "T-hli01"
   r6c3: "表格里嵌了一个文件附件，显示成一个图标，双击就能打开" -> "活率报告.pdf"
   r6c4: "表格里嵌了一个文件附件，显示成一个图标，双击就能打开" -> "活率报告.pdf"
   r6c5: "表格里嵌了一个文件附件，显示成一个图标，双击就能打开" -> "活率报告.pdf"
   r8c1: "要求图片可以放大" -> ""
   r8c2: "要求图片可以放大" -> ""
   r8c3: "要求图片可以放大" -> ""
   r8c4: "" -> "收样原始描述-L2"
   r8c5: "" -> "收样原始描述-L2"
   r9c1: "要求图片可以放大" -> ""
   r9c2: "要求图片可以放大" -> ""
   r9c3: "要求图片可以放大" -> ""
   r9c4: "样本外观呈黄白色。" -> "样本观察描述-L2"
   r9c5: "样本外观呈黄白色。" -> "样本观察描述-L2"
   r10c1: "要求图片可以放大" -> ""
   r10c2: "要求图片可以放大" -> ""
   r10c3: "要求图片可以放大" -> ""
   r10c4: "样本经剪切等预处理，显微镜下观察组织漏出细胞量适中，细胞活性中等；培养3d照片如左图所示。" -> "预处理描述-L2"
   r10c5: "样本经剪切等预处理，显微镜下观察组织漏出细胞量适中，细胞活性中等；培养3d照片如左图所示。" -> "预处理描述-L2"
   页面: 原件 7560310x10692130 边距 1143000/1143000/914400/914400 方向PORTRAIT (0)
         渲染 7560310x10692130 边距 1143000/1143000/914400/914400 方向PORTRAIT (0)
===== organoid_qc =====
-- 段落（原件 → 渲染）
  原件段落: []
  渲染段落: []
-- table0: 原件 7x2 → 渲染 7x2
   r1c1: "要求图片可以放大" -> ""
   r2c1: "" -> "约第7天"
   r3c1: "" -> "生长状态-L2"
   r4c1: "" -> "类器官生长情况-L2"
   r5c1: "" -> "预计筛药-L2"
   r6c1: "" -> "2026-09-20"
   页面: 原件 7560310x10692130 边距 1143000/1143000/914400/914400 方向PORTRAIT (0)
         渲染 7560310x10692130 边距 1143000/1143000/914400/914400 方向PORTRAIT (0)
===== organoid_score =====
-- 段落（原件 → 渲染）
  原件段落: ['注：类器官质量评分≤50表示类器官质量偏差，药敏实验失败风险较大；50~75表示类器官质量中等；≥75表示类器官质量良好。']
  渲染段落: ['注：类器官质量评分≤50表示类器官质量偏差，药敏实验失败风险较大；50~75表示类器官质量中等；≥75表示类器官质量良好。']
-- table0: 原件 14x4 → 渲染 15x4
   r2c3: "" -> "20"
   r3c3: "" -> "20"
   r4c3: "" -> "20"
   r5c3: "" -> "10"
   r6c3: "" -> "10"
   r7c3: "" -> "25"
   r8c3: "" -> "25"
   r9c3: "" -> "25"
   r10c3: "" -> "25"
   r11c3: "" -> "30"
   r12c3: "" -> "30"
   r13c3: "" -> "30"
   [新增行] r14: 合计 |  |  | 85
   页面: 原件 7772400x10058400 边距 1143000/1143000/914400/914400 方向PORTRAIT (0)
         渲染 7772400x10058400 边距 1143000/1143000/914400/914400 方向PORTRAIT (0)
