===== sample_qc: 原件PDF 44 行 / 渲染PDF 38 行 =====
--- 原件
+++ 渲染
@@ -2 +2 @@
-患者编号 来源单位
+患者编号 P-L2-DIFF 来源单位 A 医院
@@ -4 +4 @@
-患者姓名 取样部位
+患者姓名 测试供体甲 取样部位 胃窦 活检
@@ -7 +7 @@
-性别
+性别 男 L2 并排比对探针
@@ -10,6 +10,6 @@
-操作
-收样时间 处理时间
-人
-细胞活率 表格里嵌了一个文件附件，显
-内部编号
-测定 示成一个图标，双击就能打开
+2026-08- 操作
+收样时间 2026-08-23 处理时间 23 李工
+14:20:00 人
+细胞活率
+内部编号 T-hli01 活率报告.pdf
+测定
@@ -20 +20 @@
-要求图片可以放大
+收样原始描述-L2
@@ -25,3 +25,3 @@
-本 样本外观呈黄白
-要求图片可以放大
-观 色。
+本
+观
+样本观察描述-L2
@@ -32 +31,0 @@
-样本经剪切等预处
@@ -34 +32,0 @@
-理，显微镜下观察
@@ -36,3 +34 @@
-组织漏出细胞量适
-处 要求图片可以放大
-中，细胞活性中
+处 预处理描述-L2
@@ -40 +35,0 @@
-等；培养 3d 照片如
@@ -42 +36,0 @@
-左图所示。
===== organoid_qc: 原件PDF 7 行 / 渲染PDF 7 行 =====
--- 原件
+++ 渲染
@@ -2,6 +2,6 @@
-样本观察情况 要求图片可以放大
-形成类器官时间
-生长状态
-类器官生长情况
-预计筛药
-反馈时间
+样本观察情况
+形成类器官时间 约第 7 天
+生长状态 生长状态-L2
+类器官生长情况 类器官生长情况-L2
+预计筛药 预计筛药-L2
+反馈时间 2026-09-20
===== organoid_score: 原件PDF 18 行 / 渲染PDF 20 行 =====
--- 原件
+++ 渲染
@@ -4 +4 @@
-培养前样本评分 40~80 16
+培养前样本评分 40~80 16 20
@@ -7 +7 @@
-培养天数
+培养天数 10
@@ -11,0 +12 @@
+25
@@ -15 +16 @@
-类器官直径 30~100μm 20
+类器官直径 30~100μm 20 30
@@ -16,0 +18 @@
+合计 85
