
> ruoyi-vue-plus@5.5.3-2.5.3 build:prod /Users/wkui/Project/profile/project/freelance/projects/jiangxia-organoid/code/plus-ui
> vite build --mode production

vite v6.4.1 building for production...
transforming...
✓ 3112 modules transformed.
rendering chunks...
computing gzip size...
dist/assets/404_cloud-CPexjtDj.png                                                          4.77 kB
dist/assets/iconfont.1762136085329-D9epzWxu.woff                                            4.86 kB
dist/assets/logo-BCbpRHkf.png                                                               8.13 kB
dist/assets/iconfont.1762136085329-BllfKX1O.ttf                                             8.63 kB
dist/assets/maxkey-BQHOSwiS.svg                                                             9.49 kB │ gzip:   7.20 kB
dist/assets/404-N4aRkdWY.png                                                               98.07 kB
dist/index.html                                                                           113.98 kB │ gzip:  49.60 kB
dist/assets/401-HGF6Q5qM.gif                                                              164.23 kB
dist/assets/profile-ypoSwBLm.jpg                                                          275.35 kB
dist/assets/login-background-B2WH8JPc.jpg                                                 577.78 kB
dist/assets/el-checkbox-group-D_6SYB2i.css                                                  0.05 kB │ gzip:   0.07 kB
dist/assets/index-CUZ2YcK9.css                                                              0.05 kB │ gzip:   0.07 kB
dist/assets/index-DfVRrvV5.css                                                              0.07 kB │ gzip:   0.08 kB
dist/assets/el-radio-group-BzMpJalG.css                                                     0.08 kB │ gzip:   0.09 kB
dist/assets/index-BQGL7VTU.css                                                              0.11 kB │ gzip:   0.09 kB
dist/assets/oper-info-dialog-BneFQ7Gy.css                                                   0.12 kB │ gzip:   0.10 kB
dist/assets/index-Dv_WGVig.css                                                              0.19 kB │ gzip:   0.17 kB
dist/assets/index-BzWT3u37.css                                                              0.24 kB │ gzip:   0.16 kB
dist/assets/leaveEdit-COj8OTzE.css                                                          0.32 kB │ gzip:   0.22 kB
dist/assets/index-y6M7lT2T.css                                                              0.33 kB │ gzip:   0.20 kB
dist/assets/index-C8mloYJF.css                                                              0.40 kB │ gzip:   0.21 kB
dist/assets/index-Cc0b4OPT.css                                                              0.41 kB │ gzip:   0.18 kB
dist/assets/index-Cr83uOQM.css                                                              0.42 kB │ gzip:   0.23 kB
dist/assets/el-row-C6BJsxyy.css                                                             0.49 kB │ gzip:   0.20 kB
dist/assets/el-tree-select-Csemd6fU.css                                                     0.64 kB │ gzip:   0.27 kB
dist/assets/401-BhpHtHN3.css                                                                0.75 kB │ gzip:   0.30 kB
dist/assets/index-DP2Ernkk.css                                                              0.75 kB │ gzip:   0.37 kB
dist/assets/thirdParty-FWcwDvQj.css                                                         0.77 kB │ gzip:   0.46 kB
dist/assets/index-FWA5CAXq.css                                                              0.81 kB │ gzip:   0.30 kB
dist/assets/el-card-CSdhzOsS.css                                                            0.90 kB │ gzip:   0.30 kB
dist/assets/register-CJqch8wQ.css                                                           1.13 kB │ gzip:   0.49 kB
dist/assets/login-DRM_q98L.css                                                              1.20 kB │ gzip:   0.51 kB
dist/assets/el-link-B58a4a3I.css                                                            2.38 kB │ gzip:   0.54 kB
dist/assets/404-juXbQc1s.css                                                                2.85 kB │ gzip:   0.74 kB
dist/assets/index-CWLMG6mP.css                                                              3.06 kB │ gzip:   0.94 kB
dist/assets/el-radio-button-CdDd3TgI.css                                                    3.22 kB │ gzip:   0.77 kB
dist/assets/el-descriptions-item-o9ObloqJ.css                                               3.42 kB │ gzip:   0.60 kB
dist/assets/el-alert-G57rL0jl.css                                                           3.46 kB │ gzip:   0.75 kB
dist/assets/userAvatar-CkpwtFwI.css                                                         3.57 kB │ gzip:   1.11 kB
dist/assets/styles-CP-iIWcC.css                                                             4.12 kB │ gzip:   1.07 kB
dist/assets/SampleDrawer-Dq2g64hh.css                                                       4.19 kB │ gzip:   1.00 kB
dist/assets/el-input-number-Bu7TZO0p.css                                                    4.32 kB │ gzip:   0.91 kB
dist/assets/el-radio-IlYwfDV-.css                                                           4.33 kB │ gzip:   0.92 kB
dist/assets/el-form-item-C8K1804s.css                                                       4.73 kB │ gzip:   0.89 kB
dist/assets/el-text-BYEPGzFo.css                                                            5.96 kB │ gzip:   1.34 kB
dist/assets/el-checkbox-DudHSFcp.css                                                        6.50 kB │ gzip:   1.20 kB
dist/assets/index-DfIV2RX-.css                                                              7.05 kB │ gzip:   1.24 kB
dist/assets/el-progress-CNeM_wF2.css                                                       14.26 kB │ gzip:   2.54 kB
dist/assets/el-tab-pane-DqZ6zn_1.css                                                       14.87 kB │ gzip:   2.25 kB
dist/assets/el-table-column-BD5qFezA.css                                                   18.06 kB │ gzip:   2.85 kB
dist/assets/index-C6zozv8f.css                                                             22.87 kB │ gzip:   3.60 kB
dist/assets/el-date-picker-panel-Dvh5XxGj.css                                              28.44 kB │ gzip:   4.14 kB
dist/assets/el-col-DD1Vn-Yu.css                                                            38.68 kB │ gzip:   3.75 kB
dist/assets/index-JqTPZ4Jz.css                                                            544.14 kB │ gzip:  81.67 kB
dist/assets/maxkey-B6PfcHLz.js                                                              0.06 kB │ gzip:   0.08 kB
dist/assets/index-BpaKvpB0.js                                                               0.16 kB │ gzip:   0.15 kB
dist/assets/resetPwd-C3xY1bR0.js                                                            0.23 kB │ gzip:   0.18 kB
dist/assets/index-BY-O8g4w.js                                                               0.24 kB │ gzip:   0.20 kB
dist/assets/chart-BsLMrzXU.js                                                               0.26 kB │ gzip:   0.21 kB
dist/assets/basicInfoForm-BFTM5oRU.js                                                       0.26 kB │ gzip:   0.20 kB
dist/assets/size-Cj9fB5Rp.js                                                                0.29 kB │ gzip:   0.23 kB
dist/assets/userInfo-Cld43fDe.js                                                            0.32 kB │ gzip:   0.22 kB
dist/assets/caret-back-5mdibKdo.js                                                          0.32 kB │ gzip:   0.25 kB
dist/assets/caret-forward-D90KpvAo.js                                                       0.32 kB │ gzip:   0.25 kB
dist/assets/onlineDevice-Ykf75l36.js                                                        0.33 kB │ gzip:   0.23 kB
dist/assets/index-CD0JkzjK.js                                                               0.35 kB │ gzip:   0.19 kB
dist/assets/index-nIDJ9-zV.js                                                               0.38 kB │ gzip:   0.28 kB
dist/assets/link-C93f4PgI.js                                                                0.38 kB │ gzip:   0.27 kB
dist/assets/importTable-u_sMHp-z.js                                                         0.38 kB │ gzip:   0.25 kB
dist/assets/index-Dww-K8xC.js                                                               0.39 kB │ gzip:   0.29 kB
dist/assets/index-Cztwy4R5.js                                                               0.42 kB │ gzip:   0.21 kB
dist/assets/guide-DZWUPi2j.js                                                               0.42 kB │ gzip:   0.31 kB
dist/assets/selectUser-BzLiBGbp.js                                                          0.43 kB │ gzip:   0.27 kB
dist/assets/money-B1qqPuhn.js                                                               0.43 kB │ gzip:   0.31 kB
dist/assets/index-BpUKRtCu.js                                                               0.44 kB │ gzip:   0.20 kB
dist/assets/genInfoForm-CDnx4SA6.js                                                         0.45 kB │ gzip:   0.27 kB
dist/assets/drag-BG1_I1vT.js                                                                0.45 kB │ gzip:   0.31 kB
dist/assets/email-Dig28Vt2.js                                                               0.48 kB │ gzip:   0.30 kB
dist/assets/documentation-uH9BvL5U.js                                                       0.52 kB │ gzip:   0.35 kB
dist/assets/fullscreen-0JHt5yWX.js                                                          0.55 kB │ gzip:   0.34 kB
dist/assets/excel-D3hj5F35.js                                                               0.56 kB │ gzip:   0.32 kB
dist/assets/user-DqMuW5cU.js                                                                0.57 kB │ gzip:   0.35 kB
dist/assets/lock-Bexeb9hp.js                                                                0.57 kB │ gzip:   0.35 kB
dist/assets/index-DGENWvYr.js                                                               0.58 kB │ gzip:   0.25 kB
dist/assets/index-CZemx3fE.js                                                               0.58 kB │ gzip:   0.36 kB
dist/assets/index-DG1cBcmI.js                                                               0.60 kB │ gzip:   0.24 kB
dist/assets/index-D5kJ8FIg.js                                                               0.61 kB │ gzip:   0.25 kB
dist/assets/index.vue_vue_type_script_setup_true_lang-D0rEqh4B.js                           0.62 kB │ gzip:   0.41 kB
dist/assets/index-Dueiz-wA.js                                                               0.62 kB │ gzip:   0.39 kB
dist/assets/index-_FTzJXFn.js                                                               0.63 kB │ gzip:   0.26 kB
dist/assets/example-CnLLAFb9.js                                                             0.63 kB │ gzip:   0.35 kB
dist/assets/index-DJ_zI5kD.js                                                               0.66 kB │ gzip:   0.25 kB
dist/assets/table-5PRh60AQ.js                                                               0.70 kB │ gzip:   0.25 kB
dist/assets/star-kST8a72V.js                                                                0.71 kB │ gzip:   0.43 kB
dist/assets/slider-BGfehM6X.js                                                              0.73 kB │ gzip:   0.44 kB
dist/assets/education-47KsSYIl.js                                                           0.76 kB │ gzip:   0.46 kB
dist/assets/search-CUfclCsR.js                                                              0.79 kB │ gzip:   0.42 kB
dist/assets/tab-nA3f0aBt.js                                                                 0.80 kB │ gzip:   0.37 kB
dist/assets/index-Dk6LVbSZ.js                                                               0.85 kB │ gzip:   0.33 kB
dist/assets/message-UkR-VIBB.js                                                             0.85 kB │ gzip:   0.39 kB
dist/assets/code-DgJ8cT4a.js                                                                0.88 kB │ gzip:   0.51 kB
dist/assets/theme-CyGq941x.js                                                               0.88 kB │ gzip:   0.48 kB
dist/assets/design-CisAgHbs.js                                                              0.88 kB │ gzip:   0.61 kB
dist/assets/group-D_w0VuXH.js                                                               0.89 kB │ gzip:   0.29 kB
dist/assets/switch-CvaargRJ.js                                                              0.90 kB │ gzip:   0.48 kB
dist/assets/peoples-BRYsIqmI.js                                                             0.91 kB │ gzip:   0.50 kB
dist/assets/el-row-COyJdcpW.js                                                              0.92 kB │ gzip:   0.56 kB
dist/assets/druid-BybW_S_B.js                                                               0.93 kB │ gzip:   0.53 kB
dist/assets/index-CoB3JSnZ.js                                                               0.95 kB │ gzip:   0.32 kB
dist/assets/input-BJoPMnBW.js                                                               0.96 kB │ gzip:   0.52 kB
dist/assets/edit-D0DI9pAq.js                                                                1.00 kB │ gzip:   0.51 kB
dist/assets/nested-B4d5u3hW.js                                                              1.01 kB │ gzip:   0.43 kB
dist/assets/textarea-CJWXlgbJ.js                                                            1.02 kB │ gzip:   0.54 kB
dist/assets/server-unS7EyF7.js                                                              1.02 kB │ gzip:   0.50 kB
dist/assets/row-CRXKIHjm.js                                                                 1.05 kB │ gzip:   0.57 kB
dist/assets/time-BVERp0sU.js                                                                1.05 kB │ gzip:   0.56 kB
dist/assets/workflow-CfALY0mT.js                                                            1.08 kB │ gzip:   0.45 kB
dist/assets/monitor-gwnnVq4l.js                                                             1.09 kB │ gzip:   0.65 kB
dist/assets/el-card-CsrXOVdI.js                                                             1.11 kB │ gzip:   0.57 kB
dist/assets/index-B6hammRe.js                                                               1.11 kB │ gzip:   0.63 kB
dist/assets/tree-table-CnOS99I9.js                                                          1.15 kB │ gzip:   0.46 kB
dist/assets/eye-DqRz4sMZ.js                                                                 1.15 kB │ gzip:   0.59 kB
dist/assets/clipboard-DaV3cn7f.js                                                           1.19 kB │ gzip:   0.57 kB
dist/assets/build-2jMyI6eP.js                                                               1.20 kB │ gzip:   0.61 kB
dist/assets/list-C7O8B4zW.js                                                                1.24 kB │ gzip:   0.44 kB
dist/assets/omit-FxhcWceq.js                                                                1.24 kB │ gzip:   0.70 kB
dist/assets/index-CtFHqT7n.js                                                               1.25 kB │ gzip:   0.41 kB
dist/assets/404-IEybPy9z.js                                                                 1.29 kB │ gzip:   0.77 kB
dist/assets/icon-BtMv6Od8.js                                                                1.29 kB │ gzip:   0.64 kB
dist/assets/401-h_5RiYKr.js                                                                 1.29 kB │ gzip:   0.86 kB
dist/assets/download-DeIzgQWH.js                                                            1.36 kB │ gzip:   0.64 kB
dist/assets/el-col-D5yrigha.js                                                              1.39 kB │ gzip:   0.68 kB
dist/assets/skill-B8f_I4m_.js                                                               1.40 kB │ gzip:   0.71 kB
dist/assets/category-0ZczrG1A.js                                                            1.41 kB │ gzip:   0.56 kB
dist/assets/index-CGejMo_m.js                                                               1.42 kB │ gzip:   0.51 kB
dist/assets/international-CmzG1OHg.js                                                       1.43 kB │ gzip:   0.67 kB
dist/assets/question-CvYWQbyW.js                                                            1.46 kB │ gzip:   0.58 kB
dist/assets/wechat-lmQOcPZu.js                                                              1.46 kB │ gzip:   0.65 kB
dist/assets/people-CdGMHN63.js                                                              1.49 kB │ gzip:   0.69 kB
dist/assets/checkbox-Bpiun3bf.js                                                            1.52 kB │ gzip:   0.68 kB
dist/assets/post-DrLDyPY9.js                                                                1.52 kB │ gzip:   0.68 kB
dist/assets/gitee-DQh54kYf.js                                                               1.53 kB │ gzip:   0.65 kB
dist/assets/language-CaW1LMEk.js                                                            1.55 kB │ gzip:   0.69 kB
dist/assets/eye-open-BxlshWqB.js                                                            1.55 kB │ gzip:   0.74 kB
dist/assets/radio-B0t9wPBQ.js                                                               1.61 kB │ gzip:   0.76 kB
dist/assets/select-DhuHHMxz.js                                                              1.62 kB │ gzip:   0.73 kB
dist/assets/company-DXbSSuVY.js                                                             1.65 kB │ gzip:   0.72 kB
dist/assets/index-q9H6e0yV.js                                                               1.66 kB │ gzip:   0.82 kB
dist/assets/validCode-COB1iLxa.js                                                           1.66 kB │ gzip:   0.87 kB
dist/assets/zip-DIOSZc69.js                                                                 1.66 kB │ gzip:   0.84 kB
dist/assets/el-link-B0fS0_L-.js                                                             1.72 kB │ gzip:   0.88 kB
dist/assets/404-Dy3nURRX.js                                                                 1.73 kB │ gzip:   0.84 kB
dist/assets/upload-BueI-Il1.js                                                              1.75 kB │ gzip:   0.85 kB
dist/assets/model-HCazUHUN.js                                                               1.77 kB │ gzip:   0.77 kB
dist/assets/onlineDevice.vue_vue_type_script_setup_true_name_Online_lang-BI0bY1Em.js        1.81 kB │ gzip:   1.01 kB
dist/assets/phone-BpAUIz0g.js                                                               1.82 kB │ gzip:   0.87 kB
dist/assets/my-copy-Cc4sZdjp.js                                                             1.86 kB │ gzip:   0.90 kB
dist/assets/bug-10dePVta.js                                                                 1.88 kB │ gzip:   0.85 kB
dist/assets/log-CF2F-nSs.js                                                                 1.89 kB │ gzip:   0.96 kB
dist/assets/index-fpR4RmTU.js                                                               1.93 kB │ gzip:   1.02 kB
dist/assets/github-AJ0WQBa2.js                                                              1.96 kB │ gzip:   0.85 kB
dist/assets/pdf-CD9mOGjJ.js                                                                 2.01 kB │ gzip:   1.00 kB
dist/assets/rate-CgnHQvKS.js                                                                2.03 kB │ gzip:   0.97 kB
dist/assets/basicInfoForm.vue_vue_type_script_setup_true_lang-BPBqq_R2.js                   2.06 kB │ gzip:   0.74 kB
dist/assets/job-BcmuINx7.js                                                                 2.11 kB │ gzip:   0.70 kB
dist/assets/el-alert-CCp-70M6.js                                                            2.11 kB │ gzip:   1.01 kB
dist/assets/exit-fullscreen-dXhGKlQm.js                                                     2.13 kB │ gzip:   0.98 kB
dist/assets/swagger-BHGXZ2Jt.js                                                             2.13 kB │ gzip:   0.79 kB
dist/assets/logininfor-Bm9ZYYR7.js                                                          2.16 kB │ gzip:   0.61 kB
dist/assets/tree-BCtS3oPD.js                                                                2.16 kB │ gzip:   0.91 kB
dist/assets/resetPwd.vue_vue_type_script_setup_true_lang-8Z6oN88S.js                        2.18 kB │ gzip:   0.99 kB
dist/assets/password-DfGvqQpB.js                                                            2.19 kB │ gzip:   1.07 kB
dist/assets/userInfo.vue_vue_type_script_setup_true_lang-Bixr9yk-.js                        2.24 kB │ gzip:   1.03 kB
dist/assets/finish-BRuAx7NH.js                                                              2.32 kB │ gzip:   0.86 kB
dist/assets/oper-info-dialog-BXTCXqe-.js                                                    2.36 kB │ gzip:   1.14 kB
dist/assets/date-range-B8MgYLb1.js                                                          2.44 kB │ gzip:   0.83 kB
dist/assets/cascader-CXIOcY1C.js                                                            2.59 kB │ gzip:   0.93 kB
dist/assets/waiting-D_cNzrMI.js                                                             2.61 kB │ gzip:   0.94 kB
dist/assets/process-definition-e9KsNKRB.js                                                  2.68 kB │ gzip:   1.02 kB
dist/assets/shopping-CU1IRvxM.js                                                            2.75 kB │ gzip:   1.16 kB
dist/assets/dashboard-Dy7qt_a2.js                                                           2.80 kB │ gzip:   0.90 kB
dist/assets/button-CW0FARDd.js                                                              2.85 kB │ gzip:   1.18 kB
dist/assets/component-Djp9s69L.js                                                           2.96 kB │ gzip:   1.25 kB
dist/assets/form-BDTA_i-I.js                                                                3.01 kB │ gzip:   1.27 kB
dist/assets/tool-D8kXk1l-.js                                                                3.04 kB │ gzip:   1.16 kB
dist/assets/redis-list-BtKGPnqO.js                                                          3.14 kB │ gzip:   1.37 kB
dist/assets/redis-D4ECyT6a.js                                                               3.22 kB │ gzip:   1.24 kB
dist/assets/time-range-D3dxgtLj.js                                                          3.35 kB │ gzip:   1.40 kB
dist/assets/thirdParty-DBIzbbtL.js                                                          3.42 kB │ gzip:   1.57 kB
dist/assets/dict-Bi_GqSXR.js                                                                3.43 kB │ gzip:   1.46 kB
dist/assets/system-DcNSH_Fq.js                                                              3.44 kB │ gzip:   1.57 kB
dist/assets/my-task-DDkdUS6J.js                                                             3.54 kB │ gzip:   1.24 kB
dist/assets/importTable.vue_vue_type_script_setup_true_lang-DnnEXgBe.js                     3.63 kB │ gzip:   1.67 kB
dist/assets/index-DTL2qg7j.js                                                               3.63 kB │ gzip:   1.55 kB
dist/assets/authRole-DUnI9550.js                                                            3.63 kB │ gzip:   1.77 kB
dist/assets/number-D4hB_nHC.js                                                              3.67 kB │ gzip:   1.69 kB
dist/assets/selectUser.vue_vue_type_script_setup_true_name_SelectUser_lang-DX-NiCGa.js      3.72 kB │ gzip:   1.72 kB
dist/assets/date-B1FSITvi.js                                                                3.72 kB │ gzip:   0.88 kB
dist/assets/topiam-dPXXy8nx.js                                                              3.87 kB │ gzip:   1.48 kB
dist/assets/qq-D8j4O83Y.js                                                                  3.98 kB │ gzip:   1.81 kB
dist/assets/index-DOJ8w71Q.js                                                               4.01 kB │ gzip:   1.80 kB
dist/assets/login-BayHR32E.js                                                               4.07 kB │ gzip:   1.68 kB
dist/assets/online-C2ZP8pdY.js                                                              4.25 kB │ gzip:   1.88 kB
dist/assets/index-D2G-O6or.js                                                               4.27 kB │ gzip:   2.14 kB
dist/assets/taskCopyList-Km-O_XVj.js                                                        4.58 kB │ gzip:   1.91 kB
dist/assets/color-y1Sshoou.js                                                               4.58 kB │ gzip:   1.65 kB
dist/assets/_baseClone-BEIFp63j.js                                                          4.76 kB │ gzip:   1.95 kB
dist/assets/el-descriptions-item-DFdIAaRE.js                                                4.82 kB │ gzip:   1.90 kB
dist/assets/register-BY-FIBW-.js                                                            5.28 kB │ gzip:   2.02 kB
dist/assets/el-radio-gngYKzC_.js                                                            5.38 kB │ gzip:   2.20 kB
dist/assets/authUser-CIY_UBBW.js                                                            5.43 kB │ gzip:   2.35 kB
dist/assets/taskWaiting-BpF2borQ.js                                                         5.71 kB │ gzip:   2.30 kB
dist/assets/el-tree-select-CyH2DshC.js                                                      5.92 kB │ gzip:   2.41 kB
dist/assets/taskFinish-DVy65Ybj.js                                                          5.96 kB │ gzip:   2.30 kB
dist/assets/index-DFIboNKo.js                                                               6.77 kB │ gzip:   2.62 kB
dist/assets/editTable-CnNOLNsv.js                                                           6.92 kB │ gzip:   2.50 kB
dist/assets/el-input-number-B2VOjsVf.js                                                     6.93 kB │ gzip:   2.81 kB
dist/assets/index-D_auK6lq.js                                                               6.96 kB │ gzip:   2.73 kB
dist/assets/index.vue_vue_type_script_setup_true_lang-DV6xPk5U.js                           7.06 kB │ gzip:   3.02 kB
dist/assets/index-BhG8qVmP.js                                                               7.20 kB │ gzip:   2.76 kB
dist/assets/myDocument-ZvfNyace.js                                                          7.22 kB │ gzip:   2.90 kB
dist/assets/index-tOlPHLEu.js                                                               7.51 kB │ gzip:   2.88 kB
dist/assets/index-DmAimmqE.js                                                               7.92 kB │ gzip:   2.81 kB
dist/assets/index-B0mbx79G.js                                                               8.16 kB │ gzip:   3.06 kB
dist/assets/index-m1uoj1mp.js                                                               8.39 kB │ gzip:   3.16 kB
dist/assets/index-B_xb2Z9k.js                                                               8.91 kB │ gzip:   3.43 kB
dist/assets/index-BKvvBiYZ.js                                                               9.08 kB │ gzip:   3.47 kB
dist/assets/genInfoForm.vue_vue_type_script_setup_true_lang-CA1fMJ1K.js                     9.08 kB │ gzip:   2.60 kB
dist/assets/el-checkbox-DCHYhXt2.js                                                         9.43 kB │ gzip:   3.35 kB
dist/assets/index-C-XAGzCl.js                                                               9.54 kB │ gzip:   3.34 kB
dist/assets/data-DV-7sW2D.js                                                                9.71 kB │ gzip:   3.56 kB
dist/assets/index-iftgd_U0.js                                                              10.06 kB │ gzip:   3.64 kB
dist/assets/index-BuP2vIPz.js                                                              10.29 kB │ gzip:   3.59 kB
dist/assets/index-B_iZKSR-.js                                                              10.81 kB │ gzip:   3.08 kB
dist/assets/index-DFaTk8pG.js                                                              11.00 kB │ gzip:   3.76 kB
dist/assets/index-CYtn4_-B.js                                                              11.16 kB │ gzip:   3.17 kB
dist/assets/el-tab-pane-tlZuG70w.js                                                        11.26 kB │ gzip:   4.79 kB
dist/assets/index-CG0Dfti-.js                                                              11.48 kB │ gzip:   3.71 kB
dist/assets/index-BK-9K0cK.js                                                              11.85 kB │ gzip:   3.41 kB
dist/assets/leaveEdit-DWuKbF6p.js                                                          12.05 kB │ gzip:   4.62 kB
dist/assets/config-CIl-Utf_.js                                                             12.65 kB │ gzip:   4.02 kB
dist/assets/index-peWpm1yU.js                                                              12.90 kB │ gzip:   4.36 kB
dist/assets/submitVerify.vue_vue_type_script_setup_true_lang-CoYoH-1y.js                   13.10 kB │ gzip:   3.92 kB
dist/assets/index-CxvOvakl.js                                                              13.21 kB │ gzip:   4.10 kB
dist/assets/index-D9DYiGnc.js                                                              13.74 kB │ gzip:   4.77 kB
dist/assets/allTaskWaiting-BWmdcGvQ.js                                                     15.11 kB │ gzip:   4.92 kB
dist/assets/index-DCNW_rNO.js                                                              15.24 kB │ gzip:   3.68 kB
dist/assets/index-D3f62O8t.js                                                              15.64 kB │ gzip:   5.08 kB
dist/assets/index-DzBRJdIW.js                                                              16.75 kB │ gzip:   5.59 kB
dist/assets/el-progress-2b5mB9Aj.js                                                        17.33 kB │ gzip:   6.24 kB
dist/assets/SampleDrawer-D--C0aM5.js                                                       18.43 kB │ gzip:   4.65 kB
dist/assets/index-liUJURyF.js                                                              20.47 kB │ gzip:   6.95 kB
dist/assets/index-CI4xF8KU.js                                                              25.95 kB │ gzip:   7.65 kB
dist/assets/styles-BvZJ9Arg.js                                                             26.25 kB │ gzip:   8.94 kB
dist/assets/el-form-item-DTmvevHX.js                                                       26.87 kB │ gzip:   9.40 kB
dist/assets/el-text-k9Iyu0-m.js                                                            28.88 kB │ gzip:   9.53 kB
dist/assets/index-Clv3m8lE.js                                                              32.48 kB │ gzip:  11.78 kB
dist/assets/userAvatar-BNHeDtro.js                                                         34.44 kB │ gzip:   9.84 kB
dist/assets/el-table-column--NDYstyb.js                                                    75.43 kB │ gzip:  26.09 kB
dist/assets/el-date-picker-panel-hu5VTgVE.js                                               96.88 kB │ gzip:  28.60 kB
dist/assets/index-xb8ihbIj.js                                                             268.40 kB │ gzip:  72.87 kB
dist/assets/index-D10xRVAm.js                                                           1,042.16 kB │ gzip: 345.28 kB
dist/assets/index-DjWMINI6.js                                                           1,680.95 kB │ gzip: 563.61 kB

(!) Some chunks are larger than 500 kB after minification. Consider:
- Using dynamic import() to code-split the application
- Use build.rollupOptions.output.manualChunks to improve chunking: https://rollupjs.org/configuration-options/#output-manualchunks
- Adjust chunk size limit for this warning via build.chunkSizeWarningLimit.
✓ built in 7.55s

✨ [vite-plugin-compression]:algorithm=gzip - compressed file successfully: 
dist//Users/wkui/Project/profile/project/freelance/projects/jiangxia-organoid/code/plus-ui/assets/401-h_5RiYKr.js.gz                                                              1.26kb / gzip: 0.84kb
dist//Users/wkui/Project/profile/project/freelance/projects/jiangxia-organoid/code/plus-ui/assets/404-juXbQc1s.css.gz                                                             2.79kb / gzip: 0.72kb
dist//Users/wkui/Project/profile/project/freelance/projects/jiangxia-organoid/code/plus-ui/assets/SampleDrawer-Dq2g64hh.css.gz                                                    4.09kb / gzip: 0.98kb
dist//Users/wkui/Project/profile/project/freelance/projects/jiangxia-organoid/code/plus-ui/assets/404-Dy3nURRX.js.gz                                                              1.69kb / gzip: 0.82kb
dist//Users/wkui/Project/profile/project/freelance/projects/jiangxia-organoid/code/plus-ui/assets/authRole-DUnI9550.js.gz                                                         3.55kb / gzip: 1.73kb
dist//Users/wkui/Project/profile/project/freelance/projects/jiangxia-organoid/code/plus-ui/assets/_baseClone-BEIFp63j.js.gz                                                       4.65kb / gzip: 1.90kb
dist//Users/wkui/Project/profile/project/freelance/projects/jiangxia-organoid/code/plus-ui/assets/basicInfoForm.vue_vue_type_script_setup_true_lang-BPBqq_R2.js.gz                2.01kb / gzip: 0.72kb
dist//Users/wkui/Project/profile/project/freelance/projects/jiangxia-organoid/code/plus-ui/assets/404-IEybPy9z.js.gz                                                              1.26kb / gzip: 0.75kb
dist//Users/wkui/Project/profile/project/freelance/projects/jiangxia-organoid/code/plus-ui/assets/authUser-CIY_UBBW.js.gz                                                         5.30kb / gzip: 2.30kb
dist//Users/wkui/Project/profile/project/freelance/projects/jiangxia-organoid/code/plus-ui/assets/bug-10dePVta.js.gz                                                              1.83kb / gzip: 0.83kb
dist//Users/wkui/Project/profile/project/freelance/projects/jiangxia-organoid/code/plus-ui/assets/button-CW0FARDd.js.gz                                                           2.78kb / gzip: 1.15kb
dist//Users/wkui/Project/profile/project/freelance/projects/jiangxia-organoid/code/plus-ui/assets/SampleDrawer-D--C0aM5.js.gz                                                     18.00kb / gzip: 4.53kb
dist//Users/wkui/Project/profile/project/freelance/projects/jiangxia-organoid/code/plus-ui/assets/clipboard-DaV3cn7f.js.gz                                                        1.17kb / gzip: 0.55kb
dist//Users/wkui/Project/profile/project/freelance/projects/jiangxia-organoid/code/plus-ui/assets/cascader-CXIOcY1C.js.gz                                                         2.53kb / gzip: 0.91kb
dist//Users/wkui/Project/profile/project/freelance/projects/jiangxia-organoid/code/plus-ui/assets/category-0ZczrG1A.js.gz                                                         1.38kb / gzip: 0.55kb
dist//Users/wkui/Project/profile/project/freelance/projects/jiangxia-organoid/code/plus-ui/assets/checkbox-Bpiun3bf.js.gz                                                         1.48kb / gzip: 0.67kb
dist//Users/wkui/Project/profile/project/freelance/projects/jiangxia-organoid/code/plus-ui/assets/color-y1Sshoou.js.gz                                                            4.47kb / gzip: 1.61kb
dist//Users/wkui/Project/profile/project/freelance/projects/jiangxia-organoid/code/plus-ui/assets/company-DXbSSuVY.js.gz                                                          1.61kb / gzip: 0.70kb
dist//Users/wkui/Project/profile/project/freelance/projects/jiangxia-organoid/code/plus-ui/assets/build-2jMyI6eP.js.gz                                                            1.17kb / gzip: 0.59kb
dist//Users/wkui/Project/profile/project/freelance/projects/jiangxia-organoid/code/plus-ui/assets/date-B1FSITvi.js.gz                                                             3.63kb / gzip: 0.86kb
dist//Users/wkui/Project/profile/project/freelance/projects/jiangxia-organoid/code/plus-ui/assets/dashboard-Dy7qt_a2.js.gz                                                        2.73kb / gzip: 0.88kb
dist//Users/wkui/Project/profile/project/freelance/projects/jiangxia-organoid/code/plus-ui/assets/component-Djp9s69L.js.gz                                                        2.89kb / gzip: 1.22kb
dist//Users/wkui/Project/profile/project/freelance/projects/jiangxia-organoid/code/plus-ui/assets/el-alert-CCp-70M6.js.gz                                                         2.06kb / gzip: 0.99kb
dist//Users/wkui/Project/profile/project/freelance/projects/jiangxia-organoid/code/plus-ui/assets/data-DV-7sW2D.js.gz                                                             9.48kb / gzip: 3.48kb
dist//Users/wkui/Project/profile/project/freelance/projects/jiangxia-organoid/code/plus-ui/assets/el-card-CsrXOVdI.js.gz                                                          1.08kb / gzip: 0.55kb
dist//Users/wkui/Project/profile/project/freelance/projects/jiangxia-organoid/code/plus-ui/assets/download-DeIzgQWH.js.gz                                                         1.32kb / gzip: 0.62kb
dist//Users/wkui/Project/profile/project/freelance/projects/jiangxia-organoid/code/plus-ui/assets/editTable-CnNOLNsv.js.gz                                                        6.76kb / gzip: 2.44kb
dist//Users/wkui/Project/profile/project/freelance/projects/jiangxia-organoid/code/plus-ui/assets/config-CIl-Utf_.js.gz                                                           12.36kb / gzip: 3.92kb
dist//Users/wkui/Project/profile/project/freelance/projects/jiangxia-organoid/code/plus-ui/assets/el-alert-G57rL0jl.css.gz                                                        3.38kb / gzip: 0.73kb
dist//Users/wkui/Project/profile/project/freelance/projects/jiangxia-organoid/code/plus-ui/assets/date-range-B8MgYLb1.js.gz                                                       2.38kb / gzip: 0.81kb
dist//Users/wkui/Project/profile/project/freelance/projects/jiangxia-organoid/code/plus-ui/assets/el-col-D5yrigha.js.gz                                                           1.36kb / gzip: 0.67kb
dist//Users/wkui/Project/profile/project/freelance/projects/jiangxia-organoid/code/plus-ui/assets/el-checkbox-DCHYhXt2.js.gz                                                      9.21kb / gzip: 3.28kb
dist//Users/wkui/Project/profile/project/freelance/projects/jiangxia-organoid/code/plus-ui/assets/allTaskWaiting-BWmdcGvQ.js.gz                                                   14.76kb / gzip: 4.80kb
dist//Users/wkui/Project/profile/project/freelance/projects/jiangxia-organoid/code/plus-ui/assets/dict-Bi_GqSXR.js.gz                                                             3.35kb / gzip: 1.42kb
dist//Users/wkui/Project/profile/project/freelance/projects/jiangxia-organoid/code/plus-ui/assets/el-descriptions-item-DFdIAaRE.js.gz                                             4.70kb / gzip: 1.86kb
dist//Users/wkui/Project/profile/project/freelance/projects/jiangxia-organoid/code/plus-ui/assets/el-form-item-C8K1804s.css.gz                                                    4.62kb / gzip: 0.85kb
dist//Users/wkui/Project/profile/project/freelance/projects/jiangxia-organoid/code/plus-ui/assets/el-input-number-Bu7TZO0p.css.gz                                                 4.21kb / gzip: 0.88kb
dist//Users/wkui/Project/profile/project/freelance/projects/jiangxia-organoid/code/plus-ui/assets/el-descriptions-item-o9ObloqJ.css.gz                                            3.34kb / gzip: 0.58kb
dist//Users/wkui/Project/profile/project/freelance/projects/jiangxia-organoid/code/plus-ui/assets/el-col-DD1Vn-Yu.css.gz                                                          37.77kb / gzip: 3.59kb
dist//Users/wkui/Project/profile/project/freelance/projects/jiangxia-organoid/code/plus-ui/assets/el-date-picker-panel-Dvh5XxGj.css.gz                                            27.77kb / gzip: 4.01kb
dist//Users/wkui/Project/profile/project/freelance/projects/jiangxia-organoid/code/plus-ui/assets/el-radio-IlYwfDV-.css.gz                                                        4.22kb / gzip: 0.89kb
dist//Users/wkui/Project/profile/project/freelance/projects/jiangxia-organoid/code/plus-ui/assets/el-input-number-B2VOjsVf.js.gz                                                  6.76kb / gzip: 2.74kb
dist//Users/wkui/Project/profile/project/freelance/projects/jiangxia-organoid/code/plus-ui/assets/el-radio-button-CdDd3TgI.css.gz                                                 3.15kb / gzip: 0.75kb
dist//Users/wkui/Project/profile/project/freelance/projects/jiangxia-organoid/code/plus-ui/assets/el-link-B0fS0_L-.js.gz                                                          1.68kb / gzip: 0.86kb
dist//Users/wkui/Project/profile/project/freelance/projects/jiangxia-organoid/code/plus-ui/assets/el-form-item-DTmvevHX.js.gz                                                     26.24kb / gzip: 9.18kb
dist//Users/wkui/Project/profile/project/freelance/projects/jiangxia-organoid/code/plus-ui/assets/el-link-B58a4a3I.css.gz                                                         2.33kb / gzip: 0.53kb
dist//Users/wkui/Project/profile/project/freelance/projects/jiangxia-organoid/code/plus-ui/assets/el-progress-CNeM_wF2.css.gz                                                     13.92kb / gzip: 2.46kb
dist//Users/wkui/Project/profile/project/freelance/projects/jiangxia-organoid/code/plus-ui/assets/el-radio-gngYKzC_.js.gz                                                         5.25kb / gzip: 2.14kb
dist//Users/wkui/Project/profile/project/freelance/projects/jiangxia-organoid/code/plus-ui/assets/el-progress-2b5mB9Aj.js.gz                                                      16.92kb / gzip: 6.10kb
dist//Users/wkui/Project/profile/project/freelance/projects/jiangxia-organoid/code/plus-ui/assets/el-checkbox-DudHSFcp.css.gz                                                     6.35kb / gzip: 1.17kb
dist//Users/wkui/Project/profile/project/freelance/projects/jiangxia-organoid/code/plus-ui/assets/el-tab-pane-DqZ6zn_1.css.gz                                                     14.52kb / gzip: 2.18kb
dist//Users/wkui/Project/profile/project/freelance/projects/jiangxia-organoid/code/plus-ui/assets/el-tree-select-CyH2DshC.js.gz                                                   5.79kb / gzip: 2.35kb
dist//Users/wkui/Project/profile/project/freelance/projects/jiangxia-organoid/code/plus-ui/assets/el-tab-pane-tlZuG70w.js.gz                                                      11.00kb / gzip: 4.68kb
dist//Users/wkui/Project/profile/project/freelance/projects/jiangxia-organoid/code/plus-ui/assets/form-BDTA_i-I.js.gz                                                             2.94kb / gzip: 1.24kb
dist//Users/wkui/Project/profile/project/freelance/projects/jiangxia-organoid/code/plus-ui/assets/eye-DqRz4sMZ.js.gz                                                              1.12kb / gzip: 0.58kb
dist//Users/wkui/Project/profile/project/freelance/projects/jiangxia-organoid/code/plus-ui/assets/finish-BRuAx7NH.js.gz                                                           2.26kb / gzip: 0.84kb
dist//Users/wkui/Project/profile/project/freelance/projects/jiangxia-organoid/code/plus-ui/assets/el-table-column-BD5qFezA.css.gz                                                 17.64kb / gzip: 2.76kb
dist//Users/wkui/Project/profile/project/freelance/projects/jiangxia-organoid/code/plus-ui/assets/eye-open-BxlshWqB.js.gz                                                         1.51kb / gzip: 0.72kb
dist//Users/wkui/Project/profile/project/freelance/projects/jiangxia-organoid/code/plus-ui/assets/exit-fullscreen-dXhGKlQm.js.gz                                                  2.08kb / gzip: 0.96kb
dist//Users/wkui/Project/profile/project/freelance/projects/jiangxia-organoid/code/plus-ui/assets/genInfoForm.vue_vue_type_script_setup_true_lang-CA1fMJ1K.js.gz                  8.87kb / gzip: 2.54kb
dist//Users/wkui/Project/profile/project/freelance/projects/jiangxia-organoid/code/plus-ui/assets/github-AJ0WQBa2.js.gz                                                           1.91kb / gzip: 0.83kb
dist//Users/wkui/Project/profile/project/freelance/projects/jiangxia-organoid/code/plus-ui/assets/icon-BtMv6Od8.js.gz                                                             1.26kb / gzip: 0.62kb
dist//Users/wkui/Project/profile/project/freelance/projects/jiangxia-organoid/code/plus-ui/assets/gitee-DQh54kYf.js.gz                                                            1.49kb / gzip: 0.63kb
dist//Users/wkui/Project/profile/project/freelance/projects/jiangxia-organoid/code/plus-ui/assets/el-text-BYEPGzFo.css.gz                                                         5.82kb / gzip: 1.30kb
dist//Users/wkui/Project/profile/project/freelance/projects/jiangxia-organoid/code/plus-ui/assets/index-B6hammRe.js.gz                                                            1.08kb / gzip: 0.62kb
dist//Users/wkui/Project/profile/project/freelance/projects/jiangxia-organoid/code/plus-ui/assets/importTable.vue_vue_type_script_setup_true_lang-DnnEXgBe.js.gz                  3.55kb / gzip: 1.63kb
dist//Users/wkui/Project/profile/project/freelance/projects/jiangxia-organoid/code/plus-ui/assets/index-BK-9K0cK.js.gz                                                            11.57kb / gzip: 3.32kb
dist//Users/wkui/Project/profile/project/freelance/projects/jiangxia-organoid/code/plus-ui/assets/index-BKvvBiYZ.js.gz                                                            8.86kb / gzip: 3.38kb
dist//Users/wkui/Project/profile/project/freelance/projects/jiangxia-organoid/code/plus-ui/assets/index-B0mbx79G.js.gz                                                            7.96kb / gzip: 2.99kb
dist//Users/wkui/Project/profile/project/freelance/projects/jiangxia-organoid/code/plus-ui/assets/index-B_iZKSR-.js.gz                                                            10.55kb / gzip: 3.00kb
dist//Users/wkui/Project/profile/project/freelance/projects/jiangxia-organoid/code/plus-ui/assets/index-BhG8qVmP.js.gz                                                            7.03kb / gzip: 2.69kb
dist//Users/wkui/Project/profile/project/freelance/projects/jiangxia-organoid/code/plus-ui/assets/index-C-XAGzCl.js.gz                                                            9.32kb / gzip: 3.26kb
dist//Users/wkui/Project/profile/project/freelance/projects/jiangxia-organoid/code/plus-ui/assets/index-B_xb2Z9k.js.gz                                                            8.70kb / gzip: 3.34kb
dist//Users/wkui/Project/profile/project/freelance/projects/jiangxia-organoid/code/plus-ui/assets/el-text-k9Iyu0-m.js.gz                                                          28.21kb / gzip: 9.30kb
dist//Users/wkui/Project/profile/project/freelance/projects/jiangxia-organoid/code/plus-ui/assets/index-BuP2vIPz.js.gz                                                            10.05kb / gzip: 3.50kb
dist//Users/wkui/Project/profile/project/freelance/projects/jiangxia-organoid/code/plus-ui/assets/index-CG0Dfti-.js.gz                                                            11.21kb / gzip: 3.62kb
dist//Users/wkui/Project/profile/project/freelance/projects/jiangxia-organoid/code/plus-ui/assets/index-CGejMo_m.js.gz                                                            1.38kb / gzip: 0.50kb
dist//Users/wkui/Project/profile/project/freelance/projects/jiangxia-organoid/code/plus-ui/assets/index-CtFHqT7n.js.gz                                                            1.22kb / gzip: 0.40kb
dist//Users/wkui/Project/profile/project/freelance/projects/jiangxia-organoid/code/plus-ui/assets/index-CYtn4_-B.js.gz                                                            10.90kb / gzip: 3.09kb
dist//Users/wkui/Project/profile/project/freelance/projects/jiangxia-organoid/code/plus-ui/assets/index-CxvOvakl.js.gz                                                            12.90kb / gzip: 4.00kb
dist//Users/wkui/Project/profile/project/freelance/projects/jiangxia-organoid/code/plus-ui/assets/index-CI4xF8KU.js.gz                                                            25.34kb / gzip: 7.45kb
dist//Users/wkui/Project/profile/project/freelance/projects/jiangxia-organoid/code/plus-ui/assets/index-C6zozv8f.css.gz                                                           22.34kb / gzip: 3.49kb
dist//Users/wkui/Project/profile/project/freelance/projects/jiangxia-organoid/code/plus-ui/assets/index-DCNW_rNO.js.gz                                                            14.89kb / gzip: 3.58kb
dist//Users/wkui/Project/profile/project/freelance/projects/jiangxia-organoid/code/plus-ui/assets/index-D3f62O8t.js.gz                                                            15.28kb / gzip: 4.96kb
dist//Users/wkui/Project/profile/project/freelance/projects/jiangxia-organoid/code/plus-ui/assets/index-D2G-O6or.js.gz                                                            4.17kb / gzip: 2.09kb
dist//Users/wkui/Project/profile/project/freelance/projects/jiangxia-organoid/code/plus-ui/assets/index-DTL2qg7j.js.gz                                                            3.55kb / gzip: 1.51kb
dist//Users/wkui/Project/profile/project/freelance/projects/jiangxia-organoid/code/plus-ui/assets/index-DOJ8w71Q.js.gz                                                            3.91kb / gzip: 1.75kb
dist//Users/wkui/Project/profile/project/freelance/projects/jiangxia-organoid/code/plus-ui/assets/index-DFaTk8pG.js.gz                                                            10.74kb / gzip: 3.66kb
dist//Users/wkui/Project/profile/project/freelance/projects/jiangxia-organoid/code/plus-ui/assets/index-DFIboNKo.js.gz                                                            6.61kb / gzip: 2.56kb
dist//Users/wkui/Project/profile/project/freelance/projects/jiangxia-organoid/code/plus-ui/assets/index-DfIV2RX-.css.gz                                                           6.89kb / gzip: 1.21kb
dist//Users/wkui/Project/profile/project/freelance/projects/jiangxia-organoid/code/plus-ui/assets/index-D9DYiGnc.js.gz                                                            13.41kb / gzip: 4.66kb
dist//Users/wkui/Project/profile/project/freelance/projects/jiangxia-organoid/code/plus-ui/assets/index-CWLMG6mP.css.gz                                                           2.99kb / gzip: 0.92kb
dist//Users/wkui/Project/profile/project/freelance/projects/jiangxia-organoid/code/plus-ui/assets/index-D_auK6lq.js.gz                                                            6.80kb / gzip: 2.66kb
dist//Users/wkui/Project/profile/project/freelance/projects/jiangxia-organoid/code/plus-ui/assets/index-DmAimmqE.js.gz                                                            7.74kb / gzip: 2.74kb
dist//Users/wkui/Project/profile/project/freelance/projects/jiangxia-organoid/code/plus-ui/assets/index-iftgd_U0.js.gz                                                            9.82kb / gzip: 3.55kb
dist//Users/wkui/Project/profile/project/freelance/projects/jiangxia-organoid/code/plus-ui/assets/index-DzBRJdIW.js.gz                                                            16.35kb / gzip: 5.45kb
dist//Users/wkui/Project/profile/project/freelance/projects/jiangxia-organoid/code/plus-ui/assets/index-Clv3m8lE.js.gz                                                            31.72kb / gzip: 11.50kb
dist//Users/wkui/Project/profile/project/freelance/projects/jiangxia-organoid/code/plus-ui/assets/index-m1uoj1mp.js.gz                                                            8.19kb / gzip: 3.08kb
dist//Users/wkui/Project/profile/project/freelance/projects/jiangxia-organoid/code/plus-ui/assets/index-fpR4RmTU.js.gz                                                            1.88kb / gzip: 0.99kb
dist//Users/wkui/Project/profile/project/freelance/projects/jiangxia-organoid/code/plus-ui/assets/index-q9H6e0yV.js.gz                                                            1.62kb / gzip: 0.80kb
dist//Users/wkui/Project/profile/project/freelance/projects/jiangxia-organoid/code/plus-ui/assets/index-peWpm1yU.js.gz                                                            12.60kb / gzip: 4.25kb
dist//Users/wkui/Project/profile/project/freelance/projects/jiangxia-organoid/code/plus-ui/assets/index-liUJURyF.js.gz                                                            19.99kb / gzip: 6.77kb
dist//Users/wkui/Project/profile/project/freelance/projects/jiangxia-organoid/code/plus-ui/assets/language-CaW1LMEk.js.gz                                                         1.51kb / gzip: 0.68kb
dist//Users/wkui/Project/profile/project/freelance/projects/jiangxia-organoid/code/plus-ui/assets/index-tOlPHLEu.js.gz                                                            7.33kb / gzip: 2.81kb
dist//Users/wkui/Project/profile/project/freelance/projects/jiangxia-organoid/code/plus-ui/assets/job-BcmuINx7.js.gz                                                              2.06kb / gzip: 0.68kb
dist//Users/wkui/Project/profile/project/freelance/projects/jiangxia-organoid/code/plus-ui/assets/login-DRM_q98L.css.gz                                                           1.17kb / gzip: 0.50kb
dist//Users/wkui/Project/profile/project/freelance/projects/jiangxia-organoid/code/plus-ui/assets/index.vue_vue_type_script_setup_true_lang-DV6xPk5U.js.gz                        6.89kb / gzip: 2.94kb
dist//Users/wkui/Project/profile/project/freelance/projects/jiangxia-organoid/code/plus-ui/assets/list-C7O8B4zW.js.gz                                                             1.21kb / gzip: 0.43kb
dist//Users/wkui/Project/profile/project/freelance/projects/jiangxia-organoid/code/plus-ui/assets/international-CmzG1OHg.js.gz                                                    1.40kb / gzip: 0.66kb
dist//Users/wkui/Project/profile/project/freelance/projects/jiangxia-organoid/code/plus-ui/assets/logininfor-Bm9ZYYR7.js.gz                                                       2.11kb / gzip: 0.59kb
dist//Users/wkui/Project/profile/project/freelance/projects/jiangxia-organoid/code/plus-ui/assets/log-CF2F-nSs.js.gz                                                              1.85kb / gzip: 0.93kb
dist//Users/wkui/Project/profile/project/freelance/projects/jiangxia-organoid/code/plus-ui/assets/model-HCazUHUN.js.gz                                                            1.73kb / gzip: 0.75kb
dist//Users/wkui/Project/profile/project/freelance/projects/jiangxia-organoid/code/plus-ui/assets/my-copy-Cc4sZdjp.js.gz                                                          1.82kb / gzip: 0.88kb
dist//Users/wkui/Project/profile/project/freelance/projects/jiangxia-organoid/code/plus-ui/assets/my-task-DDkdUS6J.js.gz                                                          3.46kb / gzip: 1.21kb
dist//Users/wkui/Project/profile/project/freelance/projects/jiangxia-organoid/code/plus-ui/assets/login-BayHR32E.js.gz                                                            3.97kb / gzip: 1.64kb
dist//Users/wkui/Project/profile/project/freelance/projects/jiangxia-organoid/code/plus-ui/assets/leaveEdit-DWuKbF6p.js.gz                                                        11.77kb / gzip: 4.51kb
dist//Users/wkui/Project/profile/project/freelance/projects/jiangxia-organoid/code/plus-ui/assets/monitor-gwnnVq4l.js.gz                                                          1.07kb / gzip: 0.64kb
dist//Users/wkui/Project/profile/project/freelance/projects/jiangxia-organoid/code/plus-ui/assets/omit-FxhcWceq.js.gz                                                             1.21kb / gzip: 0.69kb
dist//Users/wkui/Project/profile/project/freelance/projects/jiangxia-organoid/code/plus-ui/assets/online-C2ZP8pdY.js.gz                                                           4.15kb / gzip: 1.84kb
dist//Users/wkui/Project/profile/project/freelance/projects/jiangxia-organoid/code/plus-ui/assets/number-D4hB_nHC.js.gz                                                           3.59kb / gzip: 1.65kb
dist//Users/wkui/Project/profile/project/freelance/projects/jiangxia-organoid/code/plus-ui/assets/oper-info-dialog-BXTCXqe-.js.gz                                                 2.30kb / gzip: 1.11kb
dist//Users/wkui/Project/profile/project/freelance/projects/jiangxia-organoid/code/plus-ui/assets/pdf-CD9mOGjJ.js.gz                                                              1.96kb / gzip: 0.98kb
dist//Users/wkui/Project/profile/project/freelance/projects/jiangxia-organoid/code/plus-ui/assets/password-DfGvqQpB.js.gz                                                         2.14kb / gzip: 1.05kb
dist//Users/wkui/Project/profile/project/freelance/projects/jiangxia-organoid/code/plus-ui/assets/phone-BpAUIz0g.js.gz                                                            1.78kb / gzip: 0.85kb
dist//Users/wkui/Project/profile/project/freelance/projects/jiangxia-organoid/code/plus-ui/assets/radio-B0t9wPBQ.js.gz                                                            1.58kb / gzip: 0.74kb
dist//Users/wkui/Project/profile/project/freelance/projects/jiangxia-organoid/code/plus-ui/assets/myDocument-ZvfNyace.js.gz                                                       7.05kb / gzip: 2.83kb
dist//Users/wkui/Project/profile/project/freelance/projects/jiangxia-organoid/code/plus-ui/assets/post-DrLDyPY9.js.gz                                                             1.49kb / gzip: 0.67kb
dist//Users/wkui/Project/profile/project/freelance/projects/jiangxia-organoid/code/plus-ui/assets/qq-D8j4O83Y.js.gz                                                               3.89kb / gzip: 1.77kb
dist//Users/wkui/Project/profile/project/freelance/projects/jiangxia-organoid/code/plus-ui/assets/process-definition-e9KsNKRB.js.gz                                               2.62kb / gzip: 0.99kb
dist//Users/wkui/Project/profile/project/freelance/projects/jiangxia-organoid/code/plus-ui/assets/redis-D4ECyT6a.js.gz                                                            3.14kb / gzip: 1.21kb
dist//Users/wkui/Project/profile/project/freelance/projects/jiangxia-organoid/code/plus-ui/assets/onlineDevice.vue_vue_type_script_setup_true_name_Online_lang-BI0bY1Em.js.gz     1.77kb / gzip: 0.99kb
dist//Users/wkui/Project/profile/project/freelance/projects/jiangxia-organoid/code/plus-ui/assets/question-CvYWQbyW.js.gz                                                         1.42kb / gzip: 0.56kb
dist//Users/wkui/Project/profile/project/freelance/projects/jiangxia-organoid/code/plus-ui/assets/redis-list-BtKGPnqO.js.gz                                                       3.07kb / gzip: 1.34kb
dist//Users/wkui/Project/profile/project/freelance/projects/jiangxia-organoid/code/plus-ui/assets/register-CJqch8wQ.css.gz                                                        1.11kb / gzip: 0.48kb
dist//Users/wkui/Project/profile/project/freelance/projects/jiangxia-organoid/code/plus-ui/assets/rate-CgnHQvKS.js.gz                                                             1.98kb / gzip: 0.95kb
dist//Users/wkui/Project/profile/project/freelance/projects/jiangxia-organoid/code/plus-ui/assets/row-CRXKIHjm.js.gz                                                              1.03kb / gzip: 0.56kb
dist//Users/wkui/Project/profile/project/freelance/projects/jiangxia-organoid/code/plus-ui/assets/resetPwd.vue_vue_type_script_setup_true_lang-8Z6oN88S.js.gz                     2.13kb / gzip: 0.97kb
dist//Users/wkui/Project/profile/project/freelance/projects/jiangxia-organoid/code/plus-ui/assets/register-BY-FIBW-.js.gz                                                         5.15kb / gzip: 1.97kb
dist//Users/wkui/Project/profile/project/freelance/projects/jiangxia-organoid/code/plus-ui/assets/selectUser.vue_vue_type_script_setup_true_name_SelectUser_lang-DX-NiCGa.js.gz   3.63kb / gzip: 1.68kb
dist//Users/wkui/Project/profile/project/freelance/projects/jiangxia-organoid/code/plus-ui/assets/shopping-CU1IRvxM.js.gz                                                         2.69kb / gzip: 1.13kb
dist//Users/wkui/Project/profile/project/freelance/projects/jiangxia-organoid/code/plus-ui/assets/select-DhuHHMxz.js.gz                                                           1.58kb / gzip: 0.71kb
dist//Users/wkui/Project/profile/project/freelance/projects/jiangxia-organoid/code/plus-ui/assets/people-CdGMHN63.js.gz                                                           1.45kb / gzip: 0.67kb
dist//Users/wkui/Project/profile/project/freelance/projects/jiangxia-organoid/code/plus-ui/assets/styles-CP-iIWcC.css.gz                                                          4.02kb / gzip: 1.04kb
dist//Users/wkui/Project/profile/project/freelance/projects/jiangxia-organoid/code/plus-ui/assets/swagger-BHGXZ2Jt.js.gz                                                          2.08kb / gzip: 0.78kb
dist//Users/wkui/Project/profile/project/freelance/projects/jiangxia-organoid/code/plus-ui/assets/system-DcNSH_Fq.js.gz                                                           3.36kb / gzip: 1.53kb
dist//Users/wkui/Project/profile/project/freelance/projects/jiangxia-organoid/code/plus-ui/assets/taskCopyList-Km-O_XVj.js.gz                                                     4.47kb / gzip: 1.87kb
dist//Users/wkui/Project/profile/project/freelance/projects/jiangxia-organoid/code/plus-ui/assets/submitVerify.vue_vue_type_script_setup_true_lang-CoYoH-1y.js.gz                 12.79kb / gzip: 3.82kb
dist//Users/wkui/Project/profile/project/freelance/projects/jiangxia-organoid/code/plus-ui/assets/taskWaiting-BpF2borQ.js.gz                                                      5.58kb / gzip: 2.25kb
dist//Users/wkui/Project/profile/project/freelance/projects/jiangxia-organoid/code/plus-ui/assets/tool-D8kXk1l-.js.gz                                                             2.97kb / gzip: 1.13kb
dist//Users/wkui/Project/profile/project/freelance/projects/jiangxia-organoid/code/plus-ui/assets/thirdParty-DBIzbbtL.js.gz                                                       3.34kb / gzip: 1.54kb
dist//Users/wkui/Project/profile/project/freelance/projects/jiangxia-organoid/code/plus-ui/assets/time-BVERp0sU.js.gz                                                             1.03kb / gzip: 0.54kb
dist//Users/wkui/Project/profile/project/freelance/projects/jiangxia-organoid/code/plus-ui/assets/taskFinish-DVy65Ybj.js.gz                                                       5.82kb / gzip: 2.25kb
dist//Users/wkui/Project/profile/project/freelance/projects/jiangxia-organoid/code/plus-ui/assets/topiam-dPXXy8nx.js.gz                                                           3.78kb / gzip: 1.44kb
dist//Users/wkui/Project/profile/project/freelance/projects/jiangxia-organoid/code/plus-ui/assets/tree-BCtS3oPD.js.gz                                                             2.11kb / gzip: 0.89kb
dist//Users/wkui/Project/profile/project/freelance/projects/jiangxia-organoid/code/plus-ui/assets/styles-BvZJ9Arg.js.gz                                                           25.64kb / gzip: 8.72kb
dist//Users/wkui/Project/profile/project/freelance/projects/jiangxia-organoid/code/plus-ui/assets/tree-table-CnOS99I9.js.gz                                                       1.12kb / gzip: 0.45kb
dist//Users/wkui/Project/profile/project/freelance/projects/jiangxia-organoid/code/plus-ui/assets/time-range-D3dxgtLj.js.gz                                                       3.27kb / gzip: 1.36kb
dist//Users/wkui/Project/profile/project/freelance/projects/jiangxia-organoid/code/plus-ui/assets/upload-BueI-Il1.js.gz                                                           1.71kb / gzip: 0.83kb
dist//Users/wkui/Project/profile/project/freelance/projects/jiangxia-organoid/code/plus-ui/assets/validCode-COB1iLxa.js.gz                                                        1.62kb / gzip: 0.84kb
dist//Users/wkui/Project/profile/project/freelance/projects/jiangxia-organoid/code/plus-ui/assets/workflow-CfALY0mT.js.gz                                                         1.05kb / gzip: 0.43kb
dist//Users/wkui/Project/profile/project/freelance/projects/jiangxia-organoid/code/plus-ui/assets/skill-B8f_I4m_.js.gz                                                            1.37kb / gzip: 0.70kb
dist//Users/wkui/Project/profile/project/freelance/projects/jiangxia-organoid/code/plus-ui/assets/zip-DIOSZc69.js.gz                                                              1.62kb / gzip: 0.82kb
dist//Users/wkui/Project/profile/project/freelance/projects/jiangxia-organoid/code/plus-ui/assets/userInfo.vue_vue_type_script_setup_true_lang-Bixr9yk-.js.gz                     2.19kb / gzip: 1.01kb
dist//Users/wkui/Project/profile/project/freelance/projects/jiangxia-organoid/code/plus-ui/assets/wechat-lmQOcPZu.js.gz                                                           1.42kb / gzip: 0.64kb
dist//Users/wkui/Project/profile/project/freelance/projects/jiangxia-organoid/code/plus-ui/assets/userAvatar-CkpwtFwI.css.gz                                                      3.48kb / gzip: 1.08kb
dist//Users/wkui/Project/profile/project/freelance/projects/jiangxia-organoid/code/plus-ui/assets/waiting-D_cNzrMI.js.gz                                                          2.55kb / gzip: 0.92kb
dist//Users/wkui/Project/profile/project/freelance/projects/jiangxia-organoid/code/plus-ui/assets/userAvatar-BNHeDtro.js.gz                                                       33.63kb / gzip: 9.54kb
dist//Users/wkui/Project/profile/project/freelance/projects/jiangxia-organoid/code/plus-ui/assets/el-table-column--NDYstyb.js.gz                                                  73.66kb / gzip: 25.46kb
dist//Users/wkui/Project/profile/project/freelance/projects/jiangxia-organoid/code/plus-ui/assets/el-date-picker-panel-hu5VTgVE.js.gz                                             94.61kb / gzip: 27.87kb
dist//Users/wkui/Project/profile/project/freelance/projects/jiangxia-organoid/code/plus-ui/index.html.gz                                                                          111.31kb / gzip: 48.39kb
dist//Users/wkui/Project/profile/project/freelance/projects/jiangxia-organoid/code/plus-ui/assets/index-xb8ihbIj.js.gz                                                            262.10kb / gzip: 70.94kb
dist//Users/wkui/Project/profile/project/freelance/projects/jiangxia-organoid/code/plus-ui/assets/index-JqTPZ4Jz.css.gz                                                           531.39kb / gzip: 79.11kb
dist//Users/wkui/Project/profile/project/freelance/projects/jiangxia-organoid/code/plus-ui/assets/index-D10xRVAm.js.gz                                                            1017.73kb / gzip: 336.52kb
dist//Users/wkui/Project/profile/project/freelance/projects/jiangxia-organoid/code/plus-ui/assets/index-DjWMINI6.js.gz                                                            1641.56kb / gzip: 549.64kb


