2026-09-28 07:08:57 [XNIO-1 task-8] ERROR o.d.c.w.h.GlobalExceptionHandler - 该档案的单位 / 组别是外部自填的，核验通过前必须二选一：「新建」（createUnit + createGroup）或「归并到已有」（unitId + groupId）
2026-09-28 07:08:57 [XNIO-1 task-8] ERROR o.d.c.w.h.GlobalExceptionHandler - 驳回必须填写原因
2026-09-28 07:08:57 [XNIO-1 task-8] ERROR o.d.c.w.h.GlobalExceptionHandler - 组别「类器官课题组」不属于单位「A 医院」
2026-09-28 07:08:57 [XNIO-1 task-8] ERROR o.d.c.s.h.SaTokenExceptionHandler - 请求地址'/mp/ext/profile',角色权限校验失败'无此角色：lqg_external'
2026-09-28 07:09:03 [XNIO-1 task-8] ERROR o.d.c.w.h.GlobalExceptionHandler - 参数校验异常
2026-09-28 07:09:05 [XNIO-1 task-8] ERROR o.d.c.s.h.SaTokenExceptionHandler - 请求地址'/mp/me',认证失败'token 无效：eyJhbGciOiJIUzI1NiIsInR5cCI6IkpXVCJ9.eyJsb2dpblR5cGUiOiJsb2dpbiIsImxvZ2luSWQiOiJhcHBfdXNlcjo5MDAwMDAwMTE2Iiwicm5TdHIiOiJqS2hXVFpvZEVjT01ua0ptNE1sM29UUm9scE52U1ByaCIsImNsaWVudGlkIjoiMjJiMmFlY2QwNzEwNjcxNjkxZWMxYzA3ZjI1NDJiOWQiLCJ1c2VySWQiOjkwMDAwMDAxMTYsInVzZXJOYW1lIjoid3hfMTM4MDAwMDAwMTYifQ.ikPl1sFCpNgCQyENcrrr58l_3UHS0IDq_PQz9pRSwFs',无法访问系统资源
2026-09-28 07:09:05 [XNIO-1 task-8] ERROR o.d.c.w.h.GlobalExceptionHandler - 不能撤销自己的内部授权
2026-09-28 07:09:05 [XNIO-1 task-8] ERROR o.d.c.s.h.SaTokenExceptionHandler - 请求地址'/lqg/auth/staff',权限码校验失败'无此权限：lqg:auth:staff:list'
2026-09-28 07:09:05 [XNIO-1 task-8] ERROR o.d.c.s.h.SaTokenExceptionHandler - 请求地址'/mp/me',认证失败'token 无效：eyJhbGciOiJIUzI1NiIsInR5cCI6IkpXVCJ9.eyJsb2dpblR5cGUiOiJsb2dpbiIsImxvZ2luSWQiOiJzeXNfdXNlcjo5MDAwMDAwMTAxIiwicm5TdHIiOiI2MzNaOTVkNWhmaXRGU0U3bDl5NHdKbms0T2VoSENDNCIsImNsaWVudGlkIjoiMjJiMmFlY2QwNzEwNjcxNjkxZWMxYzA3ZjI1NDJiOWQiLCJ1c2VySWQiOjkwMDAwMDAxMDEsInVzZXJOYW1lIjoibHFnXzEzODAwMDAwMDAxIn0.B2q3LLRnAF9V67d9NhSwn9TFysL5DUXA3RTZv-ARR3Y',无法访问系统资源
2026-09-28 07:09:05 [XNIO-1 task-8] ERROR o.d.c.s.h.SaTokenExceptionHandler - 请求地址'/lqg/auth/staff',认证失败'token 无效：eyJhbGciOiJIUzI1NiIsInR5cCI6IkpXVCJ9.eyJsb2dpblR5cGUiOiJsb2dpbiIsImxvZ2luSWQiOiJzeXNfdXNlcjo5MDAwMDAwMTAxIiwicm5TdHIiOiI4RGRRUjVHZWowWGVsR2diRDlydTFRNWdkYjV1SldvSSIsImNsaWVudGlkIjoiMjJiMmFlY2QwNzEwNjcxNjkxZWMxYzA3ZjI1NDJiOWQiLCJ1c2VySWQiOjkwMDAwMDAxMDEsInVzZXJOYW1lIjoibHFnXzEzODAwMDAwMDAxIn0.dg0kcPYBteXTLz9YykNiP2bt2WGBY8nIypaqesrUxic',无法访问系统资源
2026-09-28 07:09:05 [XNIO-1 task-8] ERROR o.d.c.s.h.SaTokenExceptionHandler - 请求地址'/lqg/auth/staff',权限码校验失败'无此权限：lqg:auth:staff:list'
2026-09-28 07:09:07 [XNIO-1 task-8] ERROR o.d.c.w.h.GlobalExceptionHandler - 该账号无权登录工作台，请使用小程序登录
2026-09-28 07:09:07 [XNIO-1 task-8] ERROR o.d.c.w.h.GlobalExceptionHandler - 该账号不是内部人员
2026-09-28 07:09:08 [XNIO-1 task-8] ERROR o.d.c.s.h.SaTokenExceptionHandler - 请求地址'/lqg/sys/ping',认证失败'未能读取到有效 token',无法访问系统资源
2026-09-28 07:09:08 [XNIO-1 task-8] ERROR o.d.c.s.h.SaTokenExceptionHandler - 请求地址'/lqg/sys/ping',角色权限校验失败'无此角色：lqg_admin'
2026-09-28 07:09:35 [XNIO-1 task-6] ERROR o.d.c.w.h.GlobalExceptionHandler - 样本不存在
2026-09-28 07:09:35 [XNIO-1 task-6] ERROR o.d.c.w.h.GlobalExceptionHandler - 样本不存在
2026-09-28 07:09:35 [XNIO-1 task-6] ERROR o.d.c.w.h.GlobalExceptionHandler - 样本不存在
2026-09-28 07:09:36 [XNIO-1 task-6] ERROR o.d.c.w.h.GlobalExceptionHandler - 请求地址'/mp/ext/home'不存在.
2026-09-28 07:09:36 [XNIO-1 task-6] ERROR o.d.c.s.h.SaTokenExceptionHandler - 请求地址'/lqg/sample/list',权限码校验失败'无此权限：lqg:sample:list'
2026-09-28 07:09:36 [XNIO-1 task-6] ERROR o.d.c.s.h.SaTokenExceptionHandler - 请求地址'/mp/int/sample/list',角色权限校验失败'无此角色：lqg_internal'
2026-09-28 07:09:36 [XNIO-1 task-6] ERROR o.d.c.s.h.SaTokenExceptionHandler - 请求地址'/mp/ext/sample/list',角色权限校验失败'无此角色：lqg_external'
2026-09-28 07:09:36 [XNIO-1 task-6] ERROR o.d.c.w.h.GlobalExceptionHandler - 只能修改重提本人提交的样本（同组的样本可以看，但不能改）
2026-09-28 07:09:36 [XNIO-1 task-6] ERROR o.d.c.w.h.GlobalExceptionHandler - 样本当前状态不允许外部修改重提（只有待核验、无效的样本可以）
2026-09-28 07:09:37 [XNIO-1 task-6] ERROR o.d.c.w.h.GlobalExceptionHandler - 样本不存在
2026-09-28 07:09:37 [XNIO-1 task-6] ERROR o.d.c.w.h.GlobalExceptionHandler - 这条记录是「类器官」类样本，不能从「组织」的入口修改
2026-09-28 07:09:37 [XNIO-1 task-6] ERROR o.d.c.w.h.GlobalExceptionHandler - 提交的内容不符合要求：来源单位不能为空（请填写单位名称，或先在「我的 → 单位与组别」绑定单位，绑定后会自动带出）
2026-09-28 07:09:37 [XNIO-1 task-6] ERROR o.d.c.w.h.GlobalExceptionHandler - 提交的内容不符合要求：代数请填 P 加数字，如 P3
2026-09-28 07:09:40 [XNIO-1 task-6] ERROR o.d.c.w.h.GlobalExceptionHandler - 内部编号「T-hli01」已存在，请换一个
2026-09-28 07:09:41 [XNIO-1 task-6] ERROR o.d.c.w.h.GlobalExceptionHandler - 提交的内容不符合要求：类器官类型不能为空
2026-09-28 07:09:41 [XNIO-1 task-6] ERROR o.d.c.w.h.GlobalExceptionHandler - 提交的内容不符合要求：代数请填 P 加数字，如 P3
2026-09-28 07:09:48 [XNIO-1 task-6] ERROR o.d.c.s.h.SaTokenExceptionHandler - 请求地址'/mp/int/sample/list',角色权限校验失败'无此角色：lqg_internal'
2026-09-28 07:09:48 [XNIO-1 task-6] ERROR o.d.c.w.h.GlobalExceptionHandler - 待核验与无效的样本只能在网页工作台核验或改判，小程序里不能改
2026-09-28 07:09:49 [XNIO-1 task-6] ERROR o.d.c.w.h.GlobalExceptionHandler - 提交的内容不符合要求：组织类型不能为空
2026-09-28 07:09:50 [XNIO-1 task-6] ERROR o.d.c.w.h.GlobalExceptionHandler - 组织样本没有这些字段，不能修改：代数
2026-09-28 07:10:05 [XNIO-1 task-6] ERROR o.d.c.s.h.SaTokenExceptionHandler - 请求地址'/lqg/sample/9000001007/verify',权限码校验失败'无此权限：lqg:sample:verify'
2026-09-28 07:10:05 [XNIO-1 task-6] ERROR o.d.c.s.h.SaTokenExceptionHandler - 请求地址'/lqg/embed/9000002006/verify',权限码校验失败'无此权限：lqg:embed:verify'
2026-09-28 07:10:05 [XNIO-1 task-6] ERROR o.d.c.w.h.GlobalExceptionHandler - 判无效必须写原因
2026-09-28 07:10:05 [XNIO-1 task-6] ERROR o.d.c.w.h.GlobalExceptionHandler - 内部编号「T-hli01」已存在，请换一个
2026-09-28 07:10:05 [XNIO-1 task-6] ERROR o.d.c.w.h.GlobalExceptionHandler - 所挂样本还未核验有效（当前状态：pending），不能判为有效
2026-09-28 07:10:06 [XNIO-1 task-6] ERROR o.d.c.w.h.GlobalExceptionHandler - 判有效必须同时给收样日期与内部编号，缺少：内部编号
2026-09-28 07:10:06 [XNIO-1 task-6] ERROR o.d.c.w.h.GlobalExceptionHandler - 内部编号「T-hli01」已存在，请换一个
2026-09-28 07:10:06 [XNIO-1 task-6] ERROR o.d.c.w.h.GlobalExceptionHandler - 判无效必须写原因
2026-09-28 07:10:10 [XNIO-1 task-6] ERROR o.d.c.w.h.GlobalExceptionHandler - 提交的内容不符合要求：组织类型不能为空
2026-09-28 07:10:10 [XNIO-1 task-6] ERROR o.d.c.w.h.GlobalExceptionHandler - 判有效必须同时给收样日期与内部编号，缺少：内部编号
2026-09-28 07:10:10 [XNIO-1 task-6] ERROR o.d.c.w.h.GlobalExceptionHandler - 提交的内容不符合要求：代数请填 P 加数字，如 P3
2026-09-28 07:10:18 [XNIO-1 task-6] ERROR o.d.c.w.h.GlobalExceptionHandler - 样本不存在
2026-09-28 07:10:18 [XNIO-1 task-6] ERROR o.d.c.w.h.GlobalExceptionHandler - 石蜡包埋记录不存在
2026-09-28 07:10:18 [XNIO-1 task-6] ERROR o.d.c.w.h.GlobalExceptionHandler - 石蜡包埋记录不存在
2026-09-28 07:10:18 [XNIO-1 task-6] ERROR o.d.c.w.h.GlobalExceptionHandler - 石蜡包埋记录不存在
2026-09-28 07:10:19 [XNIO-1 task-6] ERROR o.d.c.s.h.SaTokenExceptionHandler - 请求地址'/system/config/list',权限码校验失败'无此权限：system:config:list'
2026-09-28 07:10:23 [XNIO-1 task-6] ERROR o.d.c.w.h.GlobalExceptionHandler - 只能挂本人送检过的样本（同组的样本可以看，但不能替他送样）
2026-09-28 07:10:23 [XNIO-1 task-6] ERROR o.d.c.w.h.GlobalExceptionHandler - 这条样本已判无效，不能提交石蜡包埋送样
2026-09-28 07:10:23 [XNIO-1 task-6] ERROR o.d.c.w.h.GlobalExceptionHandler - 样本不存在
2026-09-28 07:10:23 [XNIO-1 task-6] ERROR o.d.c.w.h.GlobalExceptionHandler - 样本不存在
2026-09-28 07:10:23 [XNIO-1 task-6] ERROR o.d.c.w.h.GlobalExceptionHandler - 样本不存在
2026-09-28 07:10:23 [XNIO-1 task-6] ERROR o.d.c.w.h.GlobalExceptionHandler - 只能修改重提本人提交的送样（同组的可以看，但不能改）
2026-09-28 07:10:23 [XNIO-1 task-6] ERROR o.d.c.w.h.GlobalExceptionHandler - 只能修改重提本人提交的送样（同组的可以看，但不能改）
2026-09-28 07:10:23 [XNIO-1 task-6] ERROR o.d.c.w.h.GlobalExceptionHandler - 石蜡包埋记录不存在
2026-09-28 07:10:23 [XNIO-1 task-6] ERROR o.d.c.w.h.GlobalExceptionHandler - 石蜡包埋记录不存在
2026-09-28 07:10:23 [XNIO-1 task-6] ERROR o.d.c.w.h.GlobalExceptionHandler - 石蜡包埋记录不存在
2026-09-28 07:10:39 [XNIO-1 task-6] ERROR o.d.c.w.h.GlobalExceptionHandler - 「无染色」与其余染色互斥，不能同时选
2026-09-28 07:10:39 [XNIO-1 task-6] ERROR o.d.c.w.h.GlobalExceptionHandler - 选了「其他」必须写具体染色名称
2026-09-28 07:10:39 [XNIO-1 task-6] ERROR o.d.c.w.h.GlobalExceptionHandler - 染色「PAS」不在字典 lqg_stain_type 里（只能是 HE / IF / IHC / OTHER / NONE）
2026-09-28 07:10:39 [XNIO-1 task-6] ERROR o.d.c.w.h.GlobalExceptionHandler - 内部录入只能挂到已核验有效的样本（当前状态：pending）
2026-09-28 07:10:39 [XNIO-1 task-6] ERROR o.d.c.w.h.GlobalExceptionHandler - 石蜡块编号「T-E01-1」已存在，请换一个
2026-09-28 07:10:39 [XNIO-1 task-6] ERROR o.d.c.w.h.GlobalExceptionHandler - 内部录入石蜡包埋必须填石蜡块编号
2026-09-28 07:10:39 [XNIO-1 task-6] ERROR o.d.c.w.h.GlobalExceptionHandler - 该样本名下已有包埋 / 冻存 / 质控文档，不能改判无效
2026-09-28 07:10:41 [XNIO-1 task-6] ERROR o.d.c.w.h.GlobalExceptionHandler - 所挂样本还未核验有效（当前状态：pending），不能判为有效
2026-09-28 07:10:41 [XNIO-1 task-6] ERROR o.d.c.w.h.GlobalExceptionHandler - 判无效必须写原因
2026-09-28 07:10:41 [XNIO-1 task-6] ERROR o.d.c.w.h.GlobalExceptionHandler - 待核验 / 无效的送样不能通过普通保存修改（核验与改判只走 PUT /lqg/embed/{id}/verify）
2026-09-28 07:10:42 [XNIO-1 task-6] ERROR o.d.c.w.h.GlobalExceptionHandler - 判有效必须填石蜡块编号
2026-09-28 07:10:42 [XNIO-1 task-6] ERROR o.d.c.w.h.GlobalExceptionHandler - 石蜡块编号「T-E01-1」已存在，请换一个
2026-09-28 07:10:43 [XNIO-1 task-6] ERROR o.d.c.w.h.GlobalExceptionHandler - 石蜡包埋记录不存在
2026-09-28 07:10:43 [XNIO-1 task-6] ERROR o.d.c.w.h.GlobalExceptionHandler - 石蜡包埋记录不存在
2026-09-28 07:10:43 [XNIO-1 task-6] ERROR o.d.c.w.h.GlobalExceptionHandler - 石蜡包埋记录不存在
2026-09-28 07:10:43 [XNIO-1 task-6] ERROR o.d.c.w.h.GlobalExceptionHandler - 样本不存在
2026-09-28 07:10:43 [XNIO-1 task-6] ERROR o.d.c.w.h.GlobalExceptionHandler - 样本不存在
2026-09-28 07:10:43 [XNIO-1 task-6] ERROR o.d.c.w.h.GlobalExceptionHandler - 样本不存在
2026-09-28 07:10:43 [XNIO-1 task-6] ERROR o.d.c.w.h.GlobalExceptionHandler - 石蜡包埋记录不存在
2026-09-28 07:10:43 [XNIO-1 task-6] ERROR o.d.c.w.h.GlobalExceptionHandler - 石蜡包埋记录不存在
2026-09-28 07:10:43 [XNIO-1 task-6] ERROR o.d.c.w.h.GlobalExceptionHandler - 石蜡包埋记录不存在
2026-09-28 07:10:43 [XNIO-1 task-6] ERROR o.d.c.w.h.GlobalExceptionHandler - 只能修改重提本人提交的送样（同组的可以看，但不能改）
2026-09-28 07:10:43 [XNIO-1 task-6] ERROR o.d.c.w.h.GlobalExceptionHandler - 只能挂本人送检过的样本（同组的样本可以看，但不能替他送样）
2026-09-28 07:10:44 [XNIO-1 task-6] ERROR o.d.c.w.h.GlobalExceptionHandler - 这条样本已判无效，不能提交石蜡包埋送样
2026-09-28 07:10:45 [XNIO-1 task-6] ERROR o.d.c.w.h.GlobalExceptionHandler - 「无染色」与其余染色互斥，不能同时选
2026-09-28 07:10:45 [XNIO-1 task-6] ERROR o.d.c.w.h.GlobalExceptionHandler - 判为无效只保存原因，以及样本类型、类器官来源类型的更正；脱水时间、染色是核验有效后才补填的，这次不会保存——请撤销这些改动（关掉抽屉重新打开即可），或改为「判为有效并保存」
2026-09-28 07:10:45 [XNIO-1 task-6] ERROR o.d.c.w.h.GlobalExceptionHandler - 补填的内容不符合要求：核验时不能改所挂样本（所挂样本核验时不能更换；石蜡块编号用请求顶层的 paraffinBlockNo）
2026-09-28 07:10:52 [XNIO-1 task-6] ERROR o.d.c.s.h.SaTokenExceptionHandler - 请求地址'/mp/int/embed/list',角色权限校验失败'无此角色：lqg_internal'
2026-09-28 07:10:53 [XNIO-1 task-6] ERROR o.d.c.w.h.GlobalExceptionHandler - 石蜡块编号「T-E01-1」已存在，请换一个
2026-09-28 07:10:53 [XNIO-1 task-6] ERROR o.d.c.w.h.GlobalExceptionHandler - 待核验 / 无效的送样不能通过普通保存修改（核验与改判只走 PUT /lqg/embed/{id}/verify）
2026-09-28 07:11:01 [XNIO-1 task-6] ERROR o.d.c.s.h.SaTokenExceptionHandler - 请求地址'/lqg/sample/export/tissue',权限码校验失败'无此权限：lqg:sample:export'
2026-09-28 07:11:07 [XNIO-1 task-6] ERROR o.d.c.w.h.GlobalExceptionHandler - 取走支数超过当前剩余（当前剩余 3 支，本次要 9 支）
2026-09-28 07:11:07 [XNIO-1 task-6] ERROR o.d.c.w.h.GlobalExceptionHandler - 盘点调整必须写原因
2026-09-28 07:11:07 [XNIO-1 task-6] ERROR o.d.c.w.h.GlobalExceptionHandler - 取走支数超过当前剩余（当前剩余 3 支，本次要 9 支）
2026-09-28 07:11:07 [XNIO-1 task-6] ERROR o.d.c.w.h.GlobalExceptionHandler - 取走支数必须是正整数（当前：-1）
2026-09-28 07:11:08 [XNIO-1 task-6] ERROR o.d.c.w.h.GlobalExceptionHandler - 登记类型不能改（要换类型请删掉重新登记）
2026-09-28 07:11:08 [XNIO-1 task-6] ERROR o.d.c.w.h.GlobalExceptionHandler - 冻存出入库登记不存在
2026-09-28 07:11:08 [XNIO-1 task-6] ERROR o.d.c.w.h.GlobalExceptionHandler - 这样改会让 08-29 07:11 那一笔（-6 支）之后的剩余变成 -1 支，没有保存
2026-09-28 07:11:09 [XNIO-1 task-6] ERROR o.d.c.w.h.GlobalExceptionHandler - 删掉这一笔会让 09-28 07:11 那一笔（-7 支）之后的剩余变成 -2 支，没有保存
2026-09-28 07:11:10 [XNIO-1 task-8] ERROR o.d.c.w.h.GlobalExceptionHandler - 取走支数超过当前剩余（当前剩余 0 支，本次要 2 支）
2026-09-28 07:11:10 [XNIO-1 task-5] ERROR o.d.c.w.h.GlobalExceptionHandler - 取走支数超过当前剩余（当前剩余 0 支，本次要 2 支）
2026-09-28 07:11:10 [XNIO-1 task-7] ERROR o.d.c.w.h.GlobalExceptionHandler - 取走支数超过当前剩余（当前剩余 0 支，本次要 2 支）
2026-09-28 07:11:10 [XNIO-1 task-2] ERROR o.d.c.w.h.GlobalExceptionHandler - 取走支数超过当前剩余（当前剩余 0 支，本次要 2 支）
2026-09-28 07:11:10 [XNIO-1 task-2] ERROR o.d.c.w.h.GlobalExceptionHandler - 转移至液氮时间（2020-01-01）不能早于冻存时间（2026-09-08）
2026-09-28 07:11:12 [XNIO-1 task-2] ERROR o.d.c.w.h.GlobalExceptionHandler - 代数格式不对，应形如 P3（P + 1~3 位数字）：3
2026-09-28 07:11:12 [XNIO-1 task-2] ERROR o.d.c.w.h.GlobalExceptionHandler - 冻存数量必须是正整数（当前：0）
2026-09-28 07:11:12 [XNIO-1 task-2] ERROR o.d.c.w.h.GlobalExceptionHandler - 直接进液氮（暂存 -80 选「否」）必须填液氮储存位置
2026-09-28 07:11:12 [XNIO-1 task-2] ERROR o.d.c.w.h.GlobalExceptionHandler - 冻存只能挂到已核验有效的样本（当前状态：pending）
2026-09-28 07:11:12 [XNIO-1 task-2] ERROR o.d.c.w.h.GlobalExceptionHandler - 转移至液氮时间（2026-09-01）不能早于冻存时间（2026-09-17）
2026-09-28 07:11:12 [XNIO-1 task-2] ERROR o.d.c.w.h.GlobalExceptionHandler - 已取走 2 支，冻存数量不能少于 2
2026-09-28 07:11:12 [XNIO-1 task-2] ERROR o.d.c.w.h.GlobalExceptionHandler - 该批次已有 1 笔出入库登记，不能删除（删了「谁取走了几支」就查不到了）
2026-09-28 07:11:15 [XNIO-1 task-2] ERROR o.d.c.w.h.GlobalExceptionHandler - 已取走 3 支，冻存数量不能少于 3
2026-09-28 07:11:15 [XNIO-1 task-2] ERROR o.d.c.s.h.SaTokenExceptionHandler - 请求地址'/mp/int/cryo/batch/list',角色权限校验失败'无此角色：lqg_internal'
2026-09-28 07:11:16 [XNIO-1 task-2] ERROR o.d.c.w.h.GlobalExceptionHandler - 请求地址'/mp/int/cryo/batch/9000003002/flow'不存在.
2026-09-28 07:11:16 [XNIO-1 task-2] ERROR o.d.c.w.h.GlobalExceptionHandler - 请求地址'/mp/int/cryo/batch/9000003001/flow/9000003101'不存在.
2026-09-28 07:11:16 [XNIO-1 task-2] ERROR o.d.c.w.h.GlobalExceptionHandler - 请求地址'/mp/int/cryo/batch/9000003001/flow/9000003101'不存在.
2026-09-28 07:11:16 [XNIO-1 task-2] ERROR o.d.c.w.h.GlobalExceptionHandler - 请求地址'/mp/int/cryo/batch/9000003001/to-ln2'不存在.
2026-09-28 07:11:16 [XNIO-1 task-2] ERROR o.d.c.s.h.SaTokenExceptionHandler - 请求地址'/mp/int/cryo/batch/9000003001/flows',角色权限校验失败'无此角色：lqg_internal'
2026-09-28 07:11:17 [XNIO-1 task-2] ERROR o.d.c.w.h.GlobalExceptionHandler - 这样改会让 09-28 09:00 那一笔（-3 支）之后的剩余变成 -1 支，没有保存
2026-09-28 07:11:17 [XNIO-1 task-2] ERROR o.d.c.s.h.SaTokenExceptionHandler - 请求地址'/lqg/cryo/batch/9000003002/flow',权限码校验失败'无此权限：lqg:cryo:flow'
2026-09-28 07:11:17 [XNIO-1 task-2] ERROR o.d.c.s.h.SaTokenExceptionHandler - 请求地址'/lqg/cryo/batch/9000003001/to-ln2',权限码校验失败'无此权限：lqg:cryo:edit'
2026-09-28 07:11:18 [XNIO-1 task-2] ERROR o.d.c.w.h.GlobalExceptionHandler - 冻存数量不能为空
2026-09-28 07:11:44 [XNIO-1 task-2] ERROR o.d.c.s.h.SaTokenExceptionHandler - 请求地址'/lqg/cryo/overdue',权限码校验失败'无此权限：lqg:cryo:list'
2026-09-28 07:11:55 [XNIO-1 task-2] ERROR o.d.c.w.h.GlobalExceptionHandler - 识别太频繁了，请稍后再试（每分钟最多 6 次）
2026-09-28 07:11:55 [XNIO-1 task-7] ERROR o.d.c.w.h.GlobalExceptionHandler - 识别太频繁了，请稍后再试（每分钟最多 6 次）
2026-09-28 07:13:10 [XNIO-1 task-7] ERROR o.d.c.w.h.GlobalExceptionHandler - 读模板资源失败：lqg/doc-templates/template-version.txt（Unexpected end of ZLIB input stream）
2026-09-28 07:13:11 [XNIO-1 task-7] ERROR o.d.c.w.h.GlobalExceptionHandler - 读模板资源失败：lqg/doc-templates/template-version.txt（Unexpected end of ZLIB input stream）
2026-09-28 07:13:12 [XNIO-1 task-7] ERROR o.d.c.w.h.GlobalExceptionHandler - 这份文档还没生成，请先在质控文档页点「预览」
2026-09-28 07:13:16 [XNIO-1 task-2] ERROR o.d.c.w.h.GlobalExceptionHandler - 读模板资源失败：lqg/doc-templates/template-version.txt（Unexpected end of ZLIB input stream）
2026-09-28 07:13:17 [XNIO-1 task-2] ERROR o.d.c.w.h.GlobalExceptionHandler - 读模板资源失败：lqg/doc-templates/template-version.txt（Unexpected end of ZLIB input stream）
2026-09-28 07:13:18 [XNIO-1 task-2] ERROR o.d.c.w.h.GlobalExceptionHandler - 读模板资源失败：lqg/doc-templates/template-version.txt（Unexpected end of ZLIB input stream）
2026-09-28 07:13:19 [XNIO-1 task-2] ERROR o.d.c.w.h.GlobalExceptionHandler - 读模板资源失败：lqg/doc-templates/template-version.txt（Unexpected end of ZLIB input stream）
2026-09-28 07:13:20 [XNIO-1 task-2] ERROR o.d.c.w.h.GlobalExceptionHandler - 「培养前样本评分」没有档位 gt999（合法档位：gt80 / lt40 / 40to80）
2026-09-28 07:13:22 [XNIO-1 task-2] ERROR o.d.c.w.h.GlobalExceptionHandler - 质控文档只能对已核验有效的样本打开（当前状态：pending）
2026-09-28 07:13:22 [XNIO-1 task-2] ERROR o.d.c.w.h.GlobalExceptionHandler - 图片位 orig 已有 3 张，最多 3 张
2026-09-28 07:13:22 [XNIO-1 task-2] ERROR o.d.c.w.h.GlobalExceptionHandler - 图片位 organoid_observe 不属于 sample_qc（它只有：orig / observe / pretreat）
2026-09-28 07:13:22 [XNIO-1 task-2] ERROR o.d.c.w.h.GlobalExceptionHandler - 图片位 orig 不属于 organoid_score（它只有：没有图片位）
2026-09-28 07:14:05 [XNIO-1 task-6] ERROR o.d.c.w.h.GlobalExceptionHandler - 读模板资源失败：lqg/doc-templates/template-version.txt（Unexpected end of ZLIB input stream）
2026-09-28 07:14:05 [XNIO-1 task-6] ERROR o.d.c.w.h.GlobalExceptionHandler - 读模板资源失败：lqg/doc-templates/template-version.txt（Unexpected end of ZLIB input stream）
2026-09-28 07:14:05 [XNIO-1 task-6] ERROR o.d.c.w.h.GlobalExceptionHandler - 读模板资源失败：lqg/doc-templates/template-version.txt（Unexpected end of ZLIB input stream）
2026-09-28 07:14:05 [XNIO-1 task-6] ERROR o.d.c.w.h.GlobalExceptionHandler - 读模板资源失败：lqg/doc-templates/template-version.txt（Unexpected end of ZLIB input stream）
2026-09-28 07:14:14 [XNIO-1 task-6] ERROR o.d.c.s.h.SaTokenExceptionHandler - 请求地址'/lqg/doc/9000001001/organoid_score/pages',权限码校验失败'无此权限：lqg:doc:query'
2026-09-28 07:14:30 [XNIO-1 task-6] ERROR o.d.c.w.h.GlobalExceptionHandler - 文档不存在
2026-09-28 07:14:36 [XNIO-1 task-6] ERROR o.d.c.w.h.GlobalExceptionHandler - 读模板资源失败：lqg/doc-templates/template-version.txt（Unexpected end of ZLIB input stream）
2026-09-28 07:14:48 [XNIO-1 task-6] ERROR o.d.c.w.h.GlobalExceptionHandler - 这份文档还没完成，没什么可撤回的
2026-09-28 07:14:48 [XNIO-1 task-6] ERROR o.d.c.w.h.GlobalExceptionHandler - 这份文档还没完成，没什么可撤回的
2026-09-28 07:14:48 [XNIO-1 task-6] ERROR o.d.c.w.h.GlobalExceptionHandler - 读模板资源失败：lqg/doc-templates/template-version.txt（Unexpected end of ZLIB input stream）
2026-09-28 07:14:48 [XNIO-1 task-6] ERROR o.d.c.w.h.GlobalExceptionHandler - 读模板资源失败：lqg/doc-templates/template-version.txt（Unexpected end of ZLIB input stream）
2026-09-28 07:14:48 [XNIO-1 task-6] ERROR o.d.c.w.h.GlobalExceptionHandler - 读模板资源失败：lqg/doc-templates/template-version.txt（Unexpected end of ZLIB input stream）
2026-09-28 07:14:48 [XNIO-1 task-6] ERROR o.d.c.w.h.GlobalExceptionHandler - 读模板资源失败：lqg/doc-templates/template-version.txt（Unexpected end of ZLIB input stream）
2026-09-28 07:14:48 [XNIO-1 task-6] ERROR o.d.c.w.h.GlobalExceptionHandler - 读模板资源失败：lqg/doc-templates/template-version.txt（Unexpected end of ZLIB input stream）
2026-09-28 07:14:48 [XNIO-1 task-6] ERROR o.d.c.w.h.GlobalExceptionHandler - 读模板资源失败：lqg/doc-templates/template-version.txt（Unexpected end of ZLIB input stream）
2026-09-28 07:14:48 [XNIO-1 task-6] ERROR o.d.c.w.h.GlobalExceptionHandler - 读模板资源失败：lqg/doc-templates/template-version.txt（Unexpected end of ZLIB input stream）
2026-09-28 07:14:48 [XNIO-1 task-6] ERROR o.d.c.w.h.GlobalExceptionHandler - 读模板资源失败：lqg/doc-templates/template-version.txt（Unexpected end of ZLIB input stream）
2026-09-28 07:18:00 [XNIO-1 task-6] ERROR o.d.c.w.h.GlobalExceptionHandler - 读模板资源失败：lqg/doc-templates/template-version.txt（Unexpected end of ZLIB input stream）
2026-09-28 07:18:05 [XNIO-1 task-6] ERROR o.d.c.w.h.GlobalExceptionHandler - 文档不存在
2026-09-28 07:18:07 [XNIO-1 task-6] ERROR o.d.c.w.h.GlobalExceptionHandler - 这份文档还没完成，没什么可撤回的
2026-09-28 07:18:07 [XNIO-1 task-6] ERROR o.d.c.w.h.GlobalExceptionHandler - 这份文档已经完成并同步过了，不用再点一次
2026-09-28 07:18:39 [XNIO-1 task-6] ERROR o.d.c.w.h.GlobalExceptionHandler - 这份文档还没完成，没什么可撤回的
2026-09-28 07:18:40 [XNIO-1 task-6] ERROR o.d.c.w.h.GlobalExceptionHandler - 这份文档还没完成，没什么可撤回的
2026-09-28 07:18:40 [XNIO-1 task-6] ERROR o.d.c.w.h.GlobalExceptionHandler - 读模板资源失败：lqg/doc-templates/template-version.txt（Unexpected end of ZLIB input stream）
2026-09-28 07:18:40 [XNIO-1 task-6] ERROR o.d.c.w.h.GlobalExceptionHandler - 读模板资源失败：lqg/doc-templates/template-version.txt（Unexpected end of ZLIB input stream）
2026-09-28 07:18:40 [XNIO-1 task-6] ERROR o.d.c.w.h.GlobalExceptionHandler - 读模板资源失败：lqg/doc-templates/template-version.txt（Unexpected end of ZLIB input stream）
2026-09-28 07:18:40 [XNIO-1 task-6] ERROR o.d.c.w.h.GlobalExceptionHandler - 读模板资源失败：lqg/doc-templates/template-version.txt（Unexpected end of ZLIB input stream）
2026-09-28 07:18:40 [XNIO-1 task-6] ERROR o.d.c.w.h.GlobalExceptionHandler - 读模板资源失败：lqg/doc-templates/template-version.txt（Unexpected end of ZLIB input stream）
2026-09-28 07:18:40 [XNIO-1 task-6] ERROR o.d.c.w.h.GlobalExceptionHandler - 读模板资源失败：lqg/doc-templates/template-version.txt（Unexpected end of ZLIB input stream）
2026-09-28 07:18:40 [XNIO-1 task-6] ERROR o.d.c.w.h.GlobalExceptionHandler - 读模板资源失败：lqg/doc-templates/template-version.txt（Unexpected end of ZLIB input stream）
2026-09-28 07:18:40 [XNIO-1 task-6] ERROR o.d.c.w.h.GlobalExceptionHandler - 读模板资源失败：lqg/doc-templates/template-version.txt（Unexpected end of ZLIB input stream）
2026-09-28 07:21:52 [XNIO-1 task-6] ERROR o.d.c.w.h.GlobalExceptionHandler - 读模板资源失败：lqg/doc-templates/template-version.txt（Unexpected end of ZLIB input stream）
2026-09-28 07:21:54 [XNIO-1 task-6] ERROR o.d.c.w.h.GlobalExceptionHandler - 这份文档还没完成，没什么可撤回的
2026-09-28 07:21:54 [XNIO-1 task-6] ERROR o.d.c.w.h.GlobalExceptionHandler - 这份文档还没完成，没什么可撤回的
2026-09-28 07:21:54 [XNIO-1 task-6] ERROR o.d.c.w.h.GlobalExceptionHandler - 读模板资源失败：lqg/doc-templates/template-version.txt（Unexpected end of ZLIB input stream）
2026-09-28 07:21:54 [XNIO-1 task-6] ERROR o.d.c.w.h.GlobalExceptionHandler - 读模板资源失败：lqg/doc-templates/template-version.txt（Unexpected end of ZLIB input stream）
2026-09-28 07:21:54 [XNIO-1 task-6] ERROR o.d.c.w.h.GlobalExceptionHandler - 读模板资源失败：lqg/doc-templates/template-version.txt（Unexpected end of ZLIB input stream）
2026-09-28 07:21:54 [XNIO-1 task-6] ERROR o.d.c.w.h.GlobalExceptionHandler - 读模板资源失败：lqg/doc-templates/template-version.txt（Unexpected end of ZLIB input stream）
2026-09-28 07:21:54 [XNIO-1 task-6] ERROR o.d.c.w.h.GlobalExceptionHandler - 读模板资源失败：lqg/doc-templates/template-version.txt（Unexpected end of ZLIB input stream）
2026-09-28 07:21:54 [XNIO-1 task-6] ERROR o.d.c.w.h.GlobalExceptionHandler - 读模板资源失败：lqg/doc-templates/template-version.txt（Unexpected end of ZLIB input stream）
2026-09-28 07:21:54 [XNIO-1 task-6] ERROR o.d.c.w.h.GlobalExceptionHandler - 读模板资源失败：lqg/doc-templates/template-version.txt（Unexpected end of ZLIB input stream）
2026-09-28 07:21:54 [XNIO-1 task-6] ERROR o.d.c.w.h.GlobalExceptionHandler - 读模板资源失败：lqg/doc-templates/template-version.txt（Unexpected end of ZLIB input stream）
2026-09-28 07:25:07 [XNIO-1 task-6] ERROR o.d.c.w.h.GlobalExceptionHandler - 这份文档还没完成，没什么可撤回的
2026-09-28 07:25:07 [XNIO-1 task-6] ERROR o.d.c.w.h.GlobalExceptionHandler - 这份文档还没完成，没什么可撤回的
2026-09-28 07:25:07 [XNIO-1 task-6] ERROR o.d.c.w.h.GlobalExceptionHandler - 读模板资源失败：lqg/doc-templates/template-version.txt（Unexpected end of ZLIB input stream）
2026-09-28 07:25:08 [XNIO-1 task-6] ERROR o.d.c.w.h.GlobalExceptionHandler - 读模板资源失败：lqg/doc-templates/template-version.txt（Unexpected end of ZLIB input stream）
2026-09-28 07:25:08 [XNIO-1 task-6] ERROR o.d.c.w.h.GlobalExceptionHandler - 读模板资源失败：lqg/doc-templates/template-version.txt（Unexpected end of ZLIB input stream）
2026-09-28 07:25:08 [XNIO-1 task-6] ERROR o.d.c.w.h.GlobalExceptionHandler - 读模板资源失败：lqg/doc-templates/template-version.txt（Unexpected end of ZLIB input stream）
2026-09-28 07:25:08 [XNIO-1 task-6] ERROR o.d.c.w.h.GlobalExceptionHandler - 读模板资源失败：lqg/doc-templates/template-version.txt（Unexpected end of ZLIB input stream）
2026-09-28 07:25:08 [XNIO-1 task-6] ERROR o.d.c.w.h.GlobalExceptionHandler - 读模板资源失败：lqg/doc-templates/template-version.txt（Unexpected end of ZLIB input stream）
2026-09-28 07:25:08 [XNIO-1 task-6] ERROR o.d.c.w.h.GlobalExceptionHandler - 读模板资源失败：lqg/doc-templates/template-version.txt（Unexpected end of ZLIB input stream）
2026-09-28 07:25:08 [XNIO-1 task-6] ERROR o.d.c.w.h.GlobalExceptionHandler - 读模板资源失败：lqg/doc-templates/template-version.txt（Unexpected end of ZLIB input stream）
2026-09-28 07:28:21 [XNIO-1 task-6] ERROR o.d.c.s.h.SaTokenExceptionHandler - 请求地址'/mp/int/export/tissue',角色权限校验失败'无此角色：lqg_internal'
2026-09-28 07:28:21 [XNIO-1 task-6] ERROR o.d.c.w.h.GlobalExceptionHandler - 请求地址'/mp/int/export/qc'不存在.
2026-09-28 07:28:29 [XNIO-1 task-6] ERROR o.d.c.w.h.GlobalExceptionHandler - 这份文档还没完成，没什么可撤回的
2026-09-28 07:28:29 [XNIO-1 task-6] ERROR o.d.c.w.h.GlobalExceptionHandler - 这份文档还没完成，没什么可撤回的
2026-09-28 07:28:29 [XNIO-1 task-6] ERROR o.d.c.w.h.GlobalExceptionHandler - 读模板资源失败：lqg/doc-templates/template-version.txt（Unexpected end of ZLIB input stream）
2026-09-28 07:28:29 [XNIO-1 task-6] ERROR o.d.c.w.h.GlobalExceptionHandler - 读模板资源失败：lqg/doc-templates/template-version.txt（Unexpected end of ZLIB input stream）
2026-09-28 07:28:29 [XNIO-1 task-6] ERROR o.d.c.w.h.GlobalExceptionHandler - 读模板资源失败：lqg/doc-templates/template-version.txt（Unexpected end of ZLIB input stream）
2026-09-28 07:28:29 [XNIO-1 task-6] ERROR o.d.c.w.h.GlobalExceptionHandler - 读模板资源失败：lqg/doc-templates/template-version.txt（Unexpected end of ZLIB input stream）
2026-09-28 07:28:29 [XNIO-1 task-6] ERROR o.d.c.w.h.GlobalExceptionHandler - 读模板资源失败：lqg/doc-templates/template-version.txt（Unexpected end of ZLIB input stream）
2026-09-28 07:28:29 [XNIO-1 task-6] ERROR o.d.c.w.h.GlobalExceptionHandler - 读模板资源失败：lqg/doc-templates/template-version.txt（Unexpected end of ZLIB input stream）
2026-09-28 07:28:29 [XNIO-1 task-6] ERROR o.d.c.w.h.GlobalExceptionHandler - 读模板资源失败：lqg/doc-templates/template-version.txt（Unexpected end of ZLIB input stream）
2026-09-28 07:28:29 [XNIO-1 task-6] ERROR o.d.c.w.h.GlobalExceptionHandler - 读模板资源失败：lqg/doc-templates/template-version.txt（Unexpected end of ZLIB input stream）
2026-09-28 07:30:33 [XNIO-1 task-6] ERROR o.d.c.w.h.GlobalExceptionHandler - 读模板资源失败：lqg/doc-templates/template-version.txt（Unexpected end of ZLIB input stream）
2026-09-28 07:30:34 [XNIO-1 task-6] ERROR o.d.c.w.h.GlobalExceptionHandler - 读模板资源失败：lqg/doc-templates/template-version.txt（Unexpected end of ZLIB input stream）
2026-09-28 07:30:35 [XNIO-1 task-6] ERROR o.d.c.w.h.GlobalExceptionHandler - 这份文档还没生成，请先在质控文档页点「预览」
2026-09-28 07:30:39 [XNIO-1 task-5] ERROR o.d.c.w.h.GlobalExceptionHandler - 读模板资源失败：lqg/doc-templates/template-version.txt（Unexpected end of ZLIB input stream）
2026-09-28 07:30:40 [XNIO-1 task-5] ERROR o.d.c.w.h.GlobalExceptionHandler - 读模板资源失败：lqg/doc-templates/template-version.txt（Unexpected end of ZLIB input stream）
2026-09-28 07:30:40 [XNIO-1 task-5] ERROR o.d.c.w.h.GlobalExceptionHandler - 读模板资源失败：lqg/doc-templates/template-version.txt（Unexpected end of ZLIB input stream）
2026-09-28 07:30:41 [XNIO-1 task-6] ERROR o.d.c.w.h.GlobalExceptionHandler - 读模板资源失败：lqg/doc-templates/template-version.txt（Unexpected end of ZLIB input stream）
2026-09-28 07:30:43 [XNIO-1 task-6] ERROR o.d.c.w.h.GlobalExceptionHandler - 「培养前样本评分」没有档位 gt999（合法档位：gt80 / lt40 / 40to80）
2026-09-28 07:30:44 [XNIO-1 task-6] ERROR o.d.c.w.h.GlobalExceptionHandler - 质控文档只能对已核验有效的样本打开（当前状态：pending）
2026-09-28 07:30:44 [XNIO-1 task-6] ERROR o.d.c.w.h.GlobalExceptionHandler - 图片位 orig 已有 3 张，最多 3 张
2026-09-28 07:30:44 [XNIO-1 task-6] ERROR o.d.c.w.h.GlobalExceptionHandler - 图片位 organoid_observe 不属于 sample_qc（它只有：orig / observe / pretreat）
2026-09-28 07:30:44 [XNIO-1 task-6] ERROR o.d.c.w.h.GlobalExceptionHandler - 图片位 orig 不属于 organoid_score（它只有：没有图片位）
2026-09-28 07:31:41 [XNIO-1 task-6] ERROR o.d.c.w.h.GlobalExceptionHandler - 读模板资源失败：lqg/doc-templates/template-version.txt（Unexpected end of ZLIB input stream）
2026-09-28 07:32:41 [XNIO-1 task-6] ERROR o.d.c.w.h.GlobalExceptionHandler - 读模板资源失败：lqg/doc-templates/template-version.txt（Unexpected end of ZLIB input stream）
2026-09-28 07:32:41 [XNIO-1 task-6] ERROR o.d.c.w.h.GlobalExceptionHandler - 读模板资源失败：lqg/doc-templates/template-version.txt（Unexpected end of ZLIB input stream）
2026-09-28 07:32:42 [XNIO-1 task-6] ERROR o.d.c.w.h.GlobalExceptionHandler - 这份文档还没生成，请先在质控文档页点「预览」
2026-09-28 07:32:47 [XNIO-1 task-7] ERROR o.d.c.w.h.GlobalExceptionHandler - 读模板资源失败：lqg/doc-templates/template-version.txt（Unexpected end of ZLIB input stream）
2026-09-28 07:32:48 [XNIO-1 task-7] ERROR o.d.c.w.h.GlobalExceptionHandler - 读模板资源失败：lqg/doc-templates/template-version.txt（Unexpected end of ZLIB input stream）
2026-09-28 07:32:48 [XNIO-1 task-7] ERROR o.d.c.w.h.GlobalExceptionHandler - 读模板资源失败：lqg/doc-templates/template-version.txt（Unexpected end of ZLIB input stream）
2026-09-28 07:32:49 [XNIO-1 task-6] ERROR o.d.c.w.h.GlobalExceptionHandler - 读模板资源失败：lqg/doc-templates/template-version.txt（Unexpected end of ZLIB input stream）
2026-09-28 07:33:04 [XNIO-1 task-6] ERROR o.d.c.w.h.GlobalExceptionHandler - 读模板资源失败：lqg/doc-templates/template-version.txt（Unexpected end of ZLIB input stream）
2026-09-28 07:34:47 [XNIO-1 task-2] ERROR o.d.c.s.h.SaTokenExceptionHandler - 请求地址'/lqg/sys/ping',认证失败'未能读取到有效 token',无法访问系统资源
2026-09-28 07:35:06 [XNIO-1 task-2] ERROR o.d.c.w.h.GlobalExceptionHandler - 这份文档还没生成，请先在质控文档页点「预览」
2026-09-28 07:35:21 [XNIO-1 task-3] ERROR o.d.c.w.h.GlobalExceptionHandler - 文档不存在
2026-09-28 07:35:34 [XNIO-1 task-3] ERROR o.d.c.w.h.GlobalExceptionHandler - 「培养前样本评分」没有档位 gt999（合法档位：gt80 / lt40 / 40to80）
2026-09-28 07:35:35 [XNIO-1 task-3] ERROR o.d.c.w.h.GlobalExceptionHandler - 质控文档只能对已核验有效的样本打开（当前状态：pending）
2026-09-28 07:35:35 [XNIO-1 task-3] ERROR o.d.c.w.h.GlobalExceptionHandler - 图片位 orig 已有 3 张，最多 3 张
2026-09-28 07:35:35 [XNIO-1 task-3] ERROR o.d.c.w.h.GlobalExceptionHandler - 图片位 organoid_observe 不属于 sample_qc（它只有：orig / observe / pretreat）
2026-09-28 07:35:35 [XNIO-1 task-3] ERROR o.d.c.w.h.GlobalExceptionHandler - 图片位 orig 不属于 organoid_score（它只有：没有图片位）
2026-09-28 07:37:07 [XNIO-1 task-3] ERROR o.d.c.w.h.GlobalExceptionHandler - 这份文档还没生成，请先在质控文档页点「预览」
2026-09-28 07:37:22 [XNIO-1 task-3] ERROR o.d.c.w.h.GlobalExceptionHandler - 文档不存在
2026-09-28 07:37:54 [XNIO-1 task-3] ERROR o.d.c.w.h.GlobalExceptionHandler - 该档案的单位 / 组别是外部自填的，核验通过前必须二选一：「新建」（createUnit + createGroup）或「归并到已有」（unitId + groupId）
2026-09-28 07:37:54 [XNIO-1 task-3] ERROR o.d.c.w.h.GlobalExceptionHandler - 驳回必须填写原因
2026-09-28 07:37:54 [XNIO-1 task-3] ERROR o.d.c.w.h.GlobalExceptionHandler - 组别「类器官课题组」不属于单位「A 医院」
2026-09-28 07:37:54 [XNIO-1 task-3] ERROR o.d.c.s.h.SaTokenExceptionHandler - 请求地址'/mp/ext/profile',角色权限校验失败'无此角色：lqg_external'
2026-09-28 07:38:00 [XNIO-1 task-3] ERROR o.d.c.w.h.GlobalExceptionHandler - 参数校验异常
2026-09-28 07:38:01 [XNIO-1 task-3] ERROR o.d.c.s.h.SaTokenExceptionHandler - 请求地址'/mp/me',认证失败'token 无效：eyJhbGciOiJIUzI1NiIsInR5cCI6IkpXVCJ9.eyJsb2dpblR5cGUiOiJsb2dpbiIsImxvZ2luSWQiOiJhcHBfdXNlcjo5MDAwMDAwMTE2Iiwicm5TdHIiOiJtSGNaTWIwRTNlNU1EMm81a1RZSjlCRVYwdklhR3BHYiIsImNsaWVudGlkIjoiMjJiMmFlY2QwNzEwNjcxNjkxZWMxYzA3ZjI1NDJiOWQiLCJ1c2VySWQiOjkwMDAwMDAxMTYsInVzZXJOYW1lIjoid3hfMTM4MDAwMDAwMTYifQ.ShvpL52x9OGN65PLvhjvWpFlXflgb63ya2G89_3o6lo',无法访问系统资源
2026-09-28 07:38:02 [XNIO-1 task-3] ERROR o.d.c.w.h.GlobalExceptionHandler - 不能撤销自己的内部授权
2026-09-28 07:38:02 [XNIO-1 task-3] ERROR o.d.c.s.h.SaTokenExceptionHandler - 请求地址'/lqg/auth/staff',权限码校验失败'无此权限：lqg:auth:staff:list'
2026-09-28 07:38:02 [XNIO-1 task-3] ERROR o.d.c.s.h.SaTokenExceptionHandler - 请求地址'/mp/me',认证失败'token 无效：eyJhbGciOiJIUzI1NiIsInR5cCI6IkpXVCJ9.eyJsb2dpblR5cGUiOiJsb2dpbiIsImxvZ2luSWQiOiJzeXNfdXNlcjo5MDAwMDAwMTAxIiwicm5TdHIiOiJmQlpqS0dxQ0syWnRkUWg3M0hGclVKbThsakJ4bGxnSiIsImNsaWVudGlkIjoiMjJiMmFlY2QwNzEwNjcxNjkxZWMxYzA3ZjI1NDJiOWQiLCJ1c2VySWQiOjkwMDAwMDAxMDEsInVzZXJOYW1lIjoibHFnXzEzODAwMDAwMDAxIn0.cXVp9diweojx3Eh9WV_IBzx3TwEqN_bs4RpTDpdHNIU',无法访问系统资源
2026-09-28 07:38:02 [XNIO-1 task-3] ERROR o.d.c.s.h.SaTokenExceptionHandler - 请求地址'/lqg/auth/staff',认证失败'token 无效：eyJhbGciOiJIUzI1NiIsInR5cCI6IkpXVCJ9.eyJsb2dpblR5cGUiOiJsb2dpbiIsImxvZ2luSWQiOiJzeXNfdXNlcjo5MDAwMDAwMTAxIiwicm5TdHIiOiI3NVhiM1RJY1pZVjd5TTNSZVdVSHFFS3JxUEZLTlFKWSIsImNsaWVudGlkIjoiMjJiMmFlY2QwNzEwNjcxNjkxZWMxYzA3ZjI1NDJiOWQiLCJ1c2VySWQiOjkwMDAwMDAxMDEsInVzZXJOYW1lIjoibHFnXzEzODAwMDAwMDAxIn0.JHedODDsNdiSjBbsjBOcjppapSDelqWWxdAG6VGf56E',无法访问系统资源
2026-09-28 07:38:02 [XNIO-1 task-3] ERROR o.d.c.s.h.SaTokenExceptionHandler - 请求地址'/lqg/auth/staff',权限码校验失败'无此权限：lqg:auth:staff:list'
2026-09-28 07:38:04 [XNIO-1 task-3] ERROR o.d.c.w.h.GlobalExceptionHandler - 该账号无权登录工作台，请使用小程序登录
2026-09-28 07:38:04 [XNIO-1 task-3] ERROR o.d.c.w.h.GlobalExceptionHandler - 该账号不是内部人员
2026-09-28 07:38:05 [XNIO-1 task-3] ERROR o.d.c.s.h.SaTokenExceptionHandler - 请求地址'/lqg/sys/ping',认证失败'未能读取到有效 token',无法访问系统资源
2026-09-28 07:38:05 [XNIO-1 task-3] ERROR o.d.c.s.h.SaTokenExceptionHandler - 请求地址'/lqg/sys/ping',角色权限校验失败'无此角色：lqg_admin'
2026-09-28 07:38:33 [XNIO-1 task-2] ERROR o.d.c.w.h.GlobalExceptionHandler - 样本不存在
2026-09-28 07:38:33 [XNIO-1 task-2] ERROR o.d.c.w.h.GlobalExceptionHandler - 样本不存在
2026-09-28 07:38:33 [XNIO-1 task-2] ERROR o.d.c.w.h.GlobalExceptionHandler - 样本不存在
2026-09-28 07:38:34 [XNIO-1 task-2] ERROR o.d.c.w.h.GlobalExceptionHandler - 请求地址'/mp/ext/home'不存在.
2026-09-28 07:38:34 [XNIO-1 task-2] ERROR o.d.c.s.h.SaTokenExceptionHandler - 请求地址'/lqg/sample/list',权限码校验失败'无此权限：lqg:sample:list'
2026-09-28 07:38:34 [XNIO-1 task-2] ERROR o.d.c.s.h.SaTokenExceptionHandler - 请求地址'/mp/int/sample/list',角色权限校验失败'无此角色：lqg_internal'
2026-09-28 07:38:34 [XNIO-1 task-2] ERROR o.d.c.s.h.SaTokenExceptionHandler - 请求地址'/mp/ext/sample/list',角色权限校验失败'无此角色：lqg_external'
2026-09-28 07:38:35 [XNIO-1 task-2] ERROR o.d.c.w.h.GlobalExceptionHandler - 只能修改重提本人提交的样本（同组的样本可以看，但不能改）
2026-09-28 07:38:35 [XNIO-1 task-2] ERROR o.d.c.w.h.GlobalExceptionHandler - 样本当前状态不允许外部修改重提（只有待核验、无效的样本可以）
2026-09-28 07:38:35 [XNIO-1 task-2] ERROR o.d.c.w.h.GlobalExceptionHandler - 样本不存在
2026-09-28 07:38:35 [XNIO-1 task-2] ERROR o.d.c.w.h.GlobalExceptionHandler - 这条记录是「类器官」类样本，不能从「组织」的入口修改
2026-09-28 07:38:35 [XNIO-1 task-2] ERROR o.d.c.w.h.GlobalExceptionHandler - 提交的内容不符合要求：来源单位不能为空（请填写单位名称，或先在「我的 → 单位与组别」绑定单位，绑定后会自动带出）
2026-09-28 07:38:36 [XNIO-1 task-2] ERROR o.d.c.w.h.GlobalExceptionHandler - 提交的内容不符合要求：代数请填 P 加数字，如 P3
2026-09-28 07:38:39 [XNIO-1 task-2] ERROR o.d.c.w.h.GlobalExceptionHandler - 内部编号「T-hli01」已存在，请换一个
2026-09-28 07:38:39 [XNIO-1 task-2] ERROR o.d.c.w.h.GlobalExceptionHandler - 提交的内容不符合要求：类器官类型不能为空
2026-09-28 07:38:39 [XNIO-1 task-2] ERROR o.d.c.w.h.GlobalExceptionHandler - 提交的内容不符合要求：代数请填 P 加数字，如 P3
2026-09-28 07:38:46 [XNIO-1 task-2] ERROR o.d.c.s.h.SaTokenExceptionHandler - 请求地址'/mp/int/sample/list',角色权限校验失败'无此角色：lqg_internal'
2026-09-28 07:38:47 [XNIO-1 task-2] ERROR o.d.c.w.h.GlobalExceptionHandler - 待核验与无效的样本只能在网页工作台核验或改判，小程序里不能改
2026-09-28 07:38:47 [XNIO-1 task-2] ERROR o.d.c.w.h.GlobalExceptionHandler - 提交的内容不符合要求：组织类型不能为空
2026-09-28 07:38:49 [XNIO-1 task-2] ERROR o.d.c.w.h.GlobalExceptionHandler - 组织样本没有这些字段，不能修改：代数
2026-09-28 07:39:03 [XNIO-1 task-2] ERROR o.d.c.s.h.SaTokenExceptionHandler - 请求地址'/lqg/sample/9000001007/verify',权限码校验失败'无此权限：lqg:sample:verify'
2026-09-28 07:39:03 [XNIO-1 task-2] ERROR o.d.c.s.h.SaTokenExceptionHandler - 请求地址'/lqg/embed/9000002006/verify',权限码校验失败'无此权限：lqg:embed:verify'
2026-09-28 07:39:03 [XNIO-1 task-2] ERROR o.d.c.w.h.GlobalExceptionHandler - 判无效必须写原因
2026-09-28 07:39:03 [XNIO-1 task-2] ERROR o.d.c.w.h.GlobalExceptionHandler - 内部编号「T-hli01」已存在，请换一个
2026-09-28 07:39:03 [XNIO-1 task-2] ERROR o.d.c.w.h.GlobalExceptionHandler - 所挂样本还未核验有效（当前状态：pending），不能判为有效
2026-09-28 07:39:05 [XNIO-1 task-2] ERROR o.d.c.w.h.GlobalExceptionHandler - 判有效必须同时给收样日期与内部编号，缺少：内部编号
2026-09-28 07:39:05 [XNIO-1 task-2] ERROR o.d.c.w.h.GlobalExceptionHandler - 内部编号「T-hli01」已存在，请换一个
2026-09-28 07:39:05 [XNIO-1 task-2] ERROR o.d.c.w.h.GlobalExceptionHandler - 判无效必须写原因
2026-09-28 07:39:08 [XNIO-1 task-2] ERROR o.d.c.w.h.GlobalExceptionHandler - 提交的内容不符合要求：组织类型不能为空
2026-09-28 07:39:08 [XNIO-1 task-2] ERROR o.d.c.w.h.GlobalExceptionHandler - 判有效必须同时给收样日期与内部编号，缺少：内部编号
2026-09-28 07:39:09 [XNIO-1 task-2] ERROR o.d.c.w.h.GlobalExceptionHandler - 提交的内容不符合要求：代数请填 P 加数字，如 P3
2026-09-28 07:39:17 [XNIO-1 task-2] ERROR o.d.c.w.h.GlobalExceptionHandler - 样本不存在
2026-09-28 07:39:17 [XNIO-1 task-2] ERROR o.d.c.w.h.GlobalExceptionHandler - 石蜡包埋记录不存在
2026-09-28 07:39:17 [XNIO-1 task-2] ERROR o.d.c.w.h.GlobalExceptionHandler - 石蜡包埋记录不存在
2026-09-28 07:39:17 [XNIO-1 task-2] ERROR o.d.c.w.h.GlobalExceptionHandler - 石蜡包埋记录不存在
2026-09-28 07:39:17 [XNIO-1 task-2] ERROR o.d.c.s.h.SaTokenExceptionHandler - 请求地址'/system/config/list',权限码校验失败'无此权限：system:config:list'
2026-09-28 07:39:21 [XNIO-1 task-2] ERROR o.d.c.w.h.GlobalExceptionHandler - 只能挂本人送检过的样本（同组的样本可以看，但不能替他送样）
2026-09-28 07:39:21 [XNIO-1 task-2] ERROR o.d.c.w.h.GlobalExceptionHandler - 这条样本已判无效，不能提交石蜡包埋送样
2026-09-28 07:39:21 [XNIO-1 task-2] ERROR o.d.c.w.h.GlobalExceptionHandler - 样本不存在
2026-09-28 07:39:21 [XNIO-1 task-2] ERROR o.d.c.w.h.GlobalExceptionHandler - 样本不存在
2026-09-28 07:39:21 [XNIO-1 task-2] ERROR o.d.c.w.h.GlobalExceptionHandler - 样本不存在
2026-09-28 07:39:21 [XNIO-1 task-2] ERROR o.d.c.w.h.GlobalExceptionHandler - 只能修改重提本人提交的送样（同组的可以看，但不能改）
2026-09-28 07:39:21 [XNIO-1 task-2] ERROR o.d.c.w.h.GlobalExceptionHandler - 只能修改重提本人提交的送样（同组的可以看，但不能改）
2026-09-28 07:39:21 [XNIO-1 task-2] ERROR o.d.c.w.h.GlobalExceptionHandler - 石蜡包埋记录不存在
2026-09-28 07:39:21 [XNIO-1 task-2] ERROR o.d.c.w.h.GlobalExceptionHandler - 石蜡包埋记录不存在
2026-09-28 07:39:21 [XNIO-1 task-2] ERROR o.d.c.w.h.GlobalExceptionHandler - 石蜡包埋记录不存在
2026-09-28 07:39:37 [XNIO-1 task-2] ERROR o.d.c.w.h.GlobalExceptionHandler - 「无染色」与其余染色互斥，不能同时选
2026-09-28 07:39:37 [XNIO-1 task-2] ERROR o.d.c.w.h.GlobalExceptionHandler - 选了「其他」必须写具体染色名称
2026-09-28 07:39:37 [XNIO-1 task-2] ERROR o.d.c.w.h.GlobalExceptionHandler - 染色「PAS」不在字典 lqg_stain_type 里（只能是 HE / IF / IHC / OTHER / NONE）
2026-09-28 07:39:37 [XNIO-1 task-2] ERROR o.d.c.w.h.GlobalExceptionHandler - 内部录入只能挂到已核验有效的样本（当前状态：pending）
2026-09-28 07:39:37 [XNIO-1 task-2] ERROR o.d.c.w.h.GlobalExceptionHandler - 石蜡块编号「T-E01-1」已存在，请换一个
2026-09-28 07:39:37 [XNIO-1 task-2] ERROR o.d.c.w.h.GlobalExceptionHandler - 内部录入石蜡包埋必须填石蜡块编号
2026-09-28 07:39:37 [XNIO-1 task-2] ERROR o.d.c.w.h.GlobalExceptionHandler - 该样本名下已有包埋 / 冻存 / 质控文档，不能改判无效
2026-09-28 07:39:39 [XNIO-1 task-2] ERROR o.d.c.w.h.GlobalExceptionHandler - 所挂样本还未核验有效（当前状态：pending），不能判为有效
2026-09-28 07:39:39 [XNIO-1 task-2] ERROR o.d.c.w.h.GlobalExceptionHandler - 判无效必须写原因
2026-09-28 07:39:39 [XNIO-1 task-2] ERROR o.d.c.w.h.GlobalExceptionHandler - 待核验 / 无效的送样不能通过普通保存修改（核验与改判只走 PUT /lqg/embed/{id}/verify）
2026-09-28 07:39:39 [XNIO-1 task-2] ERROR o.d.c.w.h.GlobalExceptionHandler - 判有效必须填石蜡块编号
2026-09-28 07:39:40 [XNIO-1 task-2] ERROR o.d.c.w.h.GlobalExceptionHandler - 石蜡块编号「T-E01-1」已存在，请换一个
2026-09-28 07:39:41 [XNIO-1 task-2] ERROR o.d.c.w.h.GlobalExceptionHandler - 石蜡包埋记录不存在
2026-09-28 07:39:41 [XNIO-1 task-2] ERROR o.d.c.w.h.GlobalExceptionHandler - 石蜡包埋记录不存在
2026-09-28 07:39:41 [XNIO-1 task-2] ERROR o.d.c.w.h.GlobalExceptionHandler - 石蜡包埋记录不存在
2026-09-28 07:39:41 [XNIO-1 task-2] ERROR o.d.c.w.h.GlobalExceptionHandler - 样本不存在
2026-09-28 07:39:41 [XNIO-1 task-2] ERROR o.d.c.w.h.GlobalExceptionHandler - 样本不存在
2026-09-28 07:39:41 [XNIO-1 task-2] ERROR o.d.c.w.h.GlobalExceptionHandler - 样本不存在
2026-09-28 07:39:41 [XNIO-1 task-2] ERROR o.d.c.w.h.GlobalExceptionHandler - 石蜡包埋记录不存在
2026-09-28 07:39:41 [XNIO-1 task-2] ERROR o.d.c.w.h.GlobalExceptionHandler - 石蜡包埋记录不存在
2026-09-28 07:39:41 [XNIO-1 task-2] ERROR o.d.c.w.h.GlobalExceptionHandler - 石蜡包埋记录不存在
2026-09-28 07:39:42 [XNIO-1 task-2] ERROR o.d.c.w.h.GlobalExceptionHandler - 只能修改重提本人提交的送样（同组的可以看，但不能改）
2026-09-28 07:39:42 [XNIO-1 task-2] ERROR o.d.c.w.h.GlobalExceptionHandler - 只能挂本人送检过的样本（同组的样本可以看，但不能替他送样）
2026-09-28 07:39:42 [XNIO-1 task-2] ERROR o.d.c.w.h.GlobalExceptionHandler - 这条样本已判无效，不能提交石蜡包埋送样
2026-09-28 07:39:43 [XNIO-1 task-2] ERROR o.d.c.w.h.GlobalExceptionHandler - 「无染色」与其余染色互斥，不能同时选
2026-09-28 07:39:43 [XNIO-1 task-2] ERROR o.d.c.w.h.GlobalExceptionHandler - 判为无效只保存原因，以及样本类型、类器官来源类型的更正；脱水时间、染色是核验有效后才补填的，这次不会保存——请撤销这些改动（关掉抽屉重新打开即可），或改为「判为有效并保存」
2026-09-28 07:39:43 [XNIO-1 task-2] ERROR o.d.c.w.h.GlobalExceptionHandler - 补填的内容不符合要求：核验时不能改所挂样本（所挂样本核验时不能更换；石蜡块编号用请求顶层的 paraffinBlockNo）
2026-09-28 07:39:50 [XNIO-1 task-2] ERROR o.d.c.s.h.SaTokenExceptionHandler - 请求地址'/mp/int/embed/list',角色权限校验失败'无此角色：lqg_internal'
2026-09-28 07:39:51 [XNIO-1 task-2] ERROR o.d.c.w.h.GlobalExceptionHandler - 石蜡块编号「T-E01-1」已存在，请换一个
2026-09-28 07:39:51 [XNIO-1 task-2] ERROR o.d.c.w.h.GlobalExceptionHandler - 待核验 / 无效的送样不能通过普通保存修改（核验与改判只走 PUT /lqg/embed/{id}/verify）
2026-09-28 07:39:59 [XNIO-1 task-2] ERROR o.d.c.s.h.SaTokenExceptionHandler - 请求地址'/lqg/sample/export/tissue',权限码校验失败'无此权限：lqg:sample:export'
2026-09-28 07:40:05 [XNIO-1 task-2] ERROR o.d.c.w.h.GlobalExceptionHandler - 取走支数超过当前剩余（当前剩余 3 支，本次要 9 支）
2026-09-28 07:40:05 [XNIO-1 task-2] ERROR o.d.c.w.h.GlobalExceptionHandler - 盘点调整必须写原因
2026-09-28 07:40:05 [XNIO-1 task-2] ERROR o.d.c.w.h.GlobalExceptionHandler - 取走支数超过当前剩余（当前剩余 3 支，本次要 9 支）
2026-09-28 07:40:05 [XNIO-1 task-2] ERROR o.d.c.w.h.GlobalExceptionHandler - 取走支数必须是正整数（当前：-1）
2026-09-28 07:40:06 [XNIO-1 task-2] ERROR o.d.c.w.h.GlobalExceptionHandler - 登记类型不能改（要换类型请删掉重新登记）
2026-09-28 07:40:07 [XNIO-1 task-2] ERROR o.d.c.w.h.GlobalExceptionHandler - 冻存出入库登记不存在
2026-09-28 07:40:07 [XNIO-1 task-2] ERROR o.d.c.w.h.GlobalExceptionHandler - 这样改会让 08-29 07:40 那一笔（-6 支）之后的剩余变成 -1 支，没有保存
2026-09-28 07:40:07 [XNIO-1 task-2] ERROR o.d.c.w.h.GlobalExceptionHandler - 删掉这一笔会让 09-28 07:40 那一笔（-7 支）之后的剩余变成 -2 支，没有保存
2026-09-28 07:40:09 [XNIO-1 task-6] ERROR o.d.c.w.h.GlobalExceptionHandler - 取走支数超过当前剩余（当前剩余 0 支，本次要 2 支）
2026-09-28 07:40:09 [XNIO-1 task-4] ERROR o.d.c.w.h.GlobalExceptionHandler - 取走支数超过当前剩余（当前剩余 0 支，本次要 2 支）
2026-09-28 07:40:09 [XNIO-1 task-2] ERROR o.d.c.w.h.GlobalExceptionHandler - 取走支数超过当前剩余（当前剩余 0 支，本次要 2 支）
2026-09-28 07:40:09 [XNIO-1 task-3] ERROR o.d.c.w.h.GlobalExceptionHandler - 取走支数超过当前剩余（当前剩余 0 支，本次要 2 支）
2026-09-28 07:40:09 [XNIO-1 task-3] ERROR o.d.c.w.h.GlobalExceptionHandler - 转移至液氮时间（2020-01-01）不能早于冻存时间（2026-09-08）
2026-09-28 07:40:10 [XNIO-1 task-3] ERROR o.d.c.w.h.GlobalExceptionHandler - 代数格式不对，应形如 P3（P + 1~3 位数字）：3
2026-09-28 07:40:10 [XNIO-1 task-3] ERROR o.d.c.w.h.GlobalExceptionHandler - 冻存数量必须是正整数（当前：0）
2026-09-28 07:40:10 [XNIO-1 task-3] ERROR o.d.c.w.h.GlobalExceptionHandler - 直接进液氮（暂存 -80 选「否」）必须填液氮储存位置
2026-09-28 07:40:11 [XNIO-1 task-3] ERROR o.d.c.w.h.GlobalExceptionHandler - 冻存只能挂到已核验有效的样本（当前状态：pending）
2026-09-28 07:40:11 [XNIO-1 task-3] ERROR o.d.c.w.h.GlobalExceptionHandler - 转移至液氮时间（2026-09-01）不能早于冻存时间（2026-09-17）
2026-09-28 07:40:11 [XNIO-1 task-3] ERROR o.d.c.w.h.GlobalExceptionHandler - 已取走 2 支，冻存数量不能少于 2
2026-09-28 07:40:11 [XNIO-1 task-3] ERROR o.d.c.w.h.GlobalExceptionHandler - 该批次已有 1 笔出入库登记，不能删除（删了「谁取走了几支」就查不到了）
2026-09-28 07:40:13 [XNIO-1 task-3] ERROR o.d.c.w.h.GlobalExceptionHandler - 已取走 3 支，冻存数量不能少于 3
2026-09-28 07:40:14 [XNIO-1 task-3] ERROR o.d.c.s.h.SaTokenExceptionHandler - 请求地址'/mp/int/cryo/batch/list',角色权限校验失败'无此角色：lqg_internal'
2026-09-28 07:40:15 [XNIO-1 task-3] ERROR o.d.c.w.h.GlobalExceptionHandler - 请求地址'/mp/int/cryo/batch/9000003002/flow'不存在.
2026-09-28 07:40:15 [XNIO-1 task-3] ERROR o.d.c.w.h.GlobalExceptionHandler - 请求地址'/mp/int/cryo/batch/9000003001/flow/9000003101'不存在.
2026-09-28 07:40:15 [XNIO-1 task-3] ERROR o.d.c.w.h.GlobalExceptionHandler - 请求地址'/mp/int/cryo/batch/9000003001/flow/9000003101'不存在.
2026-09-28 07:40:15 [XNIO-1 task-3] ERROR o.d.c.w.h.GlobalExceptionHandler - 请求地址'/mp/int/cryo/batch/9000003001/to-ln2'不存在.
2026-09-28 07:40:15 [XNIO-1 task-3] ERROR o.d.c.s.h.SaTokenExceptionHandler - 请求地址'/mp/int/cryo/batch/9000003001/flows',角色权限校验失败'无此角色：lqg_internal'
2026-09-28 07:40:16 [XNIO-1 task-3] ERROR o.d.c.w.h.GlobalExceptionHandler - 这样改会让 09-28 09:00 那一笔（-3 支）之后的剩余变成 -1 支，没有保存
2026-09-28 07:40:16 [XNIO-1 task-3] ERROR o.d.c.s.h.SaTokenExceptionHandler - 请求地址'/lqg/cryo/batch/9000003002/flow',权限码校验失败'无此权限：lqg:cryo:flow'
2026-09-28 07:40:16 [XNIO-1 task-3] ERROR o.d.c.s.h.SaTokenExceptionHandler - 请求地址'/lqg/cryo/batch/9000003001/to-ln2',权限码校验失败'无此权限：lqg:cryo:edit'
2026-09-28 07:40:17 [XNIO-1 task-3] ERROR o.d.c.w.h.GlobalExceptionHandler - 冻存数量不能为空
2026-09-28 07:40:44 [XNIO-1 task-3] ERROR o.d.c.s.h.SaTokenExceptionHandler - 请求地址'/lqg/cryo/overdue',权限码校验失败'无此权限：lqg:cryo:list'
2026-09-28 07:40:54 [XNIO-1 task-3] ERROR o.d.c.w.h.GlobalExceptionHandler - 识别太频繁了，请稍后再试（每分钟最多 6 次）
2026-09-28 07:40:55 [XNIO-1 task-2] ERROR o.d.c.w.h.GlobalExceptionHandler - 识别太频繁了，请稍后再试（每分钟最多 6 次）
2026-09-28 07:42:21 [XNIO-1 task-2] ERROR o.d.c.w.h.GlobalExceptionHandler - 这份文档还没生成，请先在质控文档页点「预览」
2026-09-28 07:42:36 [XNIO-1 task-3] ERROR o.d.c.w.h.GlobalExceptionHandler - 文档不存在
2026-09-28 07:42:48 [XNIO-1 task-2] ERROR o.d.c.w.h.GlobalExceptionHandler - 「培养前样本评分」没有档位 gt999（合法档位：gt80 / lt40 / 40to80）
2026-09-28 07:42:50 [XNIO-1 task-2] ERROR o.d.c.w.h.GlobalExceptionHandler - 质控文档只能对已核验有效的样本打开（当前状态：pending）
2026-09-28 07:42:50 [XNIO-1 task-2] ERROR o.d.c.w.h.GlobalExceptionHandler - 图片位 orig 已有 3 张，最多 3 张
2026-09-28 07:42:50 [XNIO-1 task-2] ERROR o.d.c.w.h.GlobalExceptionHandler - 图片位 organoid_observe 不属于 sample_qc（它只有：orig / observe / pretreat）
2026-09-28 07:42:50 [XNIO-1 task-2] ERROR o.d.c.w.h.GlobalExceptionHandler - 图片位 orig 不属于 organoid_score（它只有：没有图片位）
2026-09-28 07:43:37 [XNIO-1 task-4] ERROR o.d.c.w.h.GlobalExceptionHandler - 样本不存在
2026-09-28 07:43:37 [XNIO-1 task-4] ERROR o.d.c.w.h.GlobalExceptionHandler - 文档不存在
2026-09-28 07:43:37 [XNIO-1 task-4] ERROR o.d.c.w.h.GlobalExceptionHandler - 文档不存在
2026-09-28 07:43:57 [XNIO-1 task-3] ERROR o.d.c.s.h.SaTokenExceptionHandler - 请求地址'/lqg/doc/9000001001/organoid_score/pages',权限码校验失败'无此权限：lqg:doc:query'
2026-09-28 07:44:28 [XNIO-1 task-3] ERROR o.d.lqg.doc.pdf.DocPagesService - 外部预览：图片/附件指向了别的样本或内部版的渲染产物，拒绝签发 sampleId=9000001005 ossId=2104356405484945409 key=lqg/doc/9000001005/sample_qc/internal/ececa03f20e5.docx
2026-09-28 07:44:28 [XNIO-1 task-3] ERROR o.d.c.w.h.GlobalExceptionHandler - 样本不存在
2026-09-28 07:44:40 [XNIO-1 task-3] ERROR o.d.c.s.h.SaTokenExceptionHandler - 请求地址'/mp/int/doc/list',角色权限校验失败'无此角色：lqg_internal'
2026-09-28 07:44:47 [XNIO-1 task-3] ERROR o.d.c.w.h.GlobalExceptionHandler - 这份文档还没完成，没什么可撤回的
2026-09-28 07:44:47 [XNIO-1 task-3] ERROR o.d.c.w.h.GlobalExceptionHandler - 这份文档还没完成，没什么可撤回的
2026-09-28 07:45:05 [XNIO-1 task-3] ERROR o.d.c.s.h.SaTokenExceptionHandler - 请求地址'/mp/int/doc/9000001006/organoid_score/pages',角色权限校验失败'无此角色：lqg_internal'
2026-09-28 07:45:05 [XNIO-1 task-3] ERROR o.d.c.w.h.GlobalExceptionHandler - 这份文档还没完成，没什么可撤回的
2026-09-28 07:45:06 [XNIO-1 task-3] ERROR o.d.c.w.h.GlobalExceptionHandler - 这份文档已经完成并同步过了，不用再点一次
2026-09-28 07:45:39 [XNIO-1 task-3] ERROR o.d.c.w.h.GlobalExceptionHandler - 这份文档还没完成，没什么可撤回的
2026-09-28 07:45:39 [XNIO-1 task-3] ERROR o.d.c.w.h.GlobalExceptionHandler - 这份文档还没完成，没什么可撤回的
2026-09-28 07:45:50 [XNIO-1 task-6] ERROR o.d.c.w.h.GlobalExceptionHandler - 合并件正在按最新的已完成文档重新生成，请稍后再下载
2026-09-28 07:45:54 [XNIO-1 task-6] ERROR o.d.c.w.h.GlobalExceptionHandler - 这份文档还没完成，没什么可撤回的
2026-09-28 07:45:54 [XNIO-1 task-6] ERROR o.d.c.w.h.GlobalExceptionHandler - 这份文档还没完成，没什么可撤回的
2026-09-28 07:47:15 [XNIO-1 task-2] ERROR o.d.c.s.h.SaTokenExceptionHandler - 请求地址'/mp/int/export/tissue',认证失败'未能读取到有效 token',无法访问系统资源
2026-09-28 07:49:49 [XNIO-1 task-2] ERROR o.d.c.w.h.GlobalExceptionHandler - 这份文档还没完成，没什么可撤回的
2026-09-28 07:49:49 [XNIO-1 task-2] ERROR o.d.c.w.h.GlobalExceptionHandler - 这份文档还没完成，没什么可撤回的
2026-09-28 07:50:54 [XNIO-1 task-7] ERROR o.d.c.s.h.SaTokenExceptionHandler - 请求地址'/mp/int/export/tissue',角色权限校验失败'无此角色：lqg_internal'
2026-09-28 07:50:54 [XNIO-1 task-7] ERROR o.d.c.w.h.GlobalExceptionHandler - 请求地址'/mp/int/export/qc'不存在.
2026-09-28 07:51:01 [XNIO-1 task-7] ERROR o.d.c.w.h.GlobalExceptionHandler - 这份文档还没完成，没什么可撤回的
2026-09-28 07:51:02 [XNIO-1 task-7] ERROR o.d.c.w.h.GlobalExceptionHandler - 这份文档还没完成，没什么可撤回的
2026-09-28 07:51:50 [XNIO-1 task-4] ERROR o.d.c.s.h.SaTokenExceptionHandler - 请求地址'/lqg/home/render-issues',角色权限校验失败'无此角色：lqg_admin'
2026-09-28 07:56:29 [XNIO-1 task-4] ERROR o.d.c.w.h.GlobalExceptionHandler - 识别太频繁了，请稍后再试（每分钟最多 6 次）
2026-09-28 07:56:29 [XNIO-1 task-4] ERROR o.d.c.w.h.GlobalExceptionHandler - 识别太频繁了，请稍后再试（每分钟最多 6 次）
2026-09-28 08:05:04 [XNIO-1 task-4] ERROR o.d.c.w.h.GlobalExceptionHandler - 识别太频繁了，请稍后再试（每分钟最多 6 次）
2026-09-28 08:05:04 [XNIO-1 task-7] ERROR o.d.c.w.h.GlobalExceptionHandler - 识别太频繁了，请稍后再试（每分钟最多 6 次）
2026-09-28 08:10:03 [XNIO-1 task-7] ERROR o.d.c.w.h.GlobalExceptionHandler - 识别太频繁了，请稍后再试（每分钟最多 6 次）
2026-09-28 08:10:03 [XNIO-1 task-4] ERROR o.d.c.w.h.GlobalExceptionHandler - 识别太频繁了，请稍后再试（每分钟最多 6 次）
2026-09-28 08:26:25 [XNIO-1 task-4] ERROR o.d.c.w.h.GlobalExceptionHandler - 识别太频繁了，请稍后再试（每分钟最多 6 次）
2026-09-28 08:26:25 [XNIO-1 task-7] ERROR o.d.c.w.h.GlobalExceptionHandler - 识别太频繁了，请稍后再试（每分钟最多 6 次）
2026-09-28 08:52:07 [XNIO-1 task-7] ERROR o.d.c.w.h.GlobalExceptionHandler - 识别太频繁了，请稍后再试（每分钟最多 6 次）
2026-09-28 08:52:07 [XNIO-1 task-4] ERROR o.d.c.w.h.GlobalExceptionHandler - 识别太频繁了，请稍后再试（每分钟最多 6 次）
2026-09-28 10:59:53 [XNIO-1 task-2] ERROR o.d.c.s.h.SaTokenExceptionHandler - 请求地址'/lqg/sys/ping',认证失败'未能读取到有效 token',无法访问系统资源
2026-09-28 10:59:55 [XNIO-1 task-2] ERROR o.d.c.w.h.GlobalExceptionHandler - mock 身份「evilprobe」不在允许清单里（lqg.auth.mock-identities）
2026-09-28 11:00:00 [XNIO-1 task-2] ERROR o.d.c.w.h.GlobalExceptionHandler - 该档案的单位 / 组别是外部自填的，核验通过前必须二选一：「新建」（createUnit + createGroup）或「归并到已有」（unitId + groupId）
2026-09-28 11:00:01 [XNIO-1 task-2] ERROR o.d.c.w.h.GlobalExceptionHandler - 驳回必须填写原因
2026-09-28 11:00:01 [XNIO-1 task-2] ERROR o.d.c.w.h.GlobalExceptionHandler - 组别「类器官课题组」不属于单位「A 医院」
2026-09-28 11:00:01 [XNIO-1 task-2] ERROR o.d.c.s.h.SaTokenExceptionHandler - 请求地址'/mp/ext/profile',角色权限校验失败'无此角色：lqg_external'
2026-09-28 11:00:06 [XNIO-1 task-2] ERROR o.d.c.w.h.GlobalExceptionHandler - 参数校验异常
2026-09-28 11:00:08 [XNIO-1 task-2] ERROR o.d.c.s.h.SaTokenExceptionHandler - 请求地址'/mp/me',认证失败'token 无效：eyJhbGciOiJIUzI1NiIsInR5cCI6IkpXVCJ9.eyJsb2dpblR5cGUiOiJsb2dpbiIsImxvZ2luSWQiOiJhcHBfdXNlcjo5MDAwMDAwMTE2Iiwicm5TdHIiOiJEaWNVM0hlRHhQWTVDdmVEenJWcm9IV2FDbGs5V3JiYSIsImNsaWVudGlkIjoiMjJiMmFlY2QwNzEwNjcxNjkxZWMxYzA3ZjI1NDJiOWQiLCJ1c2VySWQiOjkwMDAwMDAxMTYsInVzZXJOYW1lIjoid3hfMTM4MDAwMDAwMTYifQ.UcNcugVVrHRhIzhJJcB4ad0nuGnwyqWRoJ0o2zN1FI8',无法访问系统资源
2026-09-28 11:00:08 [XNIO-1 task-2] ERROR o.d.c.w.h.GlobalExceptionHandler - 不能撤销自己的内部授权
2026-09-28 11:00:08 [XNIO-1 task-2] ERROR o.d.c.s.h.SaTokenExceptionHandler - 请求地址'/lqg/auth/staff',权限码校验失败'无此权限：lqg:auth:staff:list'
2026-09-28 11:00:09 [XNIO-1 task-2] ERROR o.d.c.s.h.SaTokenExceptionHandler - 请求地址'/mp/me',认证失败'token 无效：eyJhbGciOiJIUzI1NiIsInR5cCI6IkpXVCJ9.eyJsb2dpblR5cGUiOiJsb2dpbiIsImxvZ2luSWQiOiJzeXNfdXNlcjo5MDAwMDAwMTAxIiwicm5TdHIiOiJtalV0SDhVOFdINW1ZSUhzeHhJOEk1V3lNR0g2Szl6dSIsImNsaWVudGlkIjoiMjJiMmFlY2QwNzEwNjcxNjkxZWMxYzA3ZjI1NDJiOWQiLCJ1c2VySWQiOjkwMDAwMDAxMDEsInVzZXJOYW1lIjoibHFnXzEzODAwMDAwMDAxIn0.ASltoNxr_KSgQiiy-Kvez60fK9WnXVg-JCexFu27JLk',无法访问系统资源
2026-09-28 11:00:09 [XNIO-1 task-2] ERROR o.d.c.s.h.SaTokenExceptionHandler - 请求地址'/lqg/auth/staff',认证失败'token 无效：eyJhbGciOiJIUzI1NiIsInR5cCI6IkpXVCJ9.eyJsb2dpblR5cGUiOiJsb2dpbiIsImxvZ2luSWQiOiJzeXNfdXNlcjo5MDAwMDAwMTAxIiwicm5TdHIiOiJQaG9PaDRRZnhTZjlnNkpTWElmWkhSckU5Mno3MWZRcCIsImNsaWVudGlkIjoiMjJiMmFlY2QwNzEwNjcxNjkxZWMxYzA3ZjI1NDJiOWQiLCJ1c2VySWQiOjkwMDAwMDAxMDEsInVzZXJOYW1lIjoibHFnXzEzODAwMDAwMDAxIn0.Hkm-b7hyAxC9ydQvoflc1AKwVgUdD0-cMva5r5lYW4I',无法访问系统资源
2026-09-28 11:00:09 [XNIO-1 task-2] ERROR o.d.c.s.h.SaTokenExceptionHandler - 请求地址'/lqg/auth/staff',权限码校验失败'无此权限：lqg:auth:staff:list'
2026-09-28 11:00:10 [XNIO-1 task-2] ERROR o.d.c.w.h.GlobalExceptionHandler - 该账号无权登录工作台，请使用小程序登录
2026-09-28 11:00:11 [XNIO-1 task-2] ERROR o.d.c.w.h.GlobalExceptionHandler - 该账号不是内部人员
2026-09-28 11:00:12 [XNIO-1 task-2] ERROR o.d.c.s.h.SaTokenExceptionHandler - 请求地址'/lqg/sys/ping',认证失败'未能读取到有效 token',无法访问系统资源
2026-09-28 11:00:12 [XNIO-1 task-2] ERROR o.d.c.s.h.SaTokenExceptionHandler - 请求地址'/lqg/sys/ping',角色权限校验失败'无此角色：lqg_admin'
2026-09-28 11:00:38 [XNIO-1 task-2] ERROR o.d.c.w.h.GlobalExceptionHandler - 样本不存在
2026-09-28 11:00:38 [XNIO-1 task-2] ERROR o.d.c.w.h.GlobalExceptionHandler - 样本不存在
2026-09-28 11:00:38 [XNIO-1 task-2] ERROR o.d.c.w.h.GlobalExceptionHandler - 样本不存在
2026-09-28 11:00:38 [XNIO-1 task-2] ERROR o.d.c.w.h.GlobalExceptionHandler - 请求地址'/mp/ext/home'不存在.
2026-09-28 11:00:38 [XNIO-1 task-2] ERROR o.d.c.s.h.SaTokenExceptionHandler - 请求地址'/lqg/sample/list',权限码校验失败'无此权限：lqg:sample:list'
2026-09-28 11:00:38 [XNIO-1 task-2] ERROR o.d.c.s.h.SaTokenExceptionHandler - 请求地址'/mp/int/sample/list',角色权限校验失败'无此角色：lqg_internal'
2026-09-28 11:00:38 [XNIO-1 task-2] ERROR o.d.c.s.h.SaTokenExceptionHandler - 请求地址'/mp/ext/sample/list',角色权限校验失败'无此角色：lqg_external'
2026-09-28 11:00:39 [XNIO-1 task-2] ERROR o.d.c.w.h.GlobalExceptionHandler - 只能修改重提本人提交的样本（同组的样本可以看，但不能改）
2026-09-28 11:00:39 [XNIO-1 task-2] ERROR o.d.c.w.h.GlobalExceptionHandler - 样本当前状态不允许外部修改重提（只有待核验、无效的样本可以）
2026-09-28 11:00:39 [XNIO-1 task-2] ERROR o.d.c.w.h.GlobalExceptionHandler - 样本不存在
2026-09-28 11:00:39 [XNIO-1 task-2] ERROR o.d.c.w.h.GlobalExceptionHandler - 这条记录是「类器官」类样本，不能从「组织」的入口修改
2026-09-28 11:00:40 [XNIO-1 task-2] ERROR o.d.c.w.h.GlobalExceptionHandler - 提交的内容不符合要求：来源单位不能为空（请填写单位名称，或先在「我的 → 单位与组别」绑定单位，绑定后会自动带出）
2026-09-28 11:00:40 [XNIO-1 task-2] ERROR o.d.c.w.h.GlobalExceptionHandler - 提交的内容不符合要求：代数请填 P 加数字，如 P3
2026-09-28 11:00:43 [XNIO-1 task-2] ERROR o.d.c.w.h.GlobalExceptionHandler - 内部编号「T-hli01」已存在，请换一个
2026-09-28 11:00:44 [XNIO-1 task-2] ERROR o.d.c.w.h.GlobalExceptionHandler - 提交的内容不符合要求：类器官类型不能为空
2026-09-28 11:00:44 [XNIO-1 task-2] ERROR o.d.c.w.h.GlobalExceptionHandler - 提交的内容不符合要求：代数请填 P 加数字，如 P3
2026-09-28 11:00:51 [XNIO-1 task-2] ERROR o.d.c.s.h.SaTokenExceptionHandler - 请求地址'/mp/int/sample/list',角色权限校验失败'无此角色：lqg_internal'
2026-09-28 11:00:52 [XNIO-1 task-2] ERROR o.d.c.w.h.GlobalExceptionHandler - 待核验与无效的样本只能在网页工作台核验或改判，小程序里不能改
2026-09-28 11:00:52 [XNIO-1 task-2] ERROR o.d.c.w.h.GlobalExceptionHandler - 提交的内容不符合要求：组织类型不能为空
2026-09-28 11:00:54 [XNIO-1 task-2] ERROR o.d.c.w.h.GlobalExceptionHandler - 组织样本没有这些字段，不能修改：代数
2026-09-28 11:01:08 [XNIO-1 task-2] ERROR o.d.c.s.h.SaTokenExceptionHandler - 请求地址'/lqg/sample/9000001007/verify',权限码校验失败'无此权限：lqg:sample:verify'
2026-09-28 11:01:08 [XNIO-1 task-2] ERROR o.d.c.s.h.SaTokenExceptionHandler - 请求地址'/lqg/embed/9000002006/verify',权限码校验失败'无此权限：lqg:embed:verify'
2026-09-28 11:01:08 [XNIO-1 task-2] ERROR o.d.c.w.h.GlobalExceptionHandler - 判无效必须写原因
2026-09-28 11:01:08 [XNIO-1 task-2] ERROR o.d.c.w.h.GlobalExceptionHandler - 内部编号「T-hli01」已存在，请换一个
2026-09-28 11:01:08 [XNIO-1 task-2] ERROR o.d.c.w.h.GlobalExceptionHandler - 所挂样本还未核验有效（当前状态：pending），不能判为有效
2026-09-28 11:01:10 [XNIO-1 task-2] ERROR o.d.c.w.h.GlobalExceptionHandler - 判有效必须同时给收样日期与内部编号，缺少：内部编号
2026-09-28 11:01:10 [XNIO-1 task-2] ERROR o.d.c.w.h.GlobalExceptionHandler - 内部编号「T-hli01」已存在，请换一个
2026-09-28 11:01:10 [XNIO-1 task-2] ERROR o.d.c.w.h.GlobalExceptionHandler - 判无效必须写原因
2026-09-28 11:01:14 [XNIO-1 task-2] ERROR o.d.c.w.h.GlobalExceptionHandler - 提交的内容不符合要求：组织类型不能为空
2026-09-28 11:01:14 [XNIO-1 task-2] ERROR o.d.c.w.h.GlobalExceptionHandler - 判有效必须同时给收样日期与内部编号，缺少：内部编号
2026-09-28 11:01:14 [XNIO-1 task-2] ERROR o.d.c.w.h.GlobalExceptionHandler - 提交的内容不符合要求：代数请填 P 加数字，如 P3
2026-09-28 11:01:23 [XNIO-1 task-2] ERROR o.d.c.w.h.GlobalExceptionHandler - 样本不存在
2026-09-28 11:01:23 [XNIO-1 task-2] ERROR o.d.c.w.h.GlobalExceptionHandler - 石蜡包埋记录不存在
2026-09-28 11:01:23 [XNIO-1 task-2] ERROR o.d.c.w.h.GlobalExceptionHandler - 石蜡包埋记录不存在
2026-09-28 11:01:23 [XNIO-1 task-2] ERROR o.d.c.w.h.GlobalExceptionHandler - 石蜡包埋记录不存在
2026-09-28 11:01:23 [XNIO-1 task-2] ERROR o.d.c.s.h.SaTokenExceptionHandler - 请求地址'/system/config/list',权限码校验失败'无此权限：system:config:list'
2026-09-28 11:01:28 [XNIO-1 task-2] ERROR o.d.c.w.h.GlobalExceptionHandler - 只能挂本人送检过的样本（同组的样本可以看，但不能替他送样）
2026-09-28 11:01:28 [XNIO-1 task-2] ERROR o.d.c.w.h.GlobalExceptionHandler - 这条样本已判无效，不能提交石蜡包埋送样
2026-09-28 11:01:28 [XNIO-1 task-2] ERROR o.d.c.w.h.GlobalExceptionHandler - 样本不存在
2026-09-28 11:01:28 [XNIO-1 task-2] ERROR o.d.c.w.h.GlobalExceptionHandler - 样本不存在
2026-09-28 11:01:28 [XNIO-1 task-2] ERROR o.d.c.w.h.GlobalExceptionHandler - 样本不存在
2026-09-28 11:01:28 [XNIO-1 task-2] ERROR o.d.c.w.h.GlobalExceptionHandler - 只能修改重提本人提交的送样（同组的可以看，但不能改）
2026-09-28 11:01:28 [XNIO-1 task-2] ERROR o.d.c.w.h.GlobalExceptionHandler - 只能修改重提本人提交的送样（同组的可以看，但不能改）
2026-09-28 11:01:28 [XNIO-1 task-2] ERROR o.d.c.w.h.GlobalExceptionHandler - 石蜡包埋记录不存在
2026-09-28 11:01:28 [XNIO-1 task-2] ERROR o.d.c.w.h.GlobalExceptionHandler - 石蜡包埋记录不存在
2026-09-28 11:01:28 [XNIO-1 task-2] ERROR o.d.c.w.h.GlobalExceptionHandler - 石蜡包埋记录不存在
2026-09-28 11:01:35 [XNIO-1 task-2] ERROR o.d.c.w.h.GlobalExceptionHandler - 「无染色」与其余染色互斥，不能同时选
2026-09-28 11:01:35 [XNIO-1 task-2] ERROR o.d.c.w.h.GlobalExceptionHandler - 选了「其他」必须写具体染色名称
2026-09-28 11:01:35 [XNIO-1 task-2] ERROR o.d.c.w.h.GlobalExceptionHandler - 染色「PAS」不在字典 lqg_stain_type 里（只能是 HE / IF / IHC / OTHER / NONE）
2026-09-28 11:01:35 [XNIO-1 task-2] ERROR o.d.c.w.h.GlobalExceptionHandler - 内部录入只能挂到已核验有效的样本（当前状态：pending）
2026-09-28 11:01:35 [XNIO-1 task-2] ERROR o.d.c.w.h.GlobalExceptionHandler - 石蜡块编号「T-E01-1」已存在，请换一个
2026-09-28 11:01:35 [XNIO-1 task-2] ERROR o.d.c.w.h.GlobalExceptionHandler - 内部录入石蜡包埋必须填石蜡块编号
2026-09-28 11:01:35 [XNIO-1 task-2] ERROR o.d.c.w.h.GlobalExceptionHandler - 该样本名下已有包埋 / 冻存 / 质控文档，不能改判无效
2026-09-28 11:01:38 [XNIO-1 task-2] ERROR o.d.c.w.h.GlobalExceptionHandler - 所挂样本还未核验有效（当前状态：pending），不能判为有效
2026-09-28 11:01:38 [XNIO-1 task-2] ERROR o.d.c.w.h.GlobalExceptionHandler - 判无效必须写原因
2026-09-28 11:01:38 [XNIO-1 task-2] ERROR o.d.c.w.h.GlobalExceptionHandler - 待核验 / 无效的送样不能通过普通保存修改（核验与改判只走 PUT /lqg/embed/{id}/verify）
2026-09-28 11:01:38 [XNIO-1 task-2] ERROR o.d.c.w.h.GlobalExceptionHandler - 判有效必须填石蜡块编号
2026-09-28 11:01:38 [XNIO-1 task-2] ERROR o.d.c.w.h.GlobalExceptionHandler - 石蜡块编号「T-E01-1」已存在，请换一个
2026-09-28 11:01:40 [XNIO-1 task-2] ERROR o.d.c.w.h.GlobalExceptionHandler - 石蜡包埋记录不存在
2026-09-28 11:01:40 [XNIO-1 task-2] ERROR o.d.c.w.h.GlobalExceptionHandler - 石蜡包埋记录不存在
2026-09-28 11:01:40 [XNIO-1 task-2] ERROR o.d.c.w.h.GlobalExceptionHandler - 石蜡包埋记录不存在
2026-09-28 11:01:40 [XNIO-1 task-2] ERROR o.d.c.w.h.GlobalExceptionHandler - 样本不存在
2026-09-28 11:01:40 [XNIO-1 task-2] ERROR o.d.c.w.h.GlobalExceptionHandler - 样本不存在
2026-09-28 11:01:40 [XNIO-1 task-2] ERROR o.d.c.w.h.GlobalExceptionHandler - 样本不存在
2026-09-28 11:01:40 [XNIO-1 task-2] ERROR o.d.c.w.h.GlobalExceptionHandler - 石蜡包埋记录不存在
2026-09-28 11:01:40 [XNIO-1 task-2] ERROR o.d.c.w.h.GlobalExceptionHandler - 石蜡包埋记录不存在
2026-09-28 11:01:40 [XNIO-1 task-2] ERROR o.d.c.w.h.GlobalExceptionHandler - 石蜡包埋记录不存在
2026-09-28 11:01:40 [XNIO-1 task-2] ERROR o.d.c.w.h.GlobalExceptionHandler - 只能修改重提本人提交的送样（同组的可以看，但不能改）
2026-09-28 11:01:40 [XNIO-1 task-2] ERROR o.d.c.w.h.GlobalExceptionHandler - 只能挂本人送检过的样本（同组的样本可以看，但不能替他送样）
2026-09-28 11:01:40 [XNIO-1 task-2] ERROR o.d.c.w.h.GlobalExceptionHandler - 这条样本已判无效，不能提交石蜡包埋送样
2026-09-28 11:01:42 [XNIO-1 task-2] ERROR o.d.c.w.h.GlobalExceptionHandler - 「无染色」与其余染色互斥，不能同时选
2026-09-28 11:01:42 [XNIO-1 task-2] ERROR o.d.c.w.h.GlobalExceptionHandler - 判为无效只保存原因，以及样本类型、类器官来源类型的更正；脱水时间、染色是核验有效后才补填的，这次不会保存——请撤销这些改动（关掉抽屉重新打开即可），或改为「判为有效并保存」
2026-09-28 11:01:42 [XNIO-1 task-2] ERROR o.d.c.w.h.GlobalExceptionHandler - 补填的内容不符合要求：核验时不能改所挂样本（所挂样本核验时不能更换；石蜡块编号用请求顶层的 paraffinBlockNo）
2026-09-28 11:01:48 [XNIO-1 task-2] ERROR o.d.c.s.h.SaTokenExceptionHandler - 请求地址'/mp/int/embed/list',角色权限校验失败'无此角色：lqg_internal'
2026-09-28 11:01:49 [XNIO-1 task-2] ERROR o.d.c.w.h.GlobalExceptionHandler - 石蜡块编号「T-E01-1」已存在，请换一个
2026-09-28 11:01:50 [XNIO-1 task-2] ERROR o.d.c.w.h.GlobalExceptionHandler - 待核验 / 无效的送样不能通过普通保存修改（核验与改判只走 PUT /lqg/embed/{id}/verify）
2026-09-28 11:01:58 [XNIO-1 task-2] ERROR o.d.c.s.h.SaTokenExceptionHandler - 请求地址'/lqg/sample/export/tissue',权限码校验失败'无此权限：lqg:sample:export'
2026-09-28 11:02:04 [XNIO-1 task-2] ERROR o.d.c.w.h.GlobalExceptionHandler - 取走支数超过当前剩余（当前剩余 3 支，本次要 9 支）
2026-09-28 11:02:04 [XNIO-1 task-2] ERROR o.d.c.w.h.GlobalExceptionHandler - 盘点调整必须写原因
2026-09-28 11:02:04 [XNIO-1 task-2] ERROR o.d.c.w.h.GlobalExceptionHandler - 取走支数超过当前剩余（当前剩余 3 支，本次要 9 支）
2026-09-28 11:02:04 [XNIO-1 task-2] ERROR o.d.c.w.h.GlobalExceptionHandler - 取走支数必须是正整数（当前：-1）
2026-09-28 11:02:06 [XNIO-1 task-2] ERROR o.d.c.w.h.GlobalExceptionHandler - 登记类型不能改（要换类型请删掉重新登记）
2026-09-28 11:02:06 [XNIO-1 task-2] ERROR o.d.c.w.h.GlobalExceptionHandler - 冻存出入库登记不存在
2026-09-28 11:02:06 [XNIO-1 task-2] ERROR o.d.c.w.h.GlobalExceptionHandler - 这样改会让 08-29 11:02 那一笔（-6 支）之后的剩余变成 -1 支，没有保存
2026-09-28 11:02:06 [XNIO-1 task-2] ERROR o.d.c.w.h.GlobalExceptionHandler - 删掉这一笔会让 09-28 11:02 那一笔（-7 支）之后的剩余变成 -2 支，没有保存
2026-09-28 11:02:08 [XNIO-1 task-5] ERROR o.d.c.w.h.GlobalExceptionHandler - 取走支数超过当前剩余（当前剩余 0 支，本次要 2 支）
2026-09-28 11:02:08 [XNIO-1 task-3] ERROR o.d.c.w.h.GlobalExceptionHandler - 取走支数超过当前剩余（当前剩余 0 支，本次要 2 支）
2026-09-28 11:02:08 [XNIO-1 task-4] ERROR o.d.c.w.h.GlobalExceptionHandler - 取走支数超过当前剩余（当前剩余 0 支，本次要 2 支）
2026-09-28 11:02:08 [XNIO-1 task-2] ERROR o.d.c.w.h.GlobalExceptionHandler - 取走支数超过当前剩余（当前剩余 0 支，本次要 2 支）
2026-09-28 11:02:08 [XNIO-1 task-2] ERROR o.d.c.w.h.GlobalExceptionHandler - 转移至液氮时间（2020-01-01）不能早于冻存时间（2026-09-08）
2026-09-28 11:02:10 [XNIO-1 task-2] ERROR o.d.c.w.h.GlobalExceptionHandler - 代数格式不对，应形如 P3（P + 1~3 位数字）：3
2026-09-28 11:02:10 [XNIO-1 task-2] ERROR o.d.c.w.h.GlobalExceptionHandler - 冻存数量必须是正整数（当前：0）
2026-09-28 11:02:10 [XNIO-1 task-2] ERROR o.d.c.w.h.GlobalExceptionHandler - 直接进液氮（暂存 -80 选「否」）必须填液氮储存位置
2026-09-28 11:02:10 [XNIO-1 task-2] ERROR o.d.c.w.h.GlobalExceptionHandler - 冻存只能挂到已核验有效的样本（当前状态：pending）
2026-09-28 11:02:10 [XNIO-1 task-2] ERROR o.d.c.w.h.GlobalExceptionHandler - 转移至液氮时间（2026-09-01）不能早于冻存时间（2026-09-17）
2026-09-28 11:02:10 [XNIO-1 task-2] ERROR o.d.c.w.h.GlobalExceptionHandler - 已取走 2 支，冻存数量不能少于 2
2026-09-28 11:02:10 [XNIO-1 task-2] ERROR o.d.c.w.h.GlobalExceptionHandler - 该批次已有 1 笔出入库登记，不能删除（删了「谁取走了几支」就查不到了）
2026-09-28 11:02:13 [XNIO-1 task-2] ERROR o.d.c.w.h.GlobalExceptionHandler - 已取走 3 支，冻存数量不能少于 3
2026-09-28 11:02:13 [XNIO-1 task-2] ERROR o.d.c.s.h.SaTokenExceptionHandler - 请求地址'/mp/int/cryo/batch/list',角色权限校验失败'无此角色：lqg_internal'
2026-09-28 11:02:14 [XNIO-1 task-2] ERROR o.d.c.w.h.GlobalExceptionHandler - 请求地址'/mp/int/cryo/batch/9000003002/flow'不存在.
2026-09-28 11:02:14 [XNIO-1 task-2] ERROR o.d.c.w.h.GlobalExceptionHandler - 请求地址'/mp/int/cryo/batch/9000003001/flow/9000003101'不存在.
2026-09-28 11:02:14 [XNIO-1 task-2] ERROR o.d.c.w.h.GlobalExceptionHandler - 请求地址'/mp/int/cryo/batch/9000003001/flow/9000003101'不存在.
2026-09-28 11:02:14 [XNIO-1 task-2] ERROR o.d.c.w.h.GlobalExceptionHandler - 请求地址'/mp/int/cryo/batch/9000003001/to-ln2'不存在.
2026-09-28 11:02:15 [XNIO-1 task-2] ERROR o.d.c.s.h.SaTokenExceptionHandler - 请求地址'/mp/int/cryo/batch/9000003001/flows',角色权限校验失败'无此角色：lqg_internal'
2026-09-28 11:02:15 [XNIO-1 task-2] ERROR o.d.c.w.h.GlobalExceptionHandler - 这样改会让 09-28 09:00 那一笔（-3 支）之后的剩余变成 -1 支，没有保存
2026-09-28 11:02:15 [XNIO-1 task-2] ERROR o.d.c.s.h.SaTokenExceptionHandler - 请求地址'/lqg/cryo/batch/9000003002/flow',权限码校验失败'无此权限：lqg:cryo:flow'
2026-09-28 11:02:15 [XNIO-1 task-2] ERROR o.d.c.s.h.SaTokenExceptionHandler - 请求地址'/lqg/cryo/batch/9000003001/to-ln2',权限码校验失败'无此权限：lqg:cryo:edit'
2026-09-28 11:02:17 [XNIO-1 task-2] ERROR o.d.c.w.h.GlobalExceptionHandler - 冻存数量不能为空
2026-09-28 11:02:27 [XNIO-1 task-2] ERROR o.d.c.s.h.SaTokenExceptionHandler - 请求地址'/lqg/cryo/overdue',权限码校验失败'无此权限：lqg:cryo:list'
2026-09-28 11:02:39 [XNIO-1 task-2] ERROR o.d.c.w.h.GlobalExceptionHandler - 识别太频繁了，请稍后再试（每分钟最多 6 次）
2026-09-28 11:02:39 [XNIO-1 task-4] ERROR o.d.c.w.h.GlobalExceptionHandler - 识别太频繁了，请稍后再试（每分钟最多 6 次）
2026-09-28 11:04:02 [XNIO-1 task-2] ERROR o.d.c.w.h.GlobalExceptionHandler - 这份文档还没生成，请先在质控文档页点「预览」
2026-09-28 11:04:17 [XNIO-1 task-4] ERROR o.d.c.w.h.GlobalExceptionHandler - 文档不存在
2026-09-28 11:04:29 [XNIO-1 task-2] ERROR o.d.c.w.h.GlobalExceptionHandler - 「培养前样本评分」没有档位 gt999（合法档位：gt80 / lt40 / 40to80）
2026-09-28 11:04:31 [XNIO-1 task-2] ERROR o.d.c.w.h.GlobalExceptionHandler - 质控文档只能对已核验有效的样本打开（当前状态：pending）
2026-09-28 11:04:31 [XNIO-1 task-2] ERROR o.d.c.w.h.GlobalExceptionHandler - 图片位 orig 已有 3 张，最多 3 张
2026-09-28 11:04:31 [XNIO-1 task-2] ERROR o.d.c.w.h.GlobalExceptionHandler - 图片位 organoid_observe 不属于 sample_qc（它只有：orig / observe / pretreat）
2026-09-28 11:04:31 [XNIO-1 task-2] ERROR o.d.c.w.h.GlobalExceptionHandler - 图片位 orig 不属于 organoid_score（它只有：没有图片位）
2026-09-28 11:05:06 [XNIO-1 task-4] ERROR o.d.c.w.h.GlobalExceptionHandler - 样本不存在
2026-09-28 11:05:06 [XNIO-1 task-4] ERROR o.d.c.w.h.GlobalExceptionHandler - 文档不存在
2026-09-28 11:05:06 [XNIO-1 task-4] ERROR o.d.c.w.h.GlobalExceptionHandler - 文档不存在
2026-09-28 11:05:25 [XNIO-1 task-2] ERROR o.d.c.s.h.SaTokenExceptionHandler - 请求地址'/lqg/doc/9000001001/organoid_score/pages',权限码校验失败'无此权限：lqg:doc:query'
2026-09-28 11:05:57 [XNIO-1 task-2] ERROR o.d.lqg.doc.pdf.DocPagesService - 外部预览：图片/附件指向了别的样本或内部版的渲染产物，拒绝签发 sampleId=9000001005 ossId=2104407107804549121 key=lqg/doc/9000001005/sample_qc/internal/85f275c784ea.docx
2026-09-28 11:05:57 [XNIO-1 task-2] ERROR o.d.c.w.h.GlobalExceptionHandler - 样本不存在
2026-09-28 11:06:09 [XNIO-1 task-2] ERROR o.d.c.s.h.SaTokenExceptionHandler - 请求地址'/mp/int/doc/list',角色权限校验失败'无此角色：lqg_internal'
2026-09-28 11:06:20 [XNIO-1 task-2] ERROR o.d.c.s.h.SaTokenExceptionHandler - 请求地址'/mp/int/doc/9000001006/organoid_score/pages',角色权限校验失败'无此角色：lqg_internal'
2026-09-28 11:06:21 [XNIO-1 task-2] ERROR o.d.c.w.h.GlobalExceptionHandler - 这份文档还没完成，没什么可撤回的
2026-09-28 11:06:21 [XNIO-1 task-2] ERROR o.d.c.w.h.GlobalExceptionHandler - 这份文档已经完成并同步过了，不用再点一次
2026-09-28 11:06:53 [XNIO-1 task-2] ERROR o.d.c.w.h.GlobalExceptionHandler - 合并件正在按最新的已完成文档重新生成，请稍后再下载
2026-09-28 11:06:58 [XNIO-1 task-2] ERROR o.d.c.s.h.SaTokenExceptionHandler - 请求地址'/mp/int/export/tissue',角色权限校验失败'无此角色：lqg_internal'
2026-09-28 11:06:58 [XNIO-1 task-2] ERROR o.d.c.w.h.GlobalExceptionHandler - 请求地址'/mp/int/export/qc'不存在.
2026-09-28 11:07:09 [XNIO-1 task-2] ERROR o.d.c.s.h.SaTokenExceptionHandler - 请求地址'/lqg/home/render-issues',角色权限校验失败'无此角色：lqg_admin'
2026-09-28 11:20:25 [XNIO-1 task-2] ERROR o.d.c.w.h.GlobalExceptionHandler - 该档案的单位 / 组别是外部自填的，核验通过前必须二选一：「新建」（createUnit + createGroup）或「归并到已有」（unitId + groupId）
2026-09-28 11:20:25 [XNIO-1 task-2] ERROR o.d.c.w.h.GlobalExceptionHandler - 驳回必须填写原因
2026-09-28 11:20:25 [XNIO-1 task-2] ERROR o.d.c.w.h.GlobalExceptionHandler - 组别「类器官课题组」不属于单位「A 医院」
2026-09-28 11:20:25 [XNIO-1 task-2] ERROR o.d.c.s.h.SaTokenExceptionHandler - 请求地址'/mp/ext/profile',角色权限校验失败'无此角色：lqg_external'
2026-09-28 11:20:31 [XNIO-1 task-2] ERROR o.d.c.w.h.GlobalExceptionHandler - 参数校验异常
2026-09-28 11:20:33 [XNIO-1 task-2] ERROR o.d.c.s.h.SaTokenExceptionHandler - 请求地址'/mp/me',认证失败'token 无效：eyJhbGciOiJIUzI1NiIsInR5cCI6IkpXVCJ9.eyJsb2dpblR5cGUiOiJsb2dpbiIsImxvZ2luSWQiOiJhcHBfdXNlcjo5MDAwMDAwMTE2Iiwicm5TdHIiOiJkaExETUcycW5NbGJKbnJxT1Y4SFRKMGdBYUZBc2N2WCIsImNsaWVudGlkIjoiMjJiMmFlY2QwNzEwNjcxNjkxZWMxYzA3ZjI1NDJiOWQiLCJ1c2VySWQiOjkwMDAwMDAxMTYsInVzZXJOYW1lIjoid3hfMTM4MDAwMDAwMTYifQ.4vQOrrlKGknBVeOgILmWoQLLRfZucHBQrtTU1I3ZAxI',无法访问系统资源
2026-09-28 11:20:33 [XNIO-1 task-2] ERROR o.d.c.w.h.GlobalExceptionHandler - 不能撤销自己的内部授权
2026-09-28 11:20:33 [XNIO-1 task-2] ERROR o.d.c.s.h.SaTokenExceptionHandler - 请求地址'/lqg/auth/staff',权限码校验失败'无此权限：lqg:auth:staff:list'
2026-09-28 11:20:33 [XNIO-1 task-2] ERROR o.d.c.s.h.SaTokenExceptionHandler - 请求地址'/mp/me',认证失败'token 无效：eyJhbGciOiJIUzI1NiIsInR5cCI6IkpXVCJ9.eyJsb2dpblR5cGUiOiJsb2dpbiIsImxvZ2luSWQiOiJzeXNfdXNlcjo5MDAwMDAwMTAxIiwicm5TdHIiOiJHeE9oR3hJMmhrNlluZ2ZQOUJpMVdJN0QzSjFhUno2YSIsImNsaWVudGlkIjoiMjJiMmFlY2QwNzEwNjcxNjkxZWMxYzA3ZjI1NDJiOWQiLCJ1c2VySWQiOjkwMDAwMDAxMDEsInVzZXJOYW1lIjoibHFnXzEzODAwMDAwMDAxIn0.2LVCTXe7nNhIZYkcTpvsU-rv7XPvH22NNJcMNIeBpa8',无法访问系统资源
2026-09-28 11:20:33 [XNIO-1 task-2] ERROR o.d.c.s.h.SaTokenExceptionHandler - 请求地址'/lqg/auth/staff',认证失败'token 无效：eyJhbGciOiJIUzI1NiIsInR5cCI6IkpXVCJ9.eyJsb2dpblR5cGUiOiJsb2dpbiIsImxvZ2luSWQiOiJzeXNfdXNlcjo5MDAwMDAwMTAxIiwicm5TdHIiOiJEOGVBc1ZTTHlxb0JLZDZ5ejEyNFpENkMxdGo5WWd6SyIsImNsaWVudGlkIjoiMjJiMmFlY2QwNzEwNjcxNjkxZWMxYzA3ZjI1NDJiOWQiLCJ1c2VySWQiOjkwMDAwMDAxMDEsInVzZXJOYW1lIjoibHFnXzEzODAwMDAwMDAxIn0.oen8k6hcMuhMxPuRWZeT3ox1oznM2dvr7rW4lL54gY8',无法访问系统资源
2026-09-28 11:20:33 [XNIO-1 task-2] ERROR o.d.c.s.h.SaTokenExceptionHandler - 请求地址'/lqg/auth/staff',权限码校验失败'无此权限：lqg:auth:staff:list'
2026-09-28 11:20:35 [XNIO-1 task-2] ERROR o.d.c.w.h.GlobalExceptionHandler - 该账号无权登录工作台，请使用小程序登录
2026-09-28 11:20:35 [XNIO-1 task-2] ERROR o.d.c.w.h.GlobalExceptionHandler - 该账号不是内部人员
2026-09-28 11:20:37 [XNIO-1 task-2] ERROR o.d.c.s.h.SaTokenExceptionHandler - 请求地址'/lqg/sys/ping',认证失败'未能读取到有效 token',无法访问系统资源
2026-09-28 11:20:37 [XNIO-1 task-2] ERROR o.d.c.s.h.SaTokenExceptionHandler - 请求地址'/lqg/sys/ping',角色权限校验失败'无此角色：lqg_admin'
2026-09-28 11:21:05 [XNIO-1 task-4] ERROR o.d.c.w.h.GlobalExceptionHandler - 样本不存在
2026-09-28 11:21:05 [XNIO-1 task-4] ERROR o.d.c.w.h.GlobalExceptionHandler - 样本不存在
2026-09-28 11:21:05 [XNIO-1 task-4] ERROR o.d.c.w.h.GlobalExceptionHandler - 样本不存在
2026-09-28 11:21:05 [XNIO-1 task-4] ERROR o.d.c.w.h.GlobalExceptionHandler - 请求地址'/mp/ext/home'不存在.
2026-09-28 11:21:05 [XNIO-1 task-4] ERROR o.d.c.s.h.SaTokenExceptionHandler - 请求地址'/lqg/sample/list',权限码校验失败'无此权限：lqg:sample:list'
2026-09-28 11:21:05 [XNIO-1 task-4] ERROR o.d.c.s.h.SaTokenExceptionHandler - 请求地址'/mp/int/sample/list',角色权限校验失败'无此角色：lqg_internal'
2026-09-28 11:21:05 [XNIO-1 task-4] ERROR o.d.c.s.h.SaTokenExceptionHandler - 请求地址'/mp/ext/sample/list',角色权限校验失败'无此角色：lqg_external'
2026-09-28 11:21:06 [XNIO-1 task-4] ERROR o.d.c.w.h.GlobalExceptionHandler - 只能修改重提本人提交的样本（同组的样本可以看，但不能改）
2026-09-28 11:21:06 [XNIO-1 task-4] ERROR o.d.c.w.h.GlobalExceptionHandler - 样本当前状态不允许外部修改重提（只有待核验、无效的样本可以）
2026-09-28 11:21:07 [XNIO-1 task-4] ERROR o.d.c.w.h.GlobalExceptionHandler - 样本不存在
2026-09-28 11:21:07 [XNIO-1 task-4] ERROR o.d.c.w.h.GlobalExceptionHandler - 这条记录是「类器官」类样本，不能从「组织」的入口修改
2026-09-28 11:21:07 [XNIO-1 task-4] ERROR o.d.c.w.h.GlobalExceptionHandler - 提交的内容不符合要求：来源单位不能为空（请填写单位名称，或先在「我的 → 单位与组别」绑定单位，绑定后会自动带出）
2026-09-28 11:21:07 [XNIO-1 task-4] ERROR o.d.c.w.h.GlobalExceptionHandler - 提交的内容不符合要求：代数请填 P 加数字，如 P3
2026-09-28 11:21:11 [XNIO-1 task-4] ERROR o.d.c.w.h.GlobalExceptionHandler - 内部编号「T-hli01」已存在，请换一个
2026-09-28 11:21:11 [XNIO-1 task-4] ERROR o.d.c.w.h.GlobalExceptionHandler - 提交的内容不符合要求：类器官类型不能为空
2026-09-28 11:21:11 [XNIO-1 task-4] ERROR o.d.c.w.h.GlobalExceptionHandler - 提交的内容不符合要求：代数请填 P 加数字，如 P3
2026-09-28 11:21:18 [XNIO-1 task-4] ERROR o.d.c.s.h.SaTokenExceptionHandler - 请求地址'/mp/int/sample/list',角色权限校验失败'无此角色：lqg_internal'
2026-09-28 11:21:19 [XNIO-1 task-4] ERROR o.d.c.w.h.GlobalExceptionHandler - 待核验与无效的样本只能在网页工作台核验或改判，小程序里不能改
2026-09-28 11:21:19 [XNIO-1 task-4] ERROR o.d.c.w.h.GlobalExceptionHandler - 提交的内容不符合要求：组织类型不能为空
2026-09-28 11:21:21 [XNIO-1 task-4] ERROR o.d.c.w.h.GlobalExceptionHandler - 组织样本没有这些字段，不能修改：代数
2026-09-28 11:21:35 [XNIO-1 task-4] ERROR o.d.c.s.h.SaTokenExceptionHandler - 请求地址'/lqg/sample/9000001007/verify',权限码校验失败'无此权限：lqg:sample:verify'
2026-09-28 11:21:35 [XNIO-1 task-4] ERROR o.d.c.s.h.SaTokenExceptionHandler - 请求地址'/lqg/embed/9000002006/verify',权限码校验失败'无此权限：lqg:embed:verify'
2026-09-28 11:21:35 [XNIO-1 task-4] ERROR o.d.c.w.h.GlobalExceptionHandler - 判无效必须写原因
2026-09-28 11:21:35 [XNIO-1 task-4] ERROR o.d.c.w.h.GlobalExceptionHandler - 内部编号「T-hli01」已存在，请换一个
2026-09-28 11:21:35 [XNIO-1 task-4] ERROR o.d.c.w.h.GlobalExceptionHandler - 所挂样本还未核验有效（当前状态：pending），不能判为有效
2026-09-28 11:21:37 [XNIO-1 task-4] ERROR o.d.c.w.h.GlobalExceptionHandler - 判有效必须同时给收样日期与内部编号，缺少：内部编号
2026-09-28 11:21:37 [XNIO-1 task-4] ERROR o.d.c.w.h.GlobalExceptionHandler - 内部编号「T-hli01」已存在，请换一个
2026-09-28 11:21:37 [XNIO-1 task-4] ERROR o.d.c.w.h.GlobalExceptionHandler - 判无效必须写原因
2026-09-28 11:21:41 [XNIO-1 task-4] ERROR o.d.c.w.h.GlobalExceptionHandler - 提交的内容不符合要求：组织类型不能为空
2026-09-28 11:21:41 [XNIO-1 task-4] ERROR o.d.c.w.h.GlobalExceptionHandler - 判有效必须同时给收样日期与内部编号，缺少：内部编号
2026-09-28 11:21:41 [XNIO-1 task-4] ERROR o.d.c.w.h.GlobalExceptionHandler - 提交的内容不符合要求：代数请填 P 加数字，如 P3
2026-09-28 11:21:49 [XNIO-1 task-4] ERROR o.d.c.w.h.GlobalExceptionHandler - 样本不存在
2026-09-28 11:21:49 [XNIO-1 task-4] ERROR o.d.c.w.h.GlobalExceptionHandler - 石蜡包埋记录不存在
2026-09-28 11:21:49 [XNIO-1 task-4] ERROR o.d.c.w.h.GlobalExceptionHandler - 石蜡包埋记录不存在
2026-09-28 11:21:49 [XNIO-1 task-4] ERROR o.d.c.w.h.GlobalExceptionHandler - 石蜡包埋记录不存在
2026-09-28 11:21:49 [XNIO-1 task-4] ERROR o.d.c.s.h.SaTokenExceptionHandler - 请求地址'/system/config/list',权限码校验失败'无此权限：system:config:list'
2026-09-28 11:21:53 [XNIO-1 task-4] ERROR o.d.c.w.h.GlobalExceptionHandler - 只能挂本人送检过的样本（同组的样本可以看，但不能替他送样）
2026-09-28 11:21:54 [XNIO-1 task-4] ERROR o.d.c.w.h.GlobalExceptionHandler - 这条样本已判无效，不能提交石蜡包埋送样
2026-09-28 11:21:54 [XNIO-1 task-4] ERROR o.d.c.w.h.GlobalExceptionHandler - 样本不存在
2026-09-28 11:21:54 [XNIO-1 task-4] ERROR o.d.c.w.h.GlobalExceptionHandler - 样本不存在
2026-09-28 11:21:54 [XNIO-1 task-4] ERROR o.d.c.w.h.GlobalExceptionHandler - 样本不存在
2026-09-28 11:21:54 [XNIO-1 task-4] ERROR o.d.c.w.h.GlobalExceptionHandler - 只能修改重提本人提交的送样（同组的可以看，但不能改）
2026-09-28 11:21:54 [XNIO-1 task-4] ERROR o.d.c.w.h.GlobalExceptionHandler - 只能修改重提本人提交的送样（同组的可以看，但不能改）
2026-09-28 11:21:54 [XNIO-1 task-4] ERROR o.d.c.w.h.GlobalExceptionHandler - 石蜡包埋记录不存在
2026-09-28 11:21:54 [XNIO-1 task-4] ERROR o.d.c.w.h.GlobalExceptionHandler - 石蜡包埋记录不存在
2026-09-28 11:21:54 [XNIO-1 task-4] ERROR o.d.c.w.h.GlobalExceptionHandler - 石蜡包埋记录不存在
2026-09-28 11:22:09 [XNIO-1 task-4] ERROR o.d.c.w.h.GlobalExceptionHandler - 「无染色」与其余染色互斥，不能同时选
2026-09-28 11:22:09 [XNIO-1 task-4] ERROR o.d.c.w.h.GlobalExceptionHandler - 选了「其他」必须写具体染色名称
2026-09-28 11:22:09 [XNIO-1 task-4] ERROR o.d.c.w.h.GlobalExceptionHandler - 染色「PAS」不在字典 lqg_stain_type 里（只能是 HE / IF / IHC / OTHER / NONE）
2026-09-28 11:22:09 [XNIO-1 task-4] ERROR o.d.c.w.h.GlobalExceptionHandler - 内部录入只能挂到已核验有效的样本（当前状态：pending）
2026-09-28 11:22:09 [XNIO-1 task-4] ERROR o.d.c.w.h.GlobalExceptionHandler - 石蜡块编号「T-E01-1」已存在，请换一个
2026-09-28 11:22:09 [XNIO-1 task-4] ERROR o.d.c.w.h.GlobalExceptionHandler - 内部录入石蜡包埋必须填石蜡块编号
2026-09-28 11:22:10 [XNIO-1 task-4] ERROR o.d.c.w.h.GlobalExceptionHandler - 该样本名下已有包埋 / 冻存 / 质控文档，不能改判无效
2026-09-28 11:22:12 [XNIO-1 task-4] ERROR o.d.c.w.h.GlobalExceptionHandler - 所挂样本还未核验有效（当前状态：pending），不能判为有效
2026-09-28 11:22:12 [XNIO-1 task-4] ERROR o.d.c.w.h.GlobalExceptionHandler - 判无效必须写原因
2026-09-28 11:22:12 [XNIO-1 task-4] ERROR o.d.c.w.h.GlobalExceptionHandler - 待核验 / 无效的送样不能通过普通保存修改（核验与改判只走 PUT /lqg/embed/{id}/verify）
2026-09-28 11:22:12 [XNIO-1 task-4] ERROR o.d.c.w.h.GlobalExceptionHandler - 判有效必须填石蜡块编号
2026-09-28 11:22:12 [XNIO-1 task-4] ERROR o.d.c.w.h.GlobalExceptionHandler - 石蜡块编号「T-E01-1」已存在，请换一个
2026-09-28 11:22:14 [XNIO-1 task-4] ERROR o.d.c.w.h.GlobalExceptionHandler - 石蜡包埋记录不存在
2026-09-28 11:22:14 [XNIO-1 task-4] ERROR o.d.c.w.h.GlobalExceptionHandler - 石蜡包埋记录不存在
2026-09-28 11:22:14 [XNIO-1 task-4] ERROR o.d.c.w.h.GlobalExceptionHandler - 石蜡包埋记录不存在
2026-09-28 11:22:14 [XNIO-1 task-4] ERROR o.d.c.w.h.GlobalExceptionHandler - 样本不存在
2026-09-28 11:22:14 [XNIO-1 task-4] ERROR o.d.c.w.h.GlobalExceptionHandler - 样本不存在
2026-09-28 11:22:14 [XNIO-1 task-4] ERROR o.d.c.w.h.GlobalExceptionHandler - 样本不存在
2026-09-28 11:22:14 [XNIO-1 task-4] ERROR o.d.c.w.h.GlobalExceptionHandler - 石蜡包埋记录不存在
2026-09-28 11:22:14 [XNIO-1 task-4] ERROR o.d.c.w.h.GlobalExceptionHandler - 石蜡包埋记录不存在
2026-09-28 11:22:14 [XNIO-1 task-4] ERROR o.d.c.w.h.GlobalExceptionHandler - 石蜡包埋记录不存在
2026-09-28 11:22:14 [XNIO-1 task-4] ERROR o.d.c.w.h.GlobalExceptionHandler - 只能修改重提本人提交的送样（同组的可以看，但不能改）
2026-09-28 11:22:14 [XNIO-1 task-4] ERROR o.d.c.w.h.GlobalExceptionHandler - 只能挂本人送检过的样本（同组的样本可以看，但不能替他送样）
2026-09-28 11:22:14 [XNIO-1 task-4] ERROR o.d.c.w.h.GlobalExceptionHandler - 这条样本已判无效，不能提交石蜡包埋送样
2026-09-28 11:22:16 [XNIO-1 task-4] ERROR o.d.c.w.h.GlobalExceptionHandler - 「无染色」与其余染色互斥，不能同时选
2026-09-28 11:22:16 [XNIO-1 task-4] ERROR o.d.c.w.h.GlobalExceptionHandler - 判为无效只保存原因，以及样本类型、类器官来源类型的更正；脱水时间、染色是核验有效后才补填的，这次不会保存——请撤销这些改动（关掉抽屉重新打开即可），或改为「判为有效并保存」
2026-09-28 11:22:16 [XNIO-1 task-4] ERROR o.d.c.w.h.GlobalExceptionHandler - 补填的内容不符合要求：核验时不能改所挂样本（所挂样本核验时不能更换；石蜡块编号用请求顶层的 paraffinBlockNo）
2026-09-28 11:22:23 [XNIO-1 task-4] ERROR o.d.c.s.h.SaTokenExceptionHandler - 请求地址'/mp/int/embed/list',角色权限校验失败'无此角色：lqg_internal'
2026-09-28 11:22:24 [XNIO-1 task-4] ERROR o.d.c.w.h.GlobalExceptionHandler - 石蜡块编号「T-E01-1」已存在，请换一个
2026-09-28 11:22:24 [XNIO-1 task-4] ERROR o.d.c.w.h.GlobalExceptionHandler - 待核验 / 无效的送样不能通过普通保存修改（核验与改判只走 PUT /lqg/embed/{id}/verify）
2026-09-28 11:22:32 [XNIO-1 task-4] ERROR o.d.c.s.h.SaTokenExceptionHandler - 请求地址'/lqg/sample/export/tissue',权限码校验失败'无此权限：lqg:sample:export'
2026-09-28 11:22:38 [XNIO-1 task-4] ERROR o.d.c.w.h.GlobalExceptionHandler - 取走支数超过当前剩余（当前剩余 3 支，本次要 9 支）
2026-09-28 11:22:38 [XNIO-1 task-4] ERROR o.d.c.w.h.GlobalExceptionHandler - 盘点调整必须写原因
2026-09-28 11:22:38 [XNIO-1 task-4] ERROR o.d.c.w.h.GlobalExceptionHandler - 取走支数超过当前剩余（当前剩余 3 支，本次要 9 支）
2026-09-28 11:22:38 [XNIO-1 task-4] ERROR o.d.c.w.h.GlobalExceptionHandler - 取走支数必须是正整数（当前：-1）
2026-09-28 11:22:39 [XNIO-1 task-4] ERROR o.d.c.w.h.GlobalExceptionHandler - 登记类型不能改（要换类型请删掉重新登记）
2026-09-28 11:22:40 [XNIO-1 task-4] ERROR o.d.c.w.h.GlobalExceptionHandler - 冻存出入库登记不存在
2026-09-28 11:22:40 [XNIO-1 task-4] ERROR o.d.c.w.h.GlobalExceptionHandler - 这样改会让 08-29 11:22 那一笔（-6 支）之后的剩余变成 -1 支，没有保存
2026-09-28 11:22:40 [XNIO-1 task-4] ERROR o.d.c.w.h.GlobalExceptionHandler - 删掉这一笔会让 09-28 11:22 那一笔（-7 支）之后的剩余变成 -2 支，没有保存
2026-09-28 11:22:42 [XNIO-1 task-5] ERROR o.d.c.w.h.GlobalExceptionHandler - 取走支数超过当前剩余（当前剩余 0 支，本次要 2 支）
2026-09-28 11:22:42 [XNIO-1 task-3] ERROR o.d.c.w.h.GlobalExceptionHandler - 取走支数超过当前剩余（当前剩余 0 支，本次要 2 支）
2026-09-28 11:22:42 [XNIO-1 task-2] ERROR o.d.c.w.h.GlobalExceptionHandler - 取走支数超过当前剩余（当前剩余 0 支，本次要 2 支）
2026-09-28 11:22:42 [XNIO-1 task-4] ERROR o.d.c.w.h.GlobalExceptionHandler - 取走支数超过当前剩余（当前剩余 0 支，本次要 2 支）
2026-09-28 11:22:42 [XNIO-1 task-4] ERROR o.d.c.w.h.GlobalExceptionHandler - 转移至液氮时间（2020-01-01）不能早于冻存时间（2026-09-08）
2026-09-28 11:22:44 [XNIO-1 task-4] ERROR o.d.c.w.h.GlobalExceptionHandler - 代数格式不对，应形如 P3（P + 1~3 位数字）：3
2026-09-28 11:22:44 [XNIO-1 task-4] ERROR o.d.c.w.h.GlobalExceptionHandler - 冻存数量必须是正整数（当前：0）
2026-09-28 11:22:44 [XNIO-1 task-4] ERROR o.d.c.w.h.GlobalExceptionHandler - 直接进液氮（暂存 -80 选「否」）必须填液氮储存位置
2026-09-28 11:22:44 [XNIO-1 task-4] ERROR o.d.c.w.h.GlobalExceptionHandler - 冻存只能挂到已核验有效的样本（当前状态：pending）
2026-09-28 11:22:44 [XNIO-1 task-4] ERROR o.d.c.w.h.GlobalExceptionHandler - 转移至液氮时间（2026-09-01）不能早于冻存时间（2026-09-17）
2026-09-28 11:22:44 [XNIO-1 task-4] ERROR o.d.c.w.h.GlobalExceptionHandler - 已取走 2 支，冻存数量不能少于 2
2026-09-28 11:22:44 [XNIO-1 task-4] ERROR o.d.c.w.h.GlobalExceptionHandler - 该批次已有 1 笔出入库登记，不能删除（删了「谁取走了几支」就查不到了）
2026-09-28 11:22:47 [XNIO-1 task-4] ERROR o.d.c.w.h.GlobalExceptionHandler - 已取走 3 支，冻存数量不能少于 3
2026-09-28 11:22:47 [XNIO-1 task-4] ERROR o.d.c.s.h.SaTokenExceptionHandler - 请求地址'/mp/int/cryo/batch/list',角色权限校验失败'无此角色：lqg_internal'
2026-09-28 11:22:48 [XNIO-1 task-4] ERROR o.d.c.w.h.GlobalExceptionHandler - 请求地址'/mp/int/cryo/batch/9000003002/flow'不存在.
2026-09-28 11:22:48 [XNIO-1 task-4] ERROR o.d.c.w.h.GlobalExceptionHandler - 请求地址'/mp/int/cryo/batch/9000003001/flow/9000003101'不存在.
2026-09-28 11:22:48 [XNIO-1 task-4] ERROR o.d.c.w.h.GlobalExceptionHandler - 请求地址'/mp/int/cryo/batch/9000003001/flow/9000003101'不存在.
2026-09-28 11:22:48 [XNIO-1 task-4] ERROR o.d.c.w.h.GlobalExceptionHandler - 请求地址'/mp/int/cryo/batch/9000003001/to-ln2'不存在.
2026-09-28 11:22:49 [XNIO-1 task-4] ERROR o.d.c.s.h.SaTokenExceptionHandler - 请求地址'/mp/int/cryo/batch/9000003001/flows',角色权限校验失败'无此角色：lqg_internal'
2026-09-28 11:22:49 [XNIO-1 task-4] ERROR o.d.c.w.h.GlobalExceptionHandler - 这样改会让 09-28 09:00 那一笔（-3 支）之后的剩余变成 -1 支，没有保存
2026-09-28 11:22:49 [XNIO-1 task-4] ERROR o.d.c.s.h.SaTokenExceptionHandler - 请求地址'/lqg/cryo/batch/9000003002/flow',权限码校验失败'无此权限：lqg:cryo:flow'
2026-09-28 11:22:49 [XNIO-1 task-4] ERROR o.d.c.s.h.SaTokenExceptionHandler - 请求地址'/lqg/cryo/batch/9000003001/to-ln2',权限码校验失败'无此权限：lqg:cryo:edit'
2026-09-28 11:22:51 [XNIO-1 task-4] ERROR o.d.c.w.h.GlobalExceptionHandler - 冻存数量不能为空
2026-09-28 11:23:17 [XNIO-1 task-4] ERROR o.d.c.s.h.SaTokenExceptionHandler - 请求地址'/lqg/cryo/overdue',权限码校验失败'无此权限：lqg:cryo:list'
2026-09-28 11:23:29 [XNIO-1 task-4] ERROR o.d.c.w.h.GlobalExceptionHandler - 识别太频繁了，请稍后再试（每分钟最多 6 次）
2026-09-28 11:23:29 [XNIO-1 task-2] ERROR o.d.c.w.h.GlobalExceptionHandler - 识别太频繁了，请稍后再试（每分钟最多 6 次）
2026-09-28 11:33:44 [XNIO-1 task-4] ERROR o.d.c.w.h.GlobalExceptionHandler - 该档案的单位 / 组别是外部自填的，核验通过前必须二选一：「新建」（createUnit + createGroup）或「归并到已有」（unitId + groupId）
2026-09-28 11:33:44 [XNIO-1 task-4] ERROR o.d.c.w.h.GlobalExceptionHandler - 驳回必须填写原因
2026-09-28 11:33:44 [XNIO-1 task-4] ERROR o.d.c.w.h.GlobalExceptionHandler - 组别「类器官课题组」不属于单位「A 医院」
2026-09-28 11:33:44 [XNIO-1 task-4] ERROR o.d.c.s.h.SaTokenExceptionHandler - 请求地址'/mp/ext/profile',角色权限校验失败'无此角色：lqg_external'
2026-09-28 11:33:50 [XNIO-1 task-4] ERROR o.d.c.w.h.GlobalExceptionHandler - 参数校验异常
2026-09-28 11:33:52 [XNIO-1 task-4] ERROR o.d.c.s.h.SaTokenExceptionHandler - 请求地址'/mp/me',认证失败'token 无效：eyJhbGciOiJIUzI1NiIsInR5cCI6IkpXVCJ9.eyJsb2dpblR5cGUiOiJsb2dpbiIsImxvZ2luSWQiOiJhcHBfdXNlcjo5MDAwMDAwMTE2Iiwicm5TdHIiOiJVMlJ2Y1NuMGZmNDJ3dUVVUkdiNWxPc3ZZdGlNQlE1ZSIsImNsaWVudGlkIjoiMjJiMmFlY2QwNzEwNjcxNjkxZWMxYzA3ZjI1NDJiOWQiLCJ1c2VySWQiOjkwMDAwMDAxMTYsInVzZXJOYW1lIjoid3hfMTM4MDAwMDAwMTYifQ.0mnbZXQCZgiilbvVvOReODBepHvOltE_GXL3EQDa01A',无法访问系统资源
2026-09-28 11:33:52 [XNIO-1 task-4] ERROR o.d.c.w.h.GlobalExceptionHandler - 不能撤销自己的内部授权
2026-09-28 11:33:52 [XNIO-1 task-4] ERROR o.d.c.s.h.SaTokenExceptionHandler - 请求地址'/lqg/auth/staff',权限码校验失败'无此权限：lqg:auth:staff:list'
2026-09-28 11:33:52 [XNIO-1 task-4] ERROR o.d.c.s.h.SaTokenExceptionHandler - 请求地址'/mp/me',认证失败'token 无效：eyJhbGciOiJIUzI1NiIsInR5cCI6IkpXVCJ9.eyJsb2dpblR5cGUiOiJsb2dpbiIsImxvZ2luSWQiOiJzeXNfdXNlcjo5MDAwMDAwMTAxIiwicm5TdHIiOiIxZ29pZWJmU0lrZEQ4Qmw4V2VTY2NQV05PTHoyQ1FWRyIsImNsaWVudGlkIjoiMjJiMmFlY2QwNzEwNjcxNjkxZWMxYzA3ZjI1NDJiOWQiLCJ1c2VySWQiOjkwMDAwMDAxMDEsInVzZXJOYW1lIjoibHFnXzEzODAwMDAwMDAxIn0.6h7-UaAs6VtCcEQtZoHMK9tlHeJNV_D6nLu4h-YUcKY',无法访问系统资源
2026-09-28 11:33:52 [XNIO-1 task-4] ERROR o.d.c.s.h.SaTokenExceptionHandler - 请求地址'/lqg/auth/staff',认证失败'token 无效：eyJhbGciOiJIUzI1NiIsInR5cCI6IkpXVCJ9.eyJsb2dpblR5cGUiOiJsb2dpbiIsImxvZ2luSWQiOiJzeXNfdXNlcjo5MDAwMDAwMTAxIiwicm5TdHIiOiIxQjJwUWt1RWFXY3FCZ1MzMzdONUE3WHFxeWIwNThyQSIsImNsaWVudGlkIjoiMjJiMmFlY2QwNzEwNjcxNjkxZWMxYzA3ZjI1NDJiOWQiLCJ1c2VySWQiOjkwMDAwMDAxMDEsInVzZXJOYW1lIjoibHFnXzEzODAwMDAwMDAxIn0.9NhuCVUr0a8zpYCstsQ0qsCUaV94JnfS-9Je6yaP4hM',无法访问系统资源
2026-09-28 11:33:52 [XNIO-1 task-4] ERROR o.d.c.s.h.SaTokenExceptionHandler - 请求地址'/lqg/auth/staff',权限码校验失败'无此权限：lqg:auth:staff:list'
2026-09-28 11:33:54 [XNIO-1 task-4] ERROR o.d.c.w.h.GlobalExceptionHandler - 该账号无权登录工作台，请使用小程序登录
2026-09-28 11:33:54 [XNIO-1 task-4] ERROR o.d.c.w.h.GlobalExceptionHandler - 该账号不是内部人员
2026-09-28 11:33:56 [XNIO-1 task-4] ERROR o.d.c.s.h.SaTokenExceptionHandler - 请求地址'/lqg/sys/ping',认证失败'未能读取到有效 token',无法访问系统资源
2026-09-28 11:33:56 [XNIO-1 task-4] ERROR o.d.c.s.h.SaTokenExceptionHandler - 请求地址'/lqg/sys/ping',角色权限校验失败'无此角色：lqg_admin'
2026-09-28 11:34:24 [XNIO-1 task-4] ERROR o.d.c.w.h.GlobalExceptionHandler - 样本不存在
2026-09-28 11:34:24 [XNIO-1 task-4] ERROR o.d.c.w.h.GlobalExceptionHandler - 样本不存在
2026-09-28 11:34:24 [XNIO-1 task-4] ERROR o.d.c.w.h.GlobalExceptionHandler - 样本不存在
2026-09-28 11:34:24 [XNIO-1 task-4] ERROR o.d.c.w.h.GlobalExceptionHandler - 请求地址'/mp/ext/home'不存在.
2026-09-28 11:34:24 [XNIO-1 task-4] ERROR o.d.c.s.h.SaTokenExceptionHandler - 请求地址'/lqg/sample/list',权限码校验失败'无此权限：lqg:sample:list'
2026-09-28 11:34:24 [XNIO-1 task-4] ERROR o.d.c.s.h.SaTokenExceptionHandler - 请求地址'/mp/int/sample/list',角色权限校验失败'无此角色：lqg_internal'
2026-09-28 11:34:24 [XNIO-1 task-4] ERROR o.d.c.s.h.SaTokenExceptionHandler - 请求地址'/mp/ext/sample/list',角色权限校验失败'无此角色：lqg_external'
2026-09-28 11:34:25 [XNIO-1 task-4] ERROR o.d.c.w.h.GlobalExceptionHandler - 只能修改重提本人提交的样本（同组的样本可以看，但不能改）
2026-09-28 11:34:25 [XNIO-1 task-4] ERROR o.d.c.w.h.GlobalExceptionHandler - 样本当前状态不允许外部修改重提（只有待核验、无效的样本可以）
2026-09-28 11:34:26 [XNIO-1 task-4] ERROR o.d.c.w.h.GlobalExceptionHandler - 样本不存在
2026-09-28 11:34:26 [XNIO-1 task-4] ERROR o.d.c.w.h.GlobalExceptionHandler - 这条记录是「类器官」类样本，不能从「组织」的入口修改
2026-09-28 11:34:26 [XNIO-1 task-4] ERROR o.d.c.w.h.GlobalExceptionHandler - 提交的内容不符合要求：来源单位不能为空（请填写单位名称，或先在「我的 → 单位与组别」绑定单位，绑定后会自动带出）
2026-09-28 11:34:26 [XNIO-1 task-4] ERROR o.d.c.w.h.GlobalExceptionHandler - 提交的内容不符合要求：代数请填 P 加数字，如 P3
2026-09-28 11:34:30 [XNIO-1 task-4] ERROR o.d.c.w.h.GlobalExceptionHandler - 内部编号「T-hli01」已存在，请换一个
2026-09-28 11:34:30 [XNIO-1 task-4] ERROR o.d.c.w.h.GlobalExceptionHandler - 提交的内容不符合要求：类器官类型不能为空
2026-09-28 11:34:30 [XNIO-1 task-4] ERROR o.d.c.w.h.GlobalExceptionHandler - 提交的内容不符合要求：代数请填 P 加数字，如 P3
2026-09-28 11:34:37 [XNIO-1 task-4] ERROR o.d.c.s.h.SaTokenExceptionHandler - 请求地址'/mp/int/sample/list',角色权限校验失败'无此角色：lqg_internal'
2026-09-28 11:34:37 [XNIO-1 task-4] ERROR o.d.c.w.h.GlobalExceptionHandler - 待核验与无效的样本只能在网页工作台核验或改判，小程序里不能改
2026-09-28 11:34:38 [XNIO-1 task-4] ERROR o.d.c.w.h.GlobalExceptionHandler - 提交的内容不符合要求：组织类型不能为空
2026-09-28 11:34:39 [XNIO-1 task-4] ERROR o.d.c.w.h.GlobalExceptionHandler - 组织样本没有这些字段，不能修改：代数
2026-09-28 11:34:53 [XNIO-1 task-4] ERROR o.d.c.s.h.SaTokenExceptionHandler - 请求地址'/lqg/sample/9000001007/verify',权限码校验失败'无此权限：lqg:sample:verify'
2026-09-28 11:34:54 [XNIO-1 task-4] ERROR o.d.c.s.h.SaTokenExceptionHandler - 请求地址'/lqg/embed/9000002006/verify',权限码校验失败'无此权限：lqg:embed:verify'
2026-09-28 11:34:54 [XNIO-1 task-4] ERROR o.d.c.w.h.GlobalExceptionHandler - 判无效必须写原因
2026-09-28 11:34:54 [XNIO-1 task-4] ERROR o.d.c.w.h.GlobalExceptionHandler - 内部编号「T-hli01」已存在，请换一个
2026-09-28 11:34:54 [XNIO-1 task-4] ERROR o.d.c.w.h.GlobalExceptionHandler - 所挂样本还未核验有效（当前状态：pending），不能判为有效
2026-09-28 11:34:55 [XNIO-1 task-4] ERROR o.d.c.w.h.GlobalExceptionHandler - 判有效必须同时给收样日期与内部编号，缺少：内部编号
2026-09-28 11:34:55 [XNIO-1 task-4] ERROR o.d.c.w.h.GlobalExceptionHandler - 内部编号「T-hli01」已存在，请换一个
2026-09-28 11:34:55 [XNIO-1 task-4] ERROR o.d.c.w.h.GlobalExceptionHandler - 判无效必须写原因
2026-09-28 11:34:59 [XNIO-1 task-4] ERROR o.d.c.w.h.GlobalExceptionHandler - 提交的内容不符合要求：组织类型不能为空
2026-09-28 11:34:59 [XNIO-1 task-4] ERROR o.d.c.w.h.GlobalExceptionHandler - 判有效必须同时给收样日期与内部编号，缺少：内部编号
2026-09-28 11:35:00 [XNIO-1 task-4] ERROR o.d.c.w.h.GlobalExceptionHandler - 提交的内容不符合要求：代数请填 P 加数字，如 P3
2026-09-28 11:35:08 [XNIO-1 task-4] ERROR o.d.c.w.h.GlobalExceptionHandler - 样本不存在
2026-09-28 11:35:08 [XNIO-1 task-4] ERROR o.d.c.w.h.GlobalExceptionHandler - 石蜡包埋记录不存在
2026-09-28 11:35:08 [XNIO-1 task-4] ERROR o.d.c.w.h.GlobalExceptionHandler - 石蜡包埋记录不存在
2026-09-28 11:35:08 [XNIO-1 task-4] ERROR o.d.c.w.h.GlobalExceptionHandler - 石蜡包埋记录不存在
2026-09-28 11:35:08 [XNIO-1 task-4] ERROR o.d.c.s.h.SaTokenExceptionHandler - 请求地址'/system/config/list',权限码校验失败'无此权限：system:config:list'
2026-09-28 11:35:12 [XNIO-1 task-4] ERROR o.d.c.w.h.GlobalExceptionHandler - 只能挂本人送检过的样本（同组的样本可以看，但不能替他送样）
2026-09-28 11:35:12 [XNIO-1 task-4] ERROR o.d.c.w.h.GlobalExceptionHandler - 这条样本已判无效，不能提交石蜡包埋送样
2026-09-28 11:35:12 [XNIO-1 task-4] ERROR o.d.c.w.h.GlobalExceptionHandler - 样本不存在
2026-09-28 11:35:12 [XNIO-1 task-4] ERROR o.d.c.w.h.GlobalExceptionHandler - 样本不存在
2026-09-28 11:35:12 [XNIO-1 task-4] ERROR o.d.c.w.h.GlobalExceptionHandler - 样本不存在
2026-09-28 11:35:13 [XNIO-1 task-4] ERROR o.d.c.w.h.GlobalExceptionHandler - 只能修改重提本人提交的送样（同组的可以看，但不能改）
2026-09-28 11:35:13 [XNIO-1 task-4] ERROR o.d.c.w.h.GlobalExceptionHandler - 只能修改重提本人提交的送样（同组的可以看，但不能改）
2026-09-28 11:35:13 [XNIO-1 task-4] ERROR o.d.c.w.h.GlobalExceptionHandler - 石蜡包埋记录不存在
2026-09-28 11:35:13 [XNIO-1 task-4] ERROR o.d.c.w.h.GlobalExceptionHandler - 石蜡包埋记录不存在
2026-09-28 11:35:13 [XNIO-1 task-4] ERROR o.d.c.w.h.GlobalExceptionHandler - 石蜡包埋记录不存在
2026-09-28 11:35:28 [XNIO-1 task-4] ERROR o.d.c.w.h.GlobalExceptionHandler - 「无染色」与其余染色互斥，不能同时选
2026-09-28 11:35:28 [XNIO-1 task-4] ERROR o.d.c.w.h.GlobalExceptionHandler - 选了「其他」必须写具体染色名称
2026-09-28 11:35:28 [XNIO-1 task-4] ERROR o.d.c.w.h.GlobalExceptionHandler - 染色「PAS」不在字典 lqg_stain_type 里（只能是 HE / IF / IHC / OTHER / NONE）
2026-09-28 11:35:28 [XNIO-1 task-4] ERROR o.d.c.w.h.GlobalExceptionHandler - 内部录入只能挂到已核验有效的样本（当前状态：pending）
2026-09-28 11:35:28 [XNIO-1 task-4] ERROR o.d.c.w.h.GlobalExceptionHandler - 石蜡块编号「T-E01-1」已存在，请换一个
2026-09-28 11:35:28 [XNIO-1 task-4] ERROR o.d.c.w.h.GlobalExceptionHandler - 内部录入石蜡包埋必须填石蜡块编号
2026-09-28 11:35:28 [XNIO-1 task-4] ERROR o.d.c.w.h.GlobalExceptionHandler - 该样本名下已有包埋 / 冻存 / 质控文档，不能改判无效
2026-09-28 11:35:31 [XNIO-1 task-4] ERROR o.d.c.w.h.GlobalExceptionHandler - 所挂样本还未核验有效（当前状态：pending），不能判为有效
2026-09-28 11:35:31 [XNIO-1 task-4] ERROR o.d.c.w.h.GlobalExceptionHandler - 判无效必须写原因
2026-09-28 11:35:31 [XNIO-1 task-4] ERROR o.d.c.w.h.GlobalExceptionHandler - 待核验 / 无效的送样不能通过普通保存修改（核验与改判只走 PUT /lqg/embed/{id}/verify）
2026-09-28 11:35:31 [XNIO-1 task-4] ERROR o.d.c.w.h.GlobalExceptionHandler - 判有效必须填石蜡块编号
2026-09-28 11:35:31 [XNIO-1 task-4] ERROR o.d.c.w.h.GlobalExceptionHandler - 石蜡块编号「T-E01-1」已存在，请换一个
2026-09-28 11:35:33 [XNIO-1 task-4] ERROR o.d.c.w.h.GlobalExceptionHandler - 石蜡包埋记录不存在
2026-09-28 11:35:33 [XNIO-1 task-4] ERROR o.d.c.w.h.GlobalExceptionHandler - 石蜡包埋记录不存在
2026-09-28 11:35:33 [XNIO-1 task-4] ERROR o.d.c.w.h.GlobalExceptionHandler - 石蜡包埋记录不存在
2026-09-28 11:35:33 [XNIO-1 task-4] ERROR o.d.c.w.h.GlobalExceptionHandler - 样本不存在
2026-09-28 11:35:33 [XNIO-1 task-4] ERROR o.d.c.w.h.GlobalExceptionHandler - 样本不存在
2026-09-28 11:35:33 [XNIO-1 task-4] ERROR o.d.c.w.h.GlobalExceptionHandler - 样本不存在
2026-09-28 11:35:33 [XNIO-1 task-4] ERROR o.d.c.w.h.GlobalExceptionHandler - 石蜡包埋记录不存在
2026-09-28 11:35:33 [XNIO-1 task-4] ERROR o.d.c.w.h.GlobalExceptionHandler - 石蜡包埋记录不存在
2026-09-28 11:35:33 [XNIO-1 task-4] ERROR o.d.c.w.h.GlobalExceptionHandler - 石蜡包埋记录不存在
2026-09-28 11:35:33 [XNIO-1 task-4] ERROR o.d.c.w.h.GlobalExceptionHandler - 只能修改重提本人提交的送样（同组的可以看，但不能改）
2026-09-28 11:35:33 [XNIO-1 task-4] ERROR o.d.c.w.h.GlobalExceptionHandler - 只能挂本人送检过的样本（同组的样本可以看，但不能替他送样）
2026-09-28 11:35:33 [XNIO-1 task-4] ERROR o.d.c.w.h.GlobalExceptionHandler - 这条样本已判无效，不能提交石蜡包埋送样
2026-09-28 11:35:35 [XNIO-1 task-4] ERROR o.d.c.w.h.GlobalExceptionHandler - 「无染色」与其余染色互斥，不能同时选
2026-09-28 11:35:35 [XNIO-1 task-4] ERROR o.d.c.w.h.GlobalExceptionHandler - 判为无效只保存原因，以及样本类型、类器官来源类型的更正；脱水时间、染色是核验有效后才补填的，这次不会保存——请撤销这些改动（关掉抽屉重新打开即可），或改为「判为有效并保存」
2026-09-28 11:35:35 [XNIO-1 task-4] ERROR o.d.c.w.h.GlobalExceptionHandler - 补填的内容不符合要求：核验时不能改所挂样本（所挂样本核验时不能更换；石蜡块编号用请求顶层的 paraffinBlockNo）
2026-09-28 11:35:41 [XNIO-1 task-4] ERROR o.d.c.s.h.SaTokenExceptionHandler - 请求地址'/mp/int/embed/list',角色权限校验失败'无此角色：lqg_internal'
2026-09-28 11:35:43 [XNIO-1 task-4] ERROR o.d.c.w.h.GlobalExceptionHandler - 石蜡块编号「T-E01-1」已存在，请换一个
2026-09-28 11:35:43 [XNIO-1 task-4] ERROR o.d.c.w.h.GlobalExceptionHandler - 待核验 / 无效的送样不能通过普通保存修改（核验与改判只走 PUT /lqg/embed/{id}/verify）
2026-09-28 11:35:51 [XNIO-1 task-4] ERROR o.d.c.s.h.SaTokenExceptionHandler - 请求地址'/lqg/sample/export/tissue',权限码校验失败'无此权限：lqg:sample:export'
2026-09-28 11:35:57 [XNIO-1 task-4] ERROR o.d.c.w.h.GlobalExceptionHandler - 取走支数超过当前剩余（当前剩余 3 支，本次要 9 支）
2026-09-28 11:35:57 [XNIO-1 task-4] ERROR o.d.c.w.h.GlobalExceptionHandler - 盘点调整必须写原因
2026-09-28 11:35:57 [XNIO-1 task-4] ERROR o.d.c.w.h.GlobalExceptionHandler - 取走支数超过当前剩余（当前剩余 3 支，本次要 9 支）
2026-09-28 11:35:57 [XNIO-1 task-4] ERROR o.d.c.w.h.GlobalExceptionHandler - 取走支数必须是正整数（当前：-1）
2026-09-28 11:35:58 [XNIO-1 task-4] ERROR o.d.c.w.h.GlobalExceptionHandler - 登记类型不能改（要换类型请删掉重新登记）
2026-09-28 11:35:58 [XNIO-1 task-4] ERROR o.d.c.w.h.GlobalExceptionHandler - 冻存出入库登记不存在
2026-09-28 11:35:59 [XNIO-1 task-4] ERROR o.d.c.w.h.GlobalExceptionHandler - 这样改会让 08-29 11:35 那一笔（-6 支）之后的剩余变成 -1 支，没有保存
2026-09-28 11:35:59 [XNIO-1 task-4] ERROR o.d.c.w.h.GlobalExceptionHandler - 删掉这一笔会让 09-28 11:35 那一笔（-7 支）之后的剩余变成 -2 支，没有保存
2026-09-28 11:36:00 [XNIO-1 task-4] ERROR o.d.c.w.h.GlobalExceptionHandler - 取走支数超过当前剩余（当前剩余 0 支，本次要 2 支）
2026-09-28 11:36:00 [XNIO-1 task-6] ERROR o.d.c.w.h.GlobalExceptionHandler - 取走支数超过当前剩余（当前剩余 0 支，本次要 2 支）
2026-09-28 11:36:00 [XNIO-1 task-5] ERROR o.d.c.w.h.GlobalExceptionHandler - 取走支数超过当前剩余（当前剩余 0 支，本次要 2 支）
2026-09-28 11:36:00 [XNIO-1 task-3] ERROR o.d.c.w.h.GlobalExceptionHandler - 取走支数超过当前剩余（当前剩余 0 支，本次要 2 支）
2026-09-28 11:36:01 [XNIO-1 task-3] ERROR o.d.c.w.h.GlobalExceptionHandler - 转移至液氮时间（2020-01-01）不能早于冻存时间（2026-09-08）
2026-09-28 11:36:02 [XNIO-1 task-3] ERROR o.d.c.w.h.GlobalExceptionHandler - 代数格式不对，应形如 P3（P + 1~3 位数字）：3
2026-09-28 11:36:02 [XNIO-1 task-3] ERROR o.d.c.w.h.GlobalExceptionHandler - 冻存数量必须是正整数（当前：0）
2026-09-28 11:36:02 [XNIO-1 task-3] ERROR o.d.c.w.h.GlobalExceptionHandler - 直接进液氮（暂存 -80 选「否」）必须填液氮储存位置
2026-09-28 11:36:02 [XNIO-1 task-3] ERROR o.d.c.w.h.GlobalExceptionHandler - 冻存只能挂到已核验有效的样本（当前状态：pending）
2026-09-28 11:36:02 [XNIO-1 task-3] ERROR o.d.c.w.h.GlobalExceptionHandler - 转移至液氮时间（2026-09-01）不能早于冻存时间（2026-09-17）
2026-09-28 11:36:03 [XNIO-1 task-3] ERROR o.d.c.w.h.GlobalExceptionHandler - 已取走 2 支，冻存数量不能少于 2
2026-09-28 11:36:03 [XNIO-1 task-3] ERROR o.d.c.w.h.GlobalExceptionHandler - 该批次已有 1 笔出入库登记，不能删除（删了「谁取走了几支」就查不到了）
2026-09-28 11:36:05 [XNIO-1 task-3] ERROR o.d.c.w.h.GlobalExceptionHandler - 已取走 3 支，冻存数量不能少于 3
2026-09-28 11:36:06 [XNIO-1 task-3] ERROR o.d.c.s.h.SaTokenExceptionHandler - 请求地址'/mp/int/cryo/batch/list',角色权限校验失败'无此角色：lqg_internal'
2026-09-28 11:36:07 [XNIO-1 task-3] ERROR o.d.c.w.h.GlobalExceptionHandler - 请求地址'/mp/int/cryo/batch/9000003002/flow'不存在.
2026-09-28 11:36:07 [XNIO-1 task-3] ERROR o.d.c.w.h.GlobalExceptionHandler - 请求地址'/mp/int/cryo/batch/9000003001/flow/9000003101'不存在.
2026-09-28 11:36:07 [XNIO-1 task-3] ERROR o.d.c.w.h.GlobalExceptionHandler - 请求地址'/mp/int/cryo/batch/9000003001/flow/9000003101'不存在.
2026-09-28 11:36:07 [XNIO-1 task-3] ERROR o.d.c.w.h.GlobalExceptionHandler - 请求地址'/mp/int/cryo/batch/9000003001/to-ln2'不存在.
2026-09-28 11:36:07 [XNIO-1 task-3] ERROR o.d.c.s.h.SaTokenExceptionHandler - 请求地址'/mp/int/cryo/batch/9000003001/flows',角色权限校验失败'无此角色：lqg_internal'
2026-09-28 11:36:07 [XNIO-1 task-3] ERROR o.d.c.w.h.GlobalExceptionHandler - 这样改会让 09-28 09:00 那一笔（-3 支）之后的剩余变成 -1 支，没有保存
2026-09-28 11:36:08 [XNIO-1 task-3] ERROR o.d.c.s.h.SaTokenExceptionHandler - 请求地址'/lqg/cryo/batch/9000003002/flow',权限码校验失败'无此权限：lqg:cryo:flow'
2026-09-28 11:36:08 [XNIO-1 task-3] ERROR o.d.c.s.h.SaTokenExceptionHandler - 请求地址'/lqg/cryo/batch/9000003001/to-ln2',权限码校验失败'无此权限：lqg:cryo:edit'
2026-09-28 11:36:09 [XNIO-1 task-3] ERROR o.d.c.w.h.GlobalExceptionHandler - 冻存数量不能为空
2026-09-28 11:36:37 [XNIO-1 task-3] ERROR o.d.c.s.h.SaTokenExceptionHandler - 请求地址'/lqg/cryo/overdue',权限码校验失败'无此权限：lqg:cryo:list'
2026-09-28 11:36:49 [XNIO-1 task-3] ERROR o.d.c.w.h.GlobalExceptionHandler - 识别太频繁了，请稍后再试（每分钟最多 6 次）
2026-09-28 11:36:49 [XNIO-1 task-5] ERROR o.d.c.w.h.GlobalExceptionHandler - 识别太频繁了，请稍后再试（每分钟最多 6 次）
2026-09-28 11:38:36 [XNIO-1 task-5] ERROR o.d.c.w.h.GlobalExceptionHandler - 这份文档还没生成，请先在质控文档页点「预览」
2026-09-28 11:38:51 [XNIO-1 task-3] ERROR o.d.c.w.h.GlobalExceptionHandler - 文档不存在
2026-09-28 11:39:03 [XNIO-1 task-5] ERROR o.d.c.w.h.GlobalExceptionHandler - 「培养前样本评分」没有档位 gt999（合法档位：gt80 / lt40 / 40to80）
2026-09-28 11:39:05 [XNIO-1 task-5] ERROR o.d.c.w.h.GlobalExceptionHandler - 质控文档只能对已核验有效的样本打开（当前状态：pending）
2026-09-28 11:39:05 [XNIO-1 task-5] ERROR o.d.c.w.h.GlobalExceptionHandler - 图片位 orig 已有 3 张，最多 3 张
2026-09-28 11:39:05 [XNIO-1 task-5] ERROR o.d.c.w.h.GlobalExceptionHandler - 图片位 organoid_observe 不属于 sample_qc（它只有：orig / observe / pretreat）
2026-09-28 11:39:05 [XNIO-1 task-5] ERROR o.d.c.w.h.GlobalExceptionHandler - 图片位 orig 不属于 organoid_score（它只有：没有图片位）
2026-09-28 11:39:53 [XNIO-1 task-5] ERROR o.d.c.w.h.GlobalExceptionHandler - 样本不存在
2026-09-28 11:39:54 [XNIO-1 task-5] ERROR o.d.c.w.h.GlobalExceptionHandler - 文档不存在
2026-09-28 11:39:54 [XNIO-1 task-5] ERROR o.d.c.w.h.GlobalExceptionHandler - 文档不存在
2026-09-28 11:40:13 [XNIO-1 task-3] ERROR o.d.c.s.h.SaTokenExceptionHandler - 请求地址'/lqg/doc/9000001001/organoid_score/pages',权限码校验失败'无此权限：lqg:doc:query'
2026-09-28 11:40:45 [XNIO-1 task-3] ERROR o.d.lqg.doc.pdf.DocPagesService - 外部预览：图片/附件指向了别的样本或内部版的渲染产物，拒绝签发 sampleId=9000001005 ossId=2104415864261398529 key=lqg/doc/9000001005/sample_qc/internal/238cdbbe75fd.docx
2026-09-28 11:40:45 [XNIO-1 task-3] ERROR o.d.c.w.h.GlobalExceptionHandler - 样本不存在
2026-09-28 11:40:56 [XNIO-1 task-3] ERROR o.d.c.s.h.SaTokenExceptionHandler - 请求地址'/mp/int/doc/list',角色权限校验失败'无此角色：lqg_internal'
2026-09-28 11:41:03 [XNIO-1 task-5] ERROR o.d.c.w.h.GlobalExceptionHandler - 这份文档还没完成，没什么可撤回的
2026-09-28 11:41:03 [XNIO-1 task-5] ERROR o.d.c.w.h.GlobalExceptionHandler - 这份文档还没完成，没什么可撤回的
2026-09-28 11:41:21 [XNIO-1 task-5] ERROR o.d.c.s.h.SaTokenExceptionHandler - 请求地址'/mp/int/doc/9000001006/organoid_score/pages',角色权限校验失败'无此角色：lqg_internal'
2026-09-28 11:41:22 [XNIO-1 task-5] ERROR o.d.c.w.h.GlobalExceptionHandler - 这份文档还没完成，没什么可撤回的
2026-09-28 11:41:22 [XNIO-1 task-5] ERROR o.d.c.w.h.GlobalExceptionHandler - 这份文档已经完成并同步过了，不用再点一次
2026-09-28 11:41:55 [XNIO-1 task-5] ERROR o.d.c.w.h.GlobalExceptionHandler - 这份文档还没完成，没什么可撤回的
2026-09-28 11:41:55 [XNIO-1 task-5] ERROR o.d.c.w.h.GlobalExceptionHandler - 这份文档还没完成，没什么可撤回的
2026-09-28 11:42:05 [XNIO-1 task-3] ERROR o.d.c.w.h.GlobalExceptionHandler - 合并件正在按最新的已完成文档重新生成，请稍后再下载
2026-09-28 11:42:10 [XNIO-1 task-3] ERROR o.d.c.w.h.GlobalExceptionHandler - 这份文档还没完成，没什么可撤回的
2026-09-28 11:42:10 [XNIO-1 task-3] ERROR o.d.c.w.h.GlobalExceptionHandler - 这份文档还没完成，没什么可撤回的
2026-09-28 11:43:31 [XNIO-1 task-3] ERROR o.d.c.s.h.SaTokenExceptionHandler - 请求地址'/mp/int/export/tissue',认证失败'未能读取到有效 token',无法访问系统资源
2026-09-28 11:43:53 [XNIO-1 task-3] ERROR o.d.c.w.h.GlobalExceptionHandler - 样本不存在
2026-09-28 11:43:53 [XNIO-1 task-3] ERROR o.d.c.w.h.GlobalExceptionHandler - 文档不存在
2026-09-28 11:43:53 [XNIO-1 task-3] ERROR o.d.c.w.h.GlobalExceptionHandler - 文档不存在
2026-09-28 11:44:13 [XNIO-1 task-5] ERROR o.d.c.s.h.SaTokenExceptionHandler - 请求地址'/lqg/doc/9000001001/organoid_score/pages',权限码校验失败'无此权限：lqg:doc:query'
2026-09-28 11:44:45 [XNIO-1 task-5] ERROR o.d.lqg.doc.pdf.DocPagesService - 外部预览：图片/附件指向了别的样本或内部版的渲染产物，拒绝签发 sampleId=9000001005 ossId=2104416871812911105 key=lqg/doc/9000001005/sample_qc/internal/644a326f8b84.docx
2026-09-28 11:44:45 [XNIO-1 task-5] ERROR o.d.c.w.h.GlobalExceptionHandler - 样本不存在
2026-09-28 11:44:57 [XNIO-1 task-5] ERROR o.d.c.s.h.SaTokenExceptionHandler - 请求地址'/mp/int/doc/list',角色权限校验失败'无此角色：lqg_internal'
2026-09-28 11:45:04 [XNIO-1 task-5] ERROR o.d.c.w.h.GlobalExceptionHandler - 这份文档还没完成，没什么可撤回的
2026-09-28 11:45:04 [XNIO-1 task-5] ERROR o.d.c.w.h.GlobalExceptionHandler - 这份文档还没完成，没什么可撤回的
2026-09-28 11:45:22 [XNIO-1 task-5] ERROR o.d.c.s.h.SaTokenExceptionHandler - 请求地址'/mp/int/doc/9000001006/organoid_score/pages',角色权限校验失败'无此角色：lqg_internal'
2026-09-28 11:45:23 [XNIO-1 task-5] ERROR o.d.c.w.h.GlobalExceptionHandler - 这份文档还没完成，没什么可撤回的
2026-09-28 11:45:23 [XNIO-1 task-5] ERROR o.d.c.w.h.GlobalExceptionHandler - 这份文档已经完成并同步过了，不用再点一次
2026-09-28 11:45:56 [XNIO-1 task-5] ERROR o.d.c.w.h.GlobalExceptionHandler - 这份文档还没完成，没什么可撤回的
2026-09-28 11:45:57 [XNIO-1 task-5] ERROR o.d.c.w.h.GlobalExceptionHandler - 这份文档还没完成，没什么可撤回的
2026-09-28 11:46:07 [XNIO-1 task-3] ERROR o.d.c.w.h.GlobalExceptionHandler - 合并件正在按最新的已完成文档重新生成，请稍后再下载
2026-09-28 11:46:12 [XNIO-1 task-3] ERROR o.d.c.w.h.GlobalExceptionHandler - 这份文档还没完成，没什么可撤回的
2026-09-28 11:46:12 [XNIO-1 task-3] ERROR o.d.c.w.h.GlobalExceptionHandler - 这份文档还没完成，没什么可撤回的
2026-09-28 11:47:33 [XNIO-1 task-3] ERROR o.d.c.s.h.SaTokenExceptionHandler - 请求地址'/mp/int/export/tissue',认证失败'未能读取到有效 token',无法访问系统资源
2026-09-28 11:50:00 [XNIO-1 task-3] ERROR o.d.c.w.h.GlobalExceptionHandler - mock 身份「admin」不在允许清单里（lqg.auth.mock-identities）
2026-09-28 11:51:21 [XNIO-1 task-2] ERROR o.d.c.s.h.SaTokenExceptionHandler - 请求地址'/lqg/sys/ping',认证失败'未能读取到有效 token',无法访问系统资源
