==================== java-full-test ====================
GREEN  java-full-test
==================== embed001-acc1 ====================
GREEN  embed001-acc1
==================== embed001-acc2 ====================
GREEN  embed001-acc2
==================== embedweb001-acc1 ====================
GREEN  embedweb001-acc1
==================== embedweb001-acc2 ====================
GREEN  embedweb001-acc2
==================== web001-acc1 ====================
GREEN  web001-acc1
==================== mp002-acc2 ====================
GREEN  mp002-acc2
==================== sampleexp001-acc1 ====================
GREEN  sampleexp001-acc1
==================== d1-verify ====================
RED    d1-verify（rc=1）—— 末 12 行：
  [32m✓[0m L1.3c 角色换成内部、微信绑定原样（2 行）
  [32m✓[0m L1.3c 升级后同一微信号再登：identity=internal
  [32m✓[0m L1.3d 先授权后首登：授权建号 upgraded=false
  [32m✓[0m L1.3d 该手机号首次微信登录：identity=internal（认到授权建出的账号）
  [32m✓[0m L1.3d 授权 + 首登后同手机号仍 1 行

[1m═══ 汇总 ═══[0m
[31m失败 1 条：[0m
  - L1.1 D1 的 7 支迁移全部记录在案（D1 无迁移的只有 SYS-MP-001） → [FAIL] 期望 '7'，实际 '14' 14

[1m收尾[0m
  已 reseed + 清孤儿账号（含回归手机号 13800000097 / 13800000098）+ 清 token 缓存

==================== 汇总 ====================
green=8 red=1
  - d1-verify
